Archive member included to satisfy reference by file (symbol)

e:/programs/stm32cubeide/stm32cubeide_1.5.0/stm32cubeide/plugins/com.st.stm32cube.ide.mcu.externaltools.gnu-tools-for-stm32.7-2018-q2-update.win32_1.5.0.202011040924/tools/bin/../lib/gcc/arm-none-eabi/7.3.1/../../../../arm-none-eabi/lib/thumb/v6-m\libc_nano.a(lib_a-errno.o)
                              Core/Src/syscalls.o (__errno)
e:/programs/stm32cubeide/stm32cubeide_1.5.0/stm32cubeide/plugins/com.st.stm32cube.ide.mcu.externaltools.gnu-tools-for-stm32.7-2018-q2-update.win32_1.5.0.202011040924/tools/bin/../lib/gcc/arm-none-eabi/7.3.1/../../../../arm-none-eabi/lib/thumb/v6-m\libc_nano.a(lib_a-exit.o)
                              e:/programs/stm32cubeide/stm32cubeide_1.5.0/stm32cubeide/plugins/com.st.stm32cube.ide.mcu.externaltools.gnu-tools-for-stm32.7-2018-q2-update.win32_1.5.0.202011040924/tools/bin/../lib/gcc/arm-none-eabi/7.3.1/../../../../arm-none-eabi/lib/thumb/v6-m/crt0.o (exit)
e:/programs/stm32cubeide/stm32cubeide_1.5.0/stm32cubeide/plugins/com.st.stm32cube.ide.mcu.externaltools.gnu-tools-for-stm32.7-2018-q2-update.win32_1.5.0.202011040924/tools/bin/../lib/gcc/arm-none-eabi/7.3.1/../../../../arm-none-eabi/lib/thumb/v6-m\libc_nano.a(lib_a-impure.o)
                              e:/programs/stm32cubeide/stm32cubeide_1.5.0/stm32cubeide/plugins/com.st.stm32cube.ide.mcu.externaltools.gnu-tools-for-stm32.7-2018-q2-update.win32_1.5.0.202011040924/tools/bin/../lib/gcc/arm-none-eabi/7.3.1/../../../../arm-none-eabi/lib/thumb/v6-m\libc_nano.a(lib_a-exit.o) (_global_impure_ptr)
e:/programs/stm32cubeide/stm32cubeide_1.5.0/stm32cubeide/plugins/com.st.stm32cube.ide.mcu.externaltools.gnu-tools-for-stm32.7-2018-q2-update.win32_1.5.0.202011040924/tools/bin/../lib/gcc/arm-none-eabi/7.3.1/../../../../arm-none-eabi/lib/thumb/v6-m\libc_nano.a(lib_a-init.o)
                              e:/programs/stm32cubeide/stm32cubeide_1.5.0/stm32cubeide/plugins/com.st.stm32cube.ide.mcu.externaltools.gnu-tools-for-stm32.7-2018-q2-update.win32_1.5.0.202011040924/tools/bin/../lib/gcc/arm-none-eabi/7.3.1/../../../../arm-none-eabi/lib/thumb/v6-m/crt0.o (__libc_init_array)
e:/programs/stm32cubeide/stm32cubeide_1.5.0/stm32cubeide/plugins/com.st.stm32cube.ide.mcu.externaltools.gnu-tools-for-stm32.7-2018-q2-update.win32_1.5.0.202011040924/tools/bin/../lib/gcc/arm-none-eabi/7.3.1/../../../../arm-none-eabi/lib/thumb/v6-m\libc_nano.a(lib_a-memset.o)
                              e:/programs/stm32cubeide/stm32cubeide_1.5.0/stm32cubeide/plugins/com.st.stm32cube.ide.mcu.externaltools.gnu-tools-for-stm32.7-2018-q2-update.win32_1.5.0.202011040924/tools/bin/../lib/gcc/arm-none-eabi/7.3.1/../../../../arm-none-eabi/lib/thumb/v6-m/crt0.o (memset)
e:/programs/stm32cubeide/stm32cubeide_1.5.0/stm32cubeide/plugins/com.st.stm32cube.ide.mcu.externaltools.gnu-tools-for-stm32.7-2018-q2-update.win32_1.5.0.202011040924/tools/bin/../lib/gcc/arm-none-eabi/7.3.1/../../../../arm-none-eabi/lib/thumb/v6-m\libc_nano.a(lib_a-sprintf.o)
                              Core/Src/fsm.o (sprintf)
e:/programs/stm32cubeide/stm32cubeide_1.5.0/stm32cubeide/plugins/com.st.stm32cube.ide.mcu.externaltools.gnu-tools-for-stm32.7-2018-q2-update.win32_1.5.0.202011040924/tools/bin/../lib/gcc/arm-none-eabi/7.3.1/../../../../arm-none-eabi/lib/thumb/v6-m\libc_nano.a(lib_a-nano-svfprintf.o)
                              e:/programs/stm32cubeide/stm32cubeide_1.5.0/stm32cubeide/plugins/com.st.stm32cube.ide.mcu.externaltools.gnu-tools-for-stm32.7-2018-q2-update.win32_1.5.0.202011040924/tools/bin/../lib/gcc/arm-none-eabi/7.3.1/../../../../arm-none-eabi/lib/thumb/v6-m\libc_nano.a(lib_a-sprintf.o) (_svfprintf_r)
e:/programs/stm32cubeide/stm32cubeide_1.5.0/stm32cubeide/plugins/com.st.stm32cube.ide.mcu.externaltools.gnu-tools-for-stm32.7-2018-q2-update.win32_1.5.0.202011040924/tools/bin/../lib/gcc/arm-none-eabi/7.3.1/../../../../arm-none-eabi/lib/thumb/v6-m\libc_nano.a(lib_a-nano-vfprintf_i.o)
                              e:/programs/stm32cubeide/stm32cubeide_1.5.0/stm32cubeide/plugins/com.st.stm32cube.ide.mcu.externaltools.gnu-tools-for-stm32.7-2018-q2-update.win32_1.5.0.202011040924/tools/bin/../lib/gcc/arm-none-eabi/7.3.1/../../../../arm-none-eabi/lib/thumb/v6-m\libc_nano.a(lib_a-nano-svfprintf.o) (_printf_i)
e:/programs/stm32cubeide/stm32cubeide_1.5.0/stm32cubeide/plugins/com.st.stm32cube.ide.mcu.externaltools.gnu-tools-for-stm32.7-2018-q2-update.win32_1.5.0.202011040924/tools/bin/../lib/gcc/arm-none-eabi/7.3.1/../../../../arm-none-eabi/lib/thumb/v6-m\libc_nano.a(lib_a-memchr-stub.o)
                              e:/programs/stm32cubeide/stm32cubeide_1.5.0/stm32cubeide/plugins/com.st.stm32cube.ide.mcu.externaltools.gnu-tools-for-stm32.7-2018-q2-update.win32_1.5.0.202011040924/tools/bin/../lib/gcc/arm-none-eabi/7.3.1/../../../../arm-none-eabi/lib/thumb/v6-m\libc_nano.a(lib_a-nano-svfprintf.o) (memchr)
[...]
Memory Configuration

Name             Origin             Length             Attributes
RAM              0x0000000020000000 0x0000000000002000 xrw
FLASH            0x0000000008000000 0x0000000000008000 xr
*default*        0x0000000000000000 0xffffffffffffffff

Linker script and memory map

LOAD e:/programs/stm32cubeide/stm32cubeide_1.5.0/stm32cubeide/plugins/com.st.stm32cube.ide.mcu.externaltools.gnu-tools-for-stm32.7-2018-q2-update.win32_1.5.0.202011040924/tools/bin/../lib/gcc/arm-none-eabi/7.3.1/thumb/v6-m/crti.o
LOAD e:/programs/stm32cubeide/stm32cubeide_1.5.0/stm32cubeide/plugins/com.st.stm32cube.ide.mcu.externaltools.gnu-tools-for-stm32.7-2018-q2-update.win32_1.5.0.202011040924/tools/bin/../lib/gcc/arm-none-eabi/7.3.1/thumb/v6-m/crtbegin.o
LOAD e:/programs/stm32cubeide/stm32cubeide_1.5.0/stm32cubeide/plugins/com.st.stm32cube.ide.mcu.externaltools.gnu-tools-for-stm32.7-2018-q2-update.win32_1.5.0.202011040924/tools/bin/../lib/gcc/arm-none-eabi/7.3.1/../../../../arm-none-eabi/lib/thumb/v6-m/crt0.o
LOAD Core/Src/dma.o
LOAD Core/Src/fsm.o
LOAD Core/Src/gpio.o
LOAD Core/Src/i2c.o
LOAD Core/Src/main.o
LOAD Core/Src/stm32l0xx_hal_msp.o
LOAD Core/Src/stm32l0xx_it.o
LOAD Core/Src/syscalls.o
LOAD Core/Src/sysmem.o
LOAD Core/Src/system_stm32l0xx.o
LOAD Core/Src/tim.o
LOAD Core/Src/usart.o
LOAD Core/Startup/startup_stm32l031f6px.o
LOAD Drivers/STM32L0xx_HAL_Driver/Src/stm32l0xx_hal.o
LOAD Drivers/STM32L0xx_HAL_Driver/Src/stm32l0xx_hal_cortex.o
LOAD Drivers/STM32L0xx_HAL_Driver/Src/stm32l0xx_hal_dma.o
LOAD Drivers/STM32L0xx_HAL_Driver/Src/stm32l0xx_hal_exti.o
LOAD Drivers/STM32L0xx_HAL_Driver/Src/stm32l0xx_hal_flash.o
LOAD Drivers/STM32L0xx_HAL_Driver/Src/stm32l0xx_hal_flash_ex.o
LOAD Drivers/STM32L0xx_HAL_Driver/Src/stm32l0xx_hal_flash_ramfunc.o
LOAD Drivers/STM32L0xx_HAL_Driver/Src/stm32l0xx_hal_gpio.o
LOAD Drivers/STM32L0xx_HAL_Driver/Src/stm32l0xx_hal_i2c.o
LOAD Drivers/STM32L0xx_HAL_Driver/Src/stm32l0xx_hal_i2c_ex.o
LOAD Drivers/STM32L0xx_HAL_Driver/Src/stm32l0xx_hal_pwr.o
LOAD Drivers/STM32L0xx_HAL_Driver/Src/stm32l0xx_hal_pwr_ex.o
LOAD Drivers/STM32L0xx_HAL_Driver/Src/stm32l0xx_hal_rcc.o
LOAD Drivers/STM32L0xx_HAL_Driver/Src/stm32l0xx_hal_rcc_ex.o
LOAD Drivers/STM32L0xx_HAL_Driver/Src/stm32l0xx_hal_tim.o
LOAD Drivers/STM32L0xx_HAL_Driver/Src/stm32l0xx_hal_tim_ex.o
LOAD Drivers/STM32L0xx_HAL_Driver/Src/stm32l0xx_hal_uart.o
LOAD Drivers/STM32L0xx_HAL_Driver/Src/stm32l0xx_hal_uart_ex.o
START GROUP
LOAD e:/programs/stm32cubeide/stm32cubeide_1.5.0/stm32cubeide/plugins/com.st.stm32cube.ide.mcu.externaltools.gnu-tools-for-stm32.7-2018-q2-update.win32_1.5.0.202011040924/tools/bin/../lib/gcc/arm-none-eabi/7.3.1/../../../../arm-none-eabi/lib/thumb/v6-m\libc_nano.a
LOAD e:/programs/stm32cubeide/stm32cubeide_1.5.0/stm32cubeide/plugins/com.st.stm32cube.ide.mcu.externaltools.gnu-tools-for-stm32.7-2018-q2-update.win32_1.5.0.202011040924/tools/bin/../lib/gcc/arm-none-eabi/7.3.1/../../../../arm-none-eabi/lib/thumb/v6-m\libm.a
END GROUP
START GROUP
LOAD e:/programs/stm32cubeide/stm32cubeide_1.5.0/stm32cubeide/plugins/com.st.stm32cube.ide.mcu.externaltools.gnu-tools-for-stm32.7-2018-q2-update.win32_1.5.0.202011040924/tools/bin/../lib/gcc/arm-none-eabi/7.3.1/thumb/v6-m\libgcc.a
LOAD e:/programs/stm32cubeide/stm32cubeide_1.5.0/stm32cubeide/plugins/com.st.stm32cube.ide.mcu.externaltools.gnu-tools-for-stm32.7-2018-q2-update.win32_1.5.0.202011040924/tools/bin/../lib/gcc/arm-none-eabi/7.3.1/../../../../arm-none-eabi/lib/thumb/v6-m\libc_nano.a
END GROUP
START GROUP
LOAD e:/programs/stm32cubeide/stm32cubeide_1.5.0/stm32cubeide/plugins/com.st.stm32cube.ide.mcu.externaltools.gnu-tools-for-stm32.7-2018-q2-update.win32_1.5.0.202011040924/tools/bin/../lib/gcc/arm-none-eabi/7.3.1/thumb/v6-m\libgcc.a
LOAD e:/programs/stm32cubeide/stm32cubeide_1.5.0/stm32cubeide/plugins/com.st.stm32cube.ide.mcu.externaltools.gnu-tools-for-stm32.7-2018-q2-update.win32_1.5.0.202011040924/tools/bin/../lib/gcc/arm-none-eabi/7.3.1/../../../../arm-none-eabi/lib/thumb/v6-m\libc_nano.a
LOAD e:/programs/stm32cubeide/stm32cubeide_1.5.0/stm32cubeide/plugins/com.st.stm32cube.ide.mcu.externaltools.gnu-tools-for-stm32.7-2018-q2-update.win32_1.5.0.202011040924/tools/bin/../lib/gcc/arm-none-eabi/7.3.1/../../../../arm-none-eabi/lib/thumb/v6-m\libnosys.a
END GROUP
START GROUP
LOAD e:/programs/stm32cubeide/stm32cubeide_1.5.0/stm32cubeide/plugins/com.st.stm32cube.ide.mcu.externaltools.gnu-tools-for-stm32.7-2018-q2-update.win32_1.5.0.202011040924/tools/bin/../lib/gcc/arm-none-eabi/7.3.1/thumb/v6-m\libgcc.a
LOAD e:/programs/stm32cubeide/stm32cubeide_1.5.0/stm32cubeide/plugins/com.st.stm32cube.ide.mcu.externaltools.gnu-tools-for-stm32.7-2018-q2-update.win32_1.5.0.202011040924/tools/bin/../lib/gcc/arm-none-eabi/7.3.1/../../../../arm-none-eabi/lib/thumb/v6-m\libc_nano.a
LOAD e:/programs/stm32cubeide/stm32cubeide_1.5.0/stm32cubeide/plugins/com.st.stm32cube.ide.mcu.externaltools.gnu-tools-for-stm32.7-2018-q2-update.win32_1.5.0.202011040924/tools/bin/../lib/gcc/arm-none-eabi/7.3.1/../../../../arm-none-eabi/lib/thumb/v6-m\libnosys.a
END GROUP
LOAD e:/programs/stm32cubeide/stm32cubeide_1.5.0/stm32cubeide/plugins/com.st.stm32cube.ide.mcu.externaltools.gnu-tools-for-stm32.7-2018-q2-update.win32_1.5.0.202011040924/tools/bin/../lib/gcc/arm-none-eabi/7.3.1/thumb/v6-m/crtend.o
LOAD e:/programs/stm32cubeide/stm32cubeide_1.5.0/stm32cubeide/plugins/com.st.stm32cube.ide.mcu.externaltools.gnu-tools-for-stm32.7-2018-q2-update.win32_1.5.0.202011040924/tools/bin/../lib/gcc/arm-none-eabi/7.3.1/thumb/v6-m/crtn.o
                0x0000000020002000                _estack = (ORIGIN (RAM) + LENGTH (RAM))
                0x0000000000000200                _Min_Heap_Size = 0x200
                0x0000000000000400                _Min_Stack_Size = 0x400

.isr_vector     0x0000000008000000       0xc0
                0x0000000008000000                . = ALIGN (0x4)
 *(.isr_vector)
 .isr_vector    0x0000000008000000       0xc0 Core/Startup/startup_stm32l031f6px.o
                0x0000000008000000                g_pfnVectors
                0x00000000080000c0                . = ALIGN (0x4)

.text           0x00000000080000c0     0x47e4
                0x00000000080000c0                . = ALIGN (0x4)
 *(.text)
 .text          0x00000000080000c0       0x48 e:/programs/stm32cubeide/stm32cubeide_1.5.0/stm32cubeide/plugins/com.st.stm32cube.ide.mcu.externaltools.gnu-tools-for-stm32.7-2018-q2-update.win32_1.5.0.202011040924/tools/bin/../lib/gcc/arm-none-eabi/7.3.1/thumb/v6-m/crtbegin.o
 .text          0x0000000008000108      0x114 e:/programs/stm32cubeide/stm32cubeide_1.5.0/stm32cubeide/plugins/com.st.stm32cube.ide.mcu.externaltools.gnu-tools-for-stm32.7-2018-q2-update.win32_1.5.0.202011040924/tools/bin/../lib/gcc/arm-none-eabi/7.3.1/thumb/v6-m\libgcc.a(_udivsi3.o)
                0x0000000008000108                __aeabi_uidiv
                0x0000000008000108                __udivsi3
                0x0000000008000214                __aeabi_uidivmod
 .text          0x000000000800021c        0x4 e:/programs/stm32cubeide/stm32cubeide_1.5.0/stm32cubeide/plugins/com.st.stm32cube.ide.mcu.externaltools.gnu-tools-for-stm32.7-2018-q2-update.win32_1.5.0.202011040924/tools/bin/../lib/gcc/arm-none-eabi/7.3.1/thumb/v6-m\libgcc.a(_dvmd_tls.o)
                0x000000000800021c                __aeabi_idiv0
                0x000000000800021c                __aeabi_ldiv0
 .text          0x0000000008000220       0x40 e:/programs/stm32cubeide/stm32cubeide_1.5.0/stm32cubeide/plugins/com.st.stm32cube.ide.mcu.externaltools.gnu-tools-for-stm32.7-2018-q2-update.win32_1.5.0.202011040924/tools/bin/../lib/gcc/arm-none-eabi/7.3.1/thumb/v6-m\libgcc.a(_aeabi_uldivmod.o)
                0x0000000008000220                __aeabi_uldivmod
 .text          0x0000000008000260       0x54 e:/programs/stm32cubeide/stm32cubeide_1.5.0/stm32cubeide/plugins/com.st.stm32cube.ide.mcu.externaltools.gnu-tools-for-stm32.7-2018-q2-update.win32_1.5.0.202011040924/tools/bin/../lib/gcc/arm-none-eabi/7.3.1/thumb/v6-m\libgcc.a(_muldi3.o)
                0x0000000008000260                __muldi3
                0x0000000008000260                __aeabi_lmul
 .text          0x00000000080002b4      0x184 e:/programs/stm32cubeide/stm32cubeide_1.5.0/stm32cubeide/plugins/com.st.stm32cube.ide.mcu.externaltools.gnu-tools-for-stm32.7-2018-q2-update.win32_1.5.0.202011040924/tools/bin/../lib/gcc/arm-none-eabi/7.3.1/thumb/v6-m\libgcc.a(_udivmoddi4.o)
                0x00000000080002b4                __udivmoddi4
 .text          0x0000000008000438       0x18 e:/programs/stm32cubeide/stm32cubeide_1.5.0/stm32cubeide/plugins/com.st.stm32cube.ide.mcu.externaltools.gnu-tools-for-stm32.7-2018-q2-update.win32_1.5.0.202011040924/tools/bin/../lib/gcc/arm-none-eabi/7.3.1/thumb/v6-m\libgcc.a(_clzdi2.o)
                0x0000000008000438                __clzdi2
 .text          0x0000000008000450       0x3c e:/programs/stm32cubeide/stm32cubeide_1.5.0/stm32cubeide/plugins/com.st.stm32cube.ide.mcu.externaltools.gnu-tools-for-stm32.7-2018-q2-update.win32_1.5.0.202011040924/tools/bin/../lib/gcc/arm-none-eabi/7.3.1/thumb/v6-m\libgcc.a(_clzsi2.o)
                0x0000000008000450                __clzsi2
 *(.text*)
 .text.MX_DMA_Init
                0x000000000800048c       0x3c Core/Src/dma.o
                0x000000000800048c                MX_DMA_Init
 .text.ErrorHandler
                0x00000000080004c8       0x12 Core/Src/fsm.o
                0x00000000080004c8                ErrorHandler
 .text.RecivedArmHandler
                0x00000000080004da       0x12 Core/Src/fsm.o
                0x00000000080004da                RecivedArmHandler
 .text.RevicedLaunchHandler
                0x00000000080004ec       0x12 Core/Src/fsm.o
                0x00000000080004ec                RevicedLaunchHandler
 .text.AlarmOpenValveHandler
                0x00000000080004fe       0x12 Core/Src/fsm.o
                0x00000000080004fe                AlarmOpenValveHandler
 .text.AlarmTurnOffIgniterHandler
                0x0000000008000510       0x12 Core/Src/fsm.o
                0x0000000008000510                AlarmTurnOffIgniterHandler
 .text.ResetHandler
                0x0000000008000522       0x12 Core/Src/fsm.o
                0x0000000008000522                ResetHandler
 .text.Fsm_Init
                0x0000000008000534       0x14 Core/Src/fsm.o
                0x0000000008000534                Fsm_Init
 .text.Fsm_SendEvent
                0x0000000008000548       0x20 Core/Src/fsm.o
                0x0000000008000548                Fsm_SendEvent
 .text.Fsm_Step
                0x0000000008000568       0x84 Core/Src/fsm.o
                0x0000000008000568                Fsm_Step
 .text.SendStateMsg
                0x00000000080005ec       0x5c Core/Src/fsm.o
                0x00000000080005ec                SendStateMsg
 .text.MX_GPIO_Init
                0x0000000008000648       0x8c Core/Src/gpio.o
                0x0000000008000648                MX_GPIO_Init
 .text.MX_I2C1_Init
                0x00000000080006d4       0x80 Core/Src/i2c.o
                0x00000000080006d4                MX_I2C1_Init
 .text.HAL_I2C_MspInit
                0x0000000008000754       0x88 Core/Src/i2c.o
                0x0000000008000754                HAL_I2C_MspInit
 .text.main     0x00000000080007dc       0x44 Core/Src/main.o
                0x00000000080007dc                main
 .text.SystemClock_Config
                0x0000000008000820       0xd4 Core/Src/main.o
                0x0000000008000820                SystemClock_Config
 .text.Error_Handler
                0x00000000080008f4        0x8 Core/Src/main.o
                0x00000000080008f4                Error_Handler
 .text.HAL_MspInit
                0x00000000080008fc       0x28 Core/Src/stm32l0xx_hal_msp.o
                0x00000000080008fc                HAL_MspInit
 .text.NMI_Handler
                0x0000000008000924        0x6 Core/Src/stm32l0xx_it.o
                0x0000000008000924                NMI_Handler
 .text.HardFault_Handler
                0x000000000800092a        0x6 Core/Src/stm32l0xx_it.o
                0x000000000800092a                HardFault_Handler
 .text.SVC_Handler
                0x0000000008000930        0xa Core/Src/stm32l0xx_it.o
                0x0000000008000930                SVC_Handler
 .text.PendSV_Handler
                0x000000000800093a        0xa Core/Src/stm32l0xx_it.o
                0x000000000800093a                PendSV_Handler
 .text.SysTick_Handler
                0x0000000008000944        0xe Core/Src/stm32l0xx_it.o
                0x0000000008000944                SysTick_Handler
 *fill*         0x0000000008000952        0x2 
 .text.DMA1_Channel4_5_6_7_IRQHandler
                0x0000000008000954       0x18 Core/Src/stm32l0xx_it.o
                0x0000000008000954                DMA1_Channel4_5_6_7_IRQHandler
 .text.USART2_IRQHandler
                0x000000000800096c       0x18 Core/Src/stm32l0xx_it.o
                0x000000000800096c                USART2_IRQHandler
 .text._sbrk    0x0000000008000984       0x6c Core/Src/sysmem.o
                0x0000000008000984                _sbrk
 .text.SystemInit
                0x00000000080009f0        0xa Core/Src/system_stm32l0xx.o
                0x00000000080009f0                SystemInit
 *fill*         0x00000000080009fa        0x2 
 .text.MX_TIM2_Init
                0x00000000080009fc      0x114 Core/Src/tim.o
                0x00000000080009fc                MX_TIM2_Init
 .text.HAL_TIM_Base_MspInit
                0x0000000008000b10       0x2c Core/Src/tim.o
                0x0000000008000b10                HAL_TIM_Base_MspInit
 .text.HAL_TIM_MspPostInit
                0x0000000008000b3c       0x78 Core/Src/tim.o
                0x0000000008000b3c                HAL_TIM_MspPostInit
 .text.MX_USART2_UART_Init
                0x0000000008000bb4       0x60 Core/Src/usart.o
                0x0000000008000bb4                MX_USART2_UART_Init
 .text.HAL_UART_MspInit
                0x0000000008000c14       0xf4 Core/Src/usart.o
                0x0000000008000c14                HAL_UART_MspInit
 .text.Reset_Handler
                0x0000000008000d08       0x50 Core/Startup/startup_stm32l031f6px.o
                0x0000000008000d08                Reset_Handler
 .text.Default_Handler
                0x0000000008000d58        0x2 Core/Startup/startup_stm32l031f6px.o
                0x0000000008000d58                ADC1_COMP_IRQHandler
                0x0000000008000d58                PVD_IRQHandler
                0x0000000008000d58                I2C1_IRQHandler
                0x0000000008000d58                SPI1_IRQHandler
                0x0000000008000d58                EXTI2_3_IRQHandler
                0x0000000008000d58                RTC_IRQHandler
                0x0000000008000d58                EXTI4_15_IRQHandler
                0x0000000008000d58                RCC_IRQHandler
                0x0000000008000d58                DMA1_Channel1_IRQHandler
                0x0000000008000d58                Default_Handler
                0x0000000008000d58                TIM22_IRQHandler
                0x0000000008000d58                EXTI0_1_IRQHandler
                0x0000000008000d58                TIM21_IRQHandler
                0x0000000008000d58                WWDG_IRQHandler
                0x0000000008000d58                LPUART1_IRQHandler
                0x0000000008000d58                TIM2_IRQHandler
                0x0000000008000d58                DMA1_Channel2_3_IRQHandler
                0x0000000008000d58                FLASH_IRQHandler
                0x0000000008000d58                LPTIM1_IRQHandler
 *fill*         0x0000000008000d5a        0x2 
 .text.HAL_Init
                0x0000000008000d5c       0x40 Drivers/STM32L0xx_HAL_Driver/Src/stm32l0xx_hal.o
                0x0000000008000d5c                HAL_Init
 .text.HAL_InitTick
                0x0000000008000d9c       0x68 Drivers/STM32L0xx_HAL_Driver/Src/stm32l0xx_hal.o
                0x0000000008000d9c                HAL_InitTick
 .text.HAL_IncTick
                0x0000000008000e04       0x24 Drivers/STM32L0xx_HAL_Driver/Src/stm32l0xx_hal.o
                0x0000000008000e04                HAL_IncTick
 .text.HAL_GetTick
                0x0000000008000e28       0x14 Drivers/STM32L0xx_HAL_Driver/Src/stm32l0xx_hal.o
                0x0000000008000e28                HAL_GetTick
 .text.HAL_Delay
                0x0000000008000e3c       0x44 Drivers/STM32L0xx_HAL_Driver/Src/stm32l0xx_hal.o
                0x0000000008000e3c                HAL_Delay
 .text.__NVIC_EnableIRQ
                0x0000000008000e80       0x34 Drivers/STM32L0xx_HAL_Driver/Src/stm32l0xx_hal_cortex.o
 .text.__NVIC_SetPriority
                0x0000000008000eb4       0xdc Drivers/STM32L0xx_HAL_Driver/Src/stm32l0xx_hal_cortex.o
 .text.SysTick_Config
                0x0000000008000f90       0x48 Drivers/STM32L0xx_HAL_Driver/Src/stm32l0xx_hal_cortex.o
 .text.HAL_NVIC_SetPriority
                0x0000000008000fd8       0x2a Drivers/STM32L0xx_HAL_Driver/Src/stm32l0xx_hal_cortex.o
                0x0000000008000fd8                HAL_NVIC_SetPriority
 .text.HAL_NVIC_EnableIRQ
                0x0000000008001002       0x20 Drivers/STM32L0xx_HAL_Driver/Src/stm32l0xx_hal_cortex.o
                0x0000000008001002                HAL_NVIC_EnableIRQ
 .text.HAL_SYSTICK_Config
                0x0000000008001022       0x1a Drivers/STM32L0xx_HAL_Driver/Src/stm32l0xx_hal_cortex.o
                0x0000000008001022                HAL_SYSTICK_Config
 .text.HAL_DMA_Init
                0x000000000800103c       0xf0 Drivers/STM32L0xx_HAL_Driver/Src/stm32l0xx_hal_dma.o
                0x000000000800103c                HAL_DMA_Init
 .text.HAL_DMA_Start_IT
                0x000000000800112c       0xcc Drivers/STM32L0xx_HAL_Driver/Src/stm32l0xx_hal_dma.o
                0x000000000800112c                HAL_DMA_Start_IT
 .text.HAL_DMA_Abort
                0x00000000080011f8       0x80 Drivers/STM32L0xx_HAL_Driver/Src/stm32l0xx_hal_dma.o
                0x00000000080011f8                HAL_DMA_Abort
 .text.HAL_DMA_Abort_IT
                0x0000000008001278       0x90 Drivers/STM32L0xx_HAL_Driver/Src/stm32l0xx_hal_dma.o
                0x0000000008001278                HAL_DMA_Abort_IT
 .text.HAL_DMA_IRQHandler
                0x0000000008001308      0x15c Drivers/STM32L0xx_HAL_Driver/Src/stm32l0xx_hal_dma.o
                0x0000000008001308                HAL_DMA_IRQHandler
 .text.DMA_SetConfig
                0x0000000008001464       0x5c Drivers/STM32L0xx_HAL_Driver/Src/stm32l0xx_hal_dma.o
 .text.HAL_GPIO_Init
                0x00000000080014c0      0x2dc Drivers/STM32L0xx_HAL_Driver/Src/stm32l0xx_hal_gpio.o
                0x00000000080014c0                HAL_GPIO_Init
 .text.HAL_GPIO_WritePin
                0x000000000800179c       0x3a Drivers/STM32L0xx_HAL_Driver/Src/stm32l0xx_hal_gpio.o
                0x000000000800179c                HAL_GPIO_WritePin
 *fill*         0x00000000080017d6        0x2 
 .text.HAL_I2C_Init
                0x00000000080017d8      0x12c Drivers/STM32L0xx_HAL_Driver/Src/stm32l0xx_hal_i2c.o
                0x00000000080017d8                HAL_I2C_Init
 .text.HAL_I2CEx_ConfigAnalogFilter
                0x0000000008001904       0x98 Drivers/STM32L0xx_HAL_Driver/Src/stm32l0xx_hal_i2c_ex.o
                0x0000000008001904                HAL_I2CEx_ConfigAnalogFilter
 .text.HAL_I2CEx_ConfigDigitalFilter
                0x000000000800199c       0x98 Drivers/STM32L0xx_HAL_Driver/Src/stm32l0xx_hal_i2c_ex.o
                0x000000000800199c                HAL_I2CEx_ConfigDigitalFilter
 .text.HAL_RCC_OscConfig
                0x0000000008001a34      0x700 Drivers/STM32L0xx_HAL_Driver/Src/stm32l0xx_hal_rcc.o
                0x0000000008001a34                HAL_RCC_OscConfig
 .text.HAL_RCC_ClockConfig
                0x0000000008002134      0x290 Drivers/STM32L0xx_HAL_Driver/Src/stm32l0xx_hal_rcc.o
                0x0000000008002134                HAL_RCC_ClockConfig
 .text.HAL_RCC_GetSysClockFreq
                0x00000000080023c4      0x144 Drivers/STM32L0xx_HAL_Driver/Src/stm32l0xx_hal_rcc.o
                0x00000000080023c4                HAL_RCC_GetSysClockFreq
 .text.HAL_RCC_GetHCLKFreq
                0x0000000008002508       0x14 Drivers/STM32L0xx_HAL_Driver/Src/stm32l0xx_hal_rcc.o
                0x0000000008002508                HAL_RCC_GetHCLKFreq
 .text.HAL_RCC_GetPCLK1Freq
                0x000000000800251c       0x2c Drivers/STM32L0xx_HAL_Driver/Src/stm32l0xx_hal_rcc.o
                0x000000000800251c                HAL_RCC_GetPCLK1Freq
 .text.HAL_RCC_GetPCLK2Freq
                0x0000000008002548       0x2c Drivers/STM32L0xx_HAL_Driver/Src/stm32l0xx_hal_rcc.o
                0x0000000008002548                HAL_RCC_GetPCLK2Freq
 .text.HAL_RCCEx_PeriphCLKConfig
                0x0000000008002574      0x250 Drivers/STM32L0xx_HAL_Driver/Src/stm32l0xx_hal_rcc_ex.o
                0x0000000008002574                HAL_RCCEx_PeriphCLKConfig
 .text.HAL_TIM_Base_Init
                0x00000000080027c4       0x80 Drivers/STM32L0xx_HAL_Driver/Src/stm32l0xx_hal_tim.o
                0x00000000080027c4                HAL_TIM_Base_Init
 .text.HAL_TIM_PWM_Init
                0x0000000008002844       0x80 Drivers/STM32L0xx_HAL_Driver/Src/stm32l0xx_hal_tim.o
                0x0000000008002844                HAL_TIM_PWM_Init
 .text.HAL_TIM_PWM_MspInit
                0x00000000080028c4       0x10 Drivers/STM32L0xx_HAL_Driver/Src/stm32l0xx_hal_tim.o
                0x00000000080028c4                HAL_TIM_PWM_MspInit
 .text.HAL_TIM_PWM_ConfigChannel
                0x00000000080028d4      0x160 Drivers/STM32L0xx_HAL_Driver/Src/stm32l0xx_hal_tim.o
                0x00000000080028d4                HAL_TIM_PWM_ConfigChannel
 .text.HAL_TIM_ConfigClockSource
                0x0000000008002a34      0x17c Drivers/STM32L0xx_HAL_Driver/Src/stm32l0xx_hal_tim.o
                0x0000000008002a34                HAL_TIM_ConfigClockSource
 .text.TIM_Base_SetConfig
                0x0000000008002bb0       0xa8 Drivers/STM32L0xx_HAL_Driver/Src/stm32l0xx_hal_tim.o
 .text.TIM_OC1_SetConfig
                0x0000000008002c58       0x78 Drivers/STM32L0xx_HAL_Driver/Src/stm32l0xx_hal_tim.o
 .text.TIM_OC2_SetConfig
                0x0000000008002cd0       0x84 Drivers/STM32L0xx_HAL_Driver/Src/stm32l0xx_hal_tim.o
 .text.TIM_OC3_SetConfig
                0x0000000008002d54       0x80 Drivers/STM32L0xx_HAL_Driver/Src/stm32l0xx_hal_tim.o
 .text.TIM_OC4_SetConfig
                0x0000000008002dd4       0x8c Drivers/STM32L0xx_HAL_Driver/Src/stm32l0xx_hal_tim.o
 .text.TIM_TI1_ConfigInputStage
                0x0000000008002e60       0x5c Drivers/STM32L0xx_HAL_Driver/Src/stm32l0xx_hal_tim.o
 .text.TIM_TI2_ConfigInputStage
                0x0000000008002ebc       0x64 Drivers/STM32L0xx_HAL_Driver/Src/stm32l0xx_hal_tim.o
 .text.TIM_ITRx_SetConfig
                0x0000000008002f20       0x32 Drivers/STM32L0xx_HAL_Driver/Src/stm32l0xx_hal_tim.o
 *fill*         0x0000000008002f52        0x2 
 .text.TIM_ETR_SetConfig
                0x0000000008002f54       0x40 Drivers/STM32L0xx_HAL_Driver/Src/stm32l0xx_hal_tim.o
 .text.HAL_TIMEx_MasterConfigSynchronization
                0x0000000008002f94       0xb0 Drivers/STM32L0xx_HAL_Driver/Src/stm32l0xx_hal_tim_ex.o
                0x0000000008002f94                HAL_TIMEx_MasterConfigSynchronization
 .text.HAL_UART_Init
                0x0000000008003044       0xa8 Drivers/STM32L0xx_HAL_Driver/Src/stm32l0xx_hal_uart.o
                0x0000000008003044                HAL_UART_Init
 .text.HAL_UART_Transmit_DMA
                0x00000000080030ec      0x124 Drivers/STM32L0xx_HAL_Driver/Src/stm32l0xx_hal_uart.o
                0x00000000080030ec                HAL_UART_Transmit_DMA
 .text.HAL_UART_IRQHandler
                0x0000000008003210      0x414 Drivers/STM32L0xx_HAL_Driver/Src/stm32l0xx_hal_uart.o
                0x0000000008003210                HAL_UART_IRQHandler
 .text.HAL_UART_TxCpltCallback
                0x0000000008003624       0x10 Drivers/STM32L0xx_HAL_Driver/Src/stm32l0xx_hal_uart.o
                0x0000000008003624                HAL_UART_TxCpltCallback
 .text.HAL_UART_TxHalfCpltCallback
                0x0000000008003634       0x10 Drivers/STM32L0xx_HAL_Driver/Src/stm32l0xx_hal_uart.o
                0x0000000008003634                HAL_UART_TxHalfCpltCallback
 .text.HAL_UART_ErrorCallback
                0x0000000008003644       0x10 Drivers/STM32L0xx_HAL_Driver/Src/stm32l0xx_hal_uart.o
                0x0000000008003644                HAL_UART_ErrorCallback
 .text.HAL_UARTEx_RxEventCallback
                0x0000000008003654       0x16 Drivers/STM32L0xx_HAL_Driver/Src/stm32l0xx_hal_uart.o
                0x0000000008003654                HAL_UARTEx_RxEventCallback
 *fill*         0x000000000800366a        0x2 
 .text.UART_SetConfig
                0x000000000800366c      0x4c4 Drivers/STM32L0xx_HAL_Driver/Src/stm32l0xx_hal_uart.o
                0x000000000800366c                UART_SetConfig
 .text.UART_AdvFeatureConfig
                0x0000000008003b30      0x168 Drivers/STM32L0xx_HAL_Driver/Src/stm32l0xx_hal_uart.o
                0x0000000008003b30                UART_AdvFeatureConfig
 .text.UART_CheckIdleState
                0x0000000008003c98       0x94 Drivers/STM32L0xx_HAL_Driver/Src/stm32l0xx_hal_uart.o
                0x0000000008003c98                UART_CheckIdleState
 .text.UART_WaitOnFlagUntilTimeout
                0x0000000008003d2c       0xfc Drivers/STM32L0xx_HAL_Driver/Src/stm32l0xx_hal_uart.o
                0x0000000008003d2c                UART_WaitOnFlagUntilTimeout
 .text.UART_EndTxTransfer
                0x0000000008003e28       0x26 Drivers/STM32L0xx_HAL_Driver/Src/stm32l0xx_hal_uart.o
 *fill*         0x0000000008003e4e        0x2 
 .text.UART_EndRxTransfer
                0x0000000008003e50       0x60 Drivers/STM32L0xx_HAL_Driver/Src/stm32l0xx_hal_uart.o
 .text.UART_DMATransmitCplt
                0x0000000008003eb0       0x54 Drivers/STM32L0xx_HAL_Driver/Src/stm32l0xx_hal_uart.o
 .text.UART_DMATxHalfCplt
                0x0000000008003f04       0x1e Drivers/STM32L0xx_HAL_Driver/Src/stm32l0xx_hal_uart.o
 .text.UART_DMAError
                0x0000000008003f22       0x82 Drivers/STM32L0xx_HAL_Driver/Src/stm32l0xx_hal_uart.o
 .text.UART_DMAAbortOnError
                0x0000000008003fa4       0x2e Drivers/STM32L0xx_HAL_Driver/Src/stm32l0xx_hal_uart.o
 .text.UART_EndTransmit_IT
                0x0000000008003fd2       0x34 Drivers/STM32L0xx_HAL_Driver/Src/stm32l0xx_hal_uart.o
 .text.HAL_UARTEx_WakeupCallback
                0x0000000008004006       0x10 Drivers/STM32L0xx_HAL_Driver/Src/stm32l0xx_hal_uart_ex.o
                0x0000000008004006                HAL_UARTEx_WakeupCallback
 *fill*         0x0000000008004016        0x2 
 .text.__errno  0x0000000008004018        0xc e:/programs/stm32cubeide/stm32cubeide_1.5.0/stm32cubeide/plugins/com.st.stm32cube.ide.mcu.externaltools.gnu-tools-for-stm32.7-2018-q2-update.win32_1.5.0.202011040924/tools/bin/../lib/gcc/arm-none-eabi/7.3.1/../../../../arm-none-eabi/lib/thumb/v6-m\libc_nano.a(lib_a-errno.o)
                0x0000000008004018                __errno
 .text.__libc_init_array
                0x0000000008004024       0x48 e:/programs/stm32cubeide/stm32cubeide_1.5.0/stm32cubeide/plugins/com.st.stm32cube.ide.mcu.externaltools.gnu-tools-for-stm32.7-2018-q2-update.win32_1.5.0.202011040924/tools/bin/../lib/gcc/arm-none-eabi/7.3.1/../../../../arm-none-eabi/lib/thumb/v6-m\libc_nano.a(lib_a-init.o)
                0x0000000008004024                __libc_init_array
 .text.memset   0x000000000800406c       0x10 e:/programs/stm32cubeide/stm32cubeide_1.5.0/stm32cubeide/plugins/com.st.stm32cube.ide.mcu.externaltools.gnu-tools-for-stm32.7-2018-q2-update.win32_1.5.0.202011040924/tools/bin/../lib/gcc/arm-none-eabi/7.3.1/../../../../arm-none-eabi/lib/thumb/v6-m\libc_nano.a(lib_a-memset.o)
                0x000000000800406c                memset
 .text.sprintf  0x000000000800407c       0x40 e:/programs/stm32cubeide/stm32cubeide_1.5.0/stm32cubeide/plugins/com.st.stm32cube.ide.mcu.externaltools.gnu-tools-for-stm32.7-2018-q2-update.win32_1.5.0.202011040924/tools/bin/../lib/gcc/arm-none-eabi/7.3.1/../../../../arm-none-eabi/lib/thumb/v6-m\libc_nano.a(lib_a-sprintf.o)
                0x000000000800407c                siprintf
                0x000000000800407c                sprintf
 .text.__ssputs_r
                0x00000000080040bc       0xc4 e:/programs/stm32cubeide/stm32cubeide_1.5.0/stm32cubeide/plugins/com.st.stm32cube.ide.mcu.externaltools.gnu-tools-for-stm32.7-2018-q2-update.win32_1.5.0.202011040924/tools/bin/../lib/gcc/arm-none-eabi/7.3.1/../../../../arm-none-eabi/lib/thumb/v6-m\libc_nano.a(lib_a-nano-svfprintf.o)
                0x00000000080040bc                __ssputs_r
 .text._svfprintf_r
                0x0000000008004180      0x1fc e:/programs/stm32cubeide/stm32cubeide_1.5.0/stm32cubeide/plugins/com.st.stm32cube.ide.mcu.externaltools.gnu-tools-for-stm32.7-2018-q2-update.win32_1.5.0.202011040924/tools/bin/../lib/gcc/arm-none-eabi/7.3.1/../../../../arm-none-eabi/lib/thumb/v6-m\libc_nano.a(lib_a-nano-svfprintf.o)
                0x0000000008004180                _svfiprintf_r
                0x0000000008004180                _svfprintf_r
 .text._printf_common
                0x000000000800437c       0xda e:/programs/stm32cubeide/stm32cubeide_1.5.0/stm32cubeide/plugins/com.st.stm32cube.ide.mcu.externaltools.gnu-tools-for-stm32.7-2018-q2-update.win32_1.5.0.202011040924/tools/bin/../lib/gcc/arm-none-eabi/7.3.1/../../../../arm-none-eabi/lib/thumb/v6-m\libc_nano.a(lib_a-nano-vfprintf_i.o)
                0x000000000800437c                _printf_common
 *fill*         0x0000000008004456        0x2 
 .text._printf_i
                0x0000000008004458      0x210 e:/programs/stm32cubeide/stm32cubeide_1.5.0/stm32cubeide/plugins/com.st.stm32cube.ide.mcu.externaltools.gnu-tools-for-stm32.7-2018-q2-update.win32_1.5.0.202011040924/tools/bin/../lib/gcc/arm-none-eabi/7.3.1/../../../../arm-none-eabi/lib/thumb/v6-m\libc_nano.a(lib_a-nano-vfprintf_i.o)
                0x0000000008004458                _printf_i
 .text.memchr   0x0000000008004668       0x16 e:/programs/stm32cubeide/stm32cubeide_1.5.0/stm32cubeide/plugins/com.st.stm32cube.ide.mcu.externaltools.gnu-tools-for-stm32.7-2018-q2-update.win32_1.5.0.202011040924/tools/bin/../lib/gcc/arm-none-eabi/7.3.1/../../../../arm-none-eabi/lib/thumb/v6-m\libc_nano.a(lib_a-memchr-stub.o)
                0x0000000008004668                memchr
 .text.memcpy   0x000000000800467e       0x12 e:/programs/stm32cubeide/stm32cubeide_1.5.0/stm32cubeide/plugins/com.st.stm32cube.ide.mcu.externaltools.gnu-tools-for-stm32.7-2018-q2-update.win32_1.5.0.202011040924/tools/bin/../lib/gcc/arm-none-eabi/7.3.1/../../../../arm-none-eabi/lib/thumb/v6-m\libc_nano.a(lib_a-memcpy-stub.o)
                0x000000000800467e                memcpy
 .text.memmove  0x0000000008004690       0x26 e:/programs/stm32cubeide/stm32cubeide_1.5.0/stm32cubeide/plugins/com.st.stm32cube.ide.mcu.externaltools.gnu-tools-for-stm32.7-2018-q2-update.win32_1.5.0.202011040924/tools/bin/../lib/gcc/arm-none-eabi/7.3.1/../../../../arm-none-eabi/lib/thumb/v6-m\libc_nano.a(lib_a-memmove.o)
                0x0000000008004690                memmove
 *fill*         0x00000000080046b6        0x2 
 .text._free_r  0x00000000080046b8       0x94 e:/programs/stm32cubeide/stm32cubeide_1.5.0/stm32cubeide/plugins/com.st.stm32cube.ide.mcu.externaltools.gnu-tools-for-stm32.7-2018-q2-update.win32_1.5.0.202011040924/tools/bin/../lib/gcc/arm-none-eabi/7.3.1/../../../../arm-none-eabi/lib/thumb/v6-m\libc_nano.a(lib_a-nano-freer.o)
                0x00000000080046b8                _free_r
 .text._malloc_r
                0x000000000800474c       0xbc e:/programs/stm32cubeide/stm32cubeide_1.5.0/stm32cubeide/plugins/com.st.stm32cube.ide.mcu.externaltools.gnu-tools-for-stm32.7-2018-q2-update.win32_1.5.0.202011040924/tools/bin/../lib/gcc/arm-none-eabi/7.3.1/../../../../arm-none-eabi/lib/thumb/v6-m\libc_nano.a(lib_a-nano-mallocr.o)
                0x000000000800474c                _malloc_r
 .text._realloc_r
                0x0000000008004808       0x4c e:/programs/stm32cubeide/stm32cubeide_1.5.0/stm32cubeide/plugins/com.st.stm32cube.ide.mcu.externaltools.gnu-tools-for-stm32.7-2018-q2-update.win32_1.5.0.202011040924/tools/bin/../lib/gcc/arm-none-eabi/7.3.1/../../../../arm-none-eabi/lib/thumb/v6-m\libc_nano.a(lib_a-nano-reallocr.o)
                0x0000000008004808                _realloc_r
 .text._sbrk_r  0x0000000008004854       0x24 e:/programs/stm32cubeide/stm32cubeide_1.5.0/stm32cubeide/plugins/com.st.stm32cube.ide.mcu.externaltools.gnu-tools-for-stm32.7-2018-q2-update.win32_1.5.0.202011040924/tools/bin/../lib/gcc/arm-none-eabi/7.3.1/../../../../arm-none-eabi/lib/thumb/v6-m\libc_nano.a(lib_a-sbrkr.o)
                0x0000000008004854                _sbrk_r
 .text.__malloc_lock
                0x0000000008004878        0x2 e:/programs/stm32cubeide/stm32cubeide_1.5.0/stm32cubeide/plugins/com.st.stm32cube.ide.mcu.externaltools.gnu-tools-for-stm32.7-2018-q2-update.win32_1.5.0.202011040924/tools/bin/../lib/gcc/arm-none-eabi/7.3.1/../../../../arm-none-eabi/lib/thumb/v6-m\libc_nano.a(lib_a-mlock.o)
                0x0000000008004878                __malloc_lock
 .text.__malloc_unlock
                0x000000000800487a        0x2 e:/programs/stm32cubeide/stm32cubeide_1.5.0/stm32cubeide/plugins/com.st.stm32cube.ide.mcu.externaltools.gnu-tools-for-stm32.7-2018-q2-update.win32_1.5.0.202011040924/tools/bin/../lib/gcc/arm-none-eabi/7.3.1/../../../../arm-none-eabi/lib/thumb/v6-m\libc_nano.a(lib_a-mlock.o)
                0x000000000800487a                __malloc_unlock
 .text._malloc_usable_size_r
                0x000000000800487c       0x10 e:/programs/stm32cubeide/stm32cubeide_1.5.0/stm32cubeide/plugins/com.st.stm32cube.ide.mcu.externaltools.gnu-tools-for-stm32.7-2018-q2-update.win32_1.5.0.202011040924/tools/bin/../lib/gcc/arm-none-eabi/7.3.1/../../../../arm-none-eabi/lib/thumb/v6-m\libc_nano.a(lib_a-nano-msizer.o)
                0x000000000800487c                _malloc_usable_size_r
 *(.glue_7)
 .glue_7        0x000000000800488c        0x0 linker stubs
 *(.glue_7t)
 .glue_7t       0x000000000800488c        0x0 linker stubs
 *(.eh_frame)
 .eh_frame      0x000000000800488c        0x0 e:/programs/stm32cubeide/stm32cubeide_1.5.0/stm32cubeide/plugins/com.st.stm32cube.ide.mcu.externaltools.gnu-tools-for-stm32.7-2018-q2-update.win32_1.5.0.202011040924/tools/bin/../lib/gcc/arm-none-eabi/7.3.1/thumb/v6-m/crtbegin.o
 *(.init)
 .init          0x000000000800488c        0x4 e:/programs/stm32cubeide/stm32cubeide_1.5.0/stm32cubeide/plugins/com.st.stm32cube.ide.mcu.externaltools.gnu-tools-for-stm32.7-2018-q2-update.win32_1.5.0.202011040924/tools/bin/../lib/gcc/arm-none-eabi/7.3.1/thumb/v6-m/crti.o
                0x000000000800488c                _init
 .init          0x0000000008004890        0x8 e:/programs/stm32cubeide/stm32cubeide_1.5.0/stm32cubeide/plugins/com.st.stm32cube.ide.mcu.externaltools.gnu-tools-for-stm32.7-2018-q2-update.win32_1.5.0.202011040924/tools/bin/../lib/gcc/arm-none-eabi/7.3.1/thumb/v6-m/crtn.o
 *(.fini)
 .fini          0x0000000008004898        0x4 e:/programs/stm32cubeide/stm32cubeide_1.5.0/stm32cubeide/plugins/com.st.stm32cube.ide.mcu.externaltools.gnu-tools-for-stm32.7-2018-q2-update.win32_1.5.0.202011040924/tools/bin/../lib/gcc/arm-none-eabi/7.3.1/thumb/v6-m/crti.o
                0x0000000008004898                _fini
 .fini          0x000000000800489c        0x8 e:/programs/stm32cubeide/stm32cubeide_1.5.0/stm32cubeide/plugins/com.st.stm32cube.ide.mcu.externaltools.gnu-tools-for-stm32.7-2018-q2-update.win32_1.5.0.202011040924/tools/bin/../lib/gcc/arm-none-eabi/7.3.1/thumb/v6-m/crtn.o
                0x00000000080048a4                . = ALIGN (0x4)
                0x00000000080048a4                _etext = .

.vfp11_veneer   0x00000000080048a4        0x0
 .vfp11_veneer  0x00000000080048a4        0x0 linker stubs

.v4_bx          0x00000000080048a4        0x0
 .v4_bx         0x00000000080048a4        0x0 linker stubs

.iplt           0x00000000080048a4        0x0
 .iplt          0x00000000080048a4        0x0 e:/programs/stm32cubeide/stm32cubeide_1.5.0/stm32cubeide/plugins/com.st.stm32cube.ide.mcu.externaltools.gnu-tools-for-stm32.7-2018-q2-update.win32_1.5.0.202011040924/tools/bin/../lib/gcc/arm-none-eabi/7.3.1/thumb/v6-m/crtbegin.o

.rodata         0x00000000080048a4      0x190
                0x00000000080048a4                . = ALIGN (0x4)
 *(.rodata)
 .rodata        0x00000000080048a4        0xc Core/Src/fsm.o
 *(.rodata*)
 .rodata.eFsmStateNames
                0x00000000080048b0       0x54 Core/Src/fsm.o
 .rodata.FSM.7094
                0x0000000008004904       0x90 Core/Src/fsm.o
 .rodata.AHBPrescTable
                0x0000000008004994       0x10 Core/Src/system_stm32l0xx.o
                0x0000000008004994                AHBPrescTable
 .rodata.APBPrescTable
                0x00000000080049a4        0x8 Core/Src/system_stm32l0xx.o
                0x00000000080049a4                APBPrescTable
 .rodata.PLLMulTable
                0x00000000080049ac        0x9 Core/Src/system_stm32l0xx.o
                0x00000000080049ac                PLLMulTable
 *fill*         0x00000000080049b5        0x3 
 .rodata.UART_SetConfig
                0x00000000080049b8       0x48 Drivers/STM32L0xx_HAL_Driver/Src/stm32l0xx_hal_uart.o
 .rodata._svfprintf_r.str1.1
                0x0000000008004a00       0x11 e:/programs/stm32cubeide/stm32cubeide_1.5.0/stm32cubeide/plugins/com.st.stm32cube.ide.mcu.externaltools.gnu-tools-for-stm32.7-2018-q2-update.win32_1.5.0.202011040924/tools/bin/../lib/gcc/arm-none-eabi/7.3.1/../../../../arm-none-eabi/lib/thumb/v6-m\libc_nano.a(lib_a-nano-svfprintf.o)
 .rodata._printf_i.str1.1
                0x0000000008004a11       0x22 e:/programs/stm32cubeide/stm32cubeide_1.5.0/stm32cubeide/plugins/com.st.stm32cube.ide.mcu.externaltools.gnu-tools-for-stm32.7-2018-q2-update.win32_1.5.0.202011040924/tools/bin/../lib/gcc/arm-none-eabi/7.3.1/../../../../arm-none-eabi/lib/thumb/v6-m\libc_nano.a(lib_a-nano-vfprintf_i.o)
                0x0000000008004a34                . = ALIGN (0x4)
 *fill*         0x0000000008004a33        0x1 

.ARM.extab      0x0000000008004a34        0x0
                0x0000000008004a34                . = ALIGN (0x4)
 *(.ARM.extab* .gnu.linkonce.armextab.*)
                0x0000000008004a34                . = ALIGN (0x4)

.ARM            0x0000000008004a34        0x8
                0x0000000008004a34                . = ALIGN (0x4)
                0x0000000008004a34                __exidx_start = .
 *(.ARM.exidx*)
 .ARM.exidx     0x0000000008004a34        0x8 e:/programs/stm32cubeide/stm32cubeide_1.5.0/stm32cubeide/plugins/com.st.stm32cube.ide.mcu.externaltools.gnu-tools-for-stm32.7-2018-q2-update.win32_1.5.0.202011040924/tools/bin/../lib/gcc/arm-none-eabi/7.3.1/thumb/v6-m\libgcc.a(_udivmoddi4.o)
                0x0000000008004a3c                __exidx_end = .
                0x0000000008004a3c                . = ALIGN (0x4)

.rel.dyn        0x0000000008004a3c        0x0
 .rel.iplt      0x0000000008004a3c        0x0 e:/programs/stm32cubeide/stm32cubeide_1.5.0/stm32cubeide/plugins/com.st.stm32cube.ide.mcu.externaltools.gnu-tools-for-stm32.7-2018-q2-update.win32_1.5.0.202011040924/tools/bin/../lib/gcc/arm-none-eabi/7.3.1/thumb/v6-m/crtbegin.o

.preinit_array  0x0000000008004a3c        0x0
                0x0000000008004a3c                . = ALIGN (0x4)
                0x0000000008004a3c                PROVIDE (__preinit_array_start = .)
 *(.preinit_array*)
                0x0000000008004a3c                PROVIDE (__preinit_array_end = .)
                0x0000000008004a3c                . = ALIGN (0x4)

.init_array     0x0000000008004a3c        0x4
                0x0000000008004a3c                . = ALIGN (0x4)
                0x0000000008004a3c                PROVIDE (__init_array_start = .)
 *(SORT_BY_NAME(.init_array.*))
 *(.init_array*)
 .init_array    0x0000000008004a3c        0x4 e:/programs/stm32cubeide/stm32cubeide_1.5.0/stm32cubeide/plugins/com.st.stm32cube.ide.mcu.externaltools.gnu-tools-for-stm32.7-2018-q2-update.win32_1.5.0.202011040924/tools/bin/../lib/gcc/arm-none-eabi/7.3.1/thumb/v6-m/crtbegin.o
                0x0000000008004a40                PROVIDE (__init_array_end = .)
                0x0000000008004a40                . = ALIGN (0x4)

.fini_array     0x0000000008004a40        0x4
                0x0000000008004a40                . = ALIGN (0x4)
                [!provide]                        PROVIDE (__fini_array_start = .)
 *(SORT_BY_NAME(.fini_array.*))
 *(.fini_array*)
 .fini_array    0x0000000008004a40        0x4 e:/programs/stm32cubeide/stm32cubeide_1.5.0/stm32cubeide/plugins/com.st.stm32cube.ide.mcu.externaltools.gnu-tools-for-stm32.7-2018-q2-update.win32_1.5.0.202011040924/tools/bin/../lib/gcc/arm-none-eabi/7.3.1/thumb/v6-m/crtbegin.o
                [!provide]                        PROVIDE (__fini_array_end = .)
                0x0000000008004a44                . = ALIGN (0x4)
                0x0000000008004a44                _sidata = LOADADDR (.data)

.data           0x0000000020000000       0x74 load address 0x0000000008004a44
                0x0000000020000000                . = ALIGN (0x4)
                0x0000000020000000                _sdata = .
 *(.data)
 *(.data*)
 .data.eFsmCurrentState
                0x0000000020000000        0x1 Core/Src/fsm.o
 .data.eFsmNewEvent
                0x0000000020000001        0x1 Core/Src/fsm.o
 *fill*         0x0000000020000002        0x2 
 .data.SystemCoreClock
                0x0000000020000004        0x4 Core/Src/system_stm32l0xx.o
                0x0000000020000004                SystemCoreClock
 .data.uwTickPrio
                0x0000000020000008        0x4 Drivers/STM32L0xx_HAL_Driver/Src/stm32l0xx_hal.o
                0x0000000020000008                uwTickPrio
 .data.uwTickFreq
                0x000000002000000c        0x1 Drivers/STM32L0xx_HAL_Driver/Src/stm32l0xx_hal.o
                0x000000002000000c                uwTickFreq
 *fill*         0x000000002000000d        0x3 
 .data._impure_ptr
                0x0000000020000010        0x4 e:/programs/stm32cubeide/stm32cubeide_1.5.0/stm32cubeide/plugins/com.st.stm32cube.ide.mcu.externaltools.gnu-tools-for-stm32.7-2018-q2-update.win32_1.5.0.202011040924/tools/bin/../lib/gcc/arm-none-eabi/7.3.1/../../../../arm-none-eabi/lib/thumb/v6-m\libc_nano.a(lib_a-impure.o)
                0x0000000020000010                _impure_ptr
 .data.impure_data
                0x0000000020000014       0x60 e:/programs/stm32cubeide/stm32cubeide_1.5.0/stm32cubeide/plugins/com.st.stm32cube.ide.mcu.externaltools.gnu-tools-for-stm32.7-2018-q2-update.win32_1.5.0.202011040924/tools/bin/../lib/gcc/arm-none-eabi/7.3.1/../../../../arm-none-eabi/lib/thumb/v6-m\libc_nano.a(lib_a-impure.o)
 *(.RamFunc)
 *(.RamFunc*)
                0x0000000020000074                . = ALIGN (0x4)
                0x0000000020000074                _edata = .

.igot.plt       0x0000000020000074        0x0 load address 0x0000000008004ab8
 .igot.plt      0x0000000020000074        0x0 e:/programs/stm32cubeide/stm32cubeide_1.5.0/stm32cubeide/plugins/com.st.stm32cube.ide.mcu.externaltools.gnu-tools-for-stm32.7-2018-q2-update.win32_1.5.0.202011040924/tools/bin/../lib/gcc/arm-none-eabi/7.3.1/thumb/v6-m/crtbegin.o
                0x0000000020000074                . = ALIGN (0x4)

.bss            0x0000000020000074      0x1a4 load address 0x0000000008004ab8
                0x0000000020000074                _sbss = .
                0x0000000020000074                __bss_start__ = _sbss
 *(.bss)
 .bss           0x0000000020000074       0x1c e:/programs/stm32cubeide/stm32cubeide_1.5.0/stm32cubeide/plugins/com.st.stm32cube.ide.mcu.externaltools.gnu-tools-for-stm32.7-2018-q2-update.win32_1.5.0.202011040924/tools/bin/../lib/gcc/arm-none-eabi/7.3.1/thumb/v6-m/crtbegin.o
 *(.bss*)
 .bss.msgBuff.7098
                0x0000000020000090       0x19 Core/Src/fsm.o
 *fill*         0x00000000200000a9        0x3 
 .bss.__sbrk_heap_end
                0x00000000200000ac        0x4 Core/Src/sysmem.o
 .bss.__malloc_free_list
                0x00000000200000b0        0x4 e:/programs/stm32cubeide/stm32cubeide_1.5.0/stm32cubeide/plugins/com.st.stm32cube.ide.mcu.externaltools.gnu-tools-for-stm32.7-2018-q2-update.win32_1.5.0.202011040924/tools/bin/../lib/gcc/arm-none-eabi/7.3.1/../../../../arm-none-eabi/lib/thumb/v6-m\libc_nano.a(lib_a-nano-mallocr.o)
                0x00000000200000b0                __malloc_free_list
 .bss.__malloc_sbrk_start
                0x00000000200000b4        0x4 e:/programs/stm32cubeide/stm32cubeide_1.5.0/stm32cubeide/plugins/com.st.stm32cube.ide.mcu.externaltools.gnu-tools-for-stm32.7-2018-q2-update.win32_1.5.0.202011040924/tools/bin/../lib/gcc/arm-none-eabi/7.3.1/../../../../arm-none-eabi/lib/thumb/v6-m\libc_nano.a(lib_a-nano-mallocr.o)
                0x00000000200000b4                __malloc_sbrk_start
 *(COMMON)
 COMMON         0x00000000200000b8       0x4c Core/Src/i2c.o
                0x00000000200000b8                hi2c1
 COMMON         0x0000000020000104       0x40 Core/Src/tim.o
                0x0000000020000104                htim2
 COMMON         0x0000000020000144       0xcc Core/Src/usart.o
                0x0000000020000144                hdma_usart2_tx
                0x000000002000018c                huart2
 COMMON         0x0000000020000210        0x4 Drivers/STM32L0xx_HAL_Driver/Src/stm32l0xx_hal.o
                0x0000000020000210                uwTick
 COMMON         0x0000000020000214        0x4 e:/programs/stm32cubeide/stm32cubeide_1.5.0/stm32cubeide/plugins/com.st.stm32cube.ide.mcu.externaltools.gnu-tools-for-stm32.7-2018-q2-update.win32_1.5.0.202011040924/tools/bin/../lib/gcc/arm-none-eabi/7.3.1/../../../../arm-none-eabi/lib/thumb/v6-m\libc_nano.a(lib_a-reent.o)
                0x0000000020000214                errno
                0x0000000020000218                . = ALIGN (0x4)
                0x0000000020000218                _ebss = .
                0x0000000020000218                __bss_end__ = _ebss

._user_heap_stack
                0x0000000020000218      0x600 load address 0x0000000008004ab8
                0x0000000020000218                . = ALIGN (0x8)
                [!provide]                        PROVIDE (end = .)
                0x0000000020000218                PROVIDE (_end = .)
                0x0000000020000418                . = (. + _Min_Heap_Size)
 *fill*         0x0000000020000218      0x200 
                0x0000000020000818                . = (. + _Min_Stack_Size)
 *fill*         0x0000000020000418      0x400 
                0x0000000020000818                . = ALIGN (0x8)

/DISCARD/
 libc.a(*)
 libm.a(*)
 libgcc.a(*)

.ARM.attributes
                0x0000000000000000       0x28
 *(.ARM.attributes)
 .ARM.attributes
                0x0000000000000000       0x1e e:/programs/stm32cubeide/stm32cubeide_1.5.0/stm32cubeide/plugins/com.st.stm32cube.ide.mcu.externaltools.gnu-tools-for-stm32.7-2018-q2-update.win32_1.5.0.202011040924/tools/bin/../lib/gcc/arm-none-eabi/7.3.1/thumb/v6-m/crti.o
 .ARM.attributes
                0x000000000000001e       0x2c e:/programs/stm32cubeide/stm32cubeide_1.5.0/stm32cubeide/plugins/com.st.stm32cube.ide.mcu.externaltools.gnu-tools-for-stm32.7-2018-q2-update.win32_1.5.0.202011040924/tools/bin/../lib/gcc/arm-none-eabi/7.3.1/thumb/v6-m/crtbegin.o
 .ARM.attributes
                0x000000000000004a       0x32 Core/Src/dma.o
 .ARM.attributes
                0x000000000000007c       0x32 Core/Src/fsm.o
 .ARM.attributes
                0x00000000000000ae       0x32 Core/Src/gpio.o
 .ARM.attributes
                0x00000000000000e0       0x32 Core/Src/i2c.o
 .ARM.attributes
                0x0000000000000112       0x32 Core/Src/main.o
 .ARM.attributes
                0x0000000000000144       0x32 Core/Src/stm32l0xx_hal_msp.o
 .ARM.attributes
                0x0000000000000176       0x32 Core/Src/stm32l0xx_it.o
 .ARM.attributes
                0x00000000000001a8       0x32 Core/Src/sysmem.o
 .ARM.attributes
                0x00000000000001da       0x32 Core/Src/system_stm32l0xx.o
 .ARM.attributes
                0x000000000000020c       0x32 Core/Src/tim.o
 .ARM.attributes
                0x000000000000023e       0x32 Core/Src/usart.o
 .ARM.attributes
                0x0000000000000270       0x22 Core/Startup/startup_stm32l031f6px.o
 .ARM.attributes
                0x0000000000000292       0x32 Drivers/STM32L0xx_HAL_Driver/Src/stm32l0xx_hal.o
 .ARM.attributes
                0x00000000000002c4       0x32 Drivers/STM32L0xx_HAL_Driver/Src/stm32l0xx_hal_cortex.o
 .ARM.attributes
                0x00000000000002f6       0x32 Drivers/STM32L0xx_HAL_Driver/Src/stm32l0xx_hal_dma.o
 .ARM.attributes
                0x0000000000000328       0x32 Drivers/STM32L0xx_HAL_Driver/Src/stm32l0xx_hal_gpio.o
 .ARM.attributes
                0x000000000000035a       0x32 Drivers/STM32L0xx_HAL_Driver/Src/stm32l0xx_hal_i2c.o
 .ARM.attributes
                0x000000000000038c       0x32 Drivers/STM32L0xx_HAL_Driver/Src/stm32l0xx_hal_i2c_ex.o
 .ARM.attributes
                0x00000000000003be       0x32 Drivers/STM32L0xx_HAL_Driver/Src/stm32l0xx_hal_rcc.o
 .ARM.attributes
                0x00000000000003f0       0x32 Drivers/STM32L0xx_HAL_Driver/Src/stm32l0xx_hal_rcc_ex.o
 .ARM.attributes
                0x0000000000000422       0x32 Drivers/STM32L0xx_HAL_Driver/Src/stm32l0xx_hal_tim.o
 .ARM.attributes
                0x0000000000000454       0x32 Drivers/STM32L0xx_HAL_Driver/Src/stm32l0xx_hal_tim_ex.o
 .ARM.attributes
                0x0000000000000486       0x32 Drivers/STM32L0xx_HAL_Driver/Src/stm32l0xx_hal_uart.o
 .ARM.attributes
                0x00000000000004b8       0x32 Drivers/STM32L0xx_HAL_Driver/Src/stm32l0xx_hal_uart_ex.o
 .ARM.attributes
                0x00000000000004ea       0x2c e:/programs/stm32cubeide/stm32cubeide_1.5.0/stm32cubeide/plugins/com.st.stm32cube.ide.mcu.externaltools.gnu-tools-for-stm32.7-2018-q2-update.win32_1.5.0.202011040924/tools/bin/../lib/gcc/arm-none-eabi/7.3.1/../../../../arm-none-eabi/lib/thumb/v6-m\libc_nano.a(lib_a-errno.o)
 .ARM.attributes
                0x0000000000000516       0x2c e:/programs/stm32cubeide/stm32cubeide_1.5.0/stm32cubeide/plugins/com.st.stm32cube.ide.mcu.externaltools.gnu-tools-for-stm32.7-2018-q2-update.win32_1.5.0.202011040924/tools/bin/../lib/gcc/arm-none-eabi/7.3.1/../../../../arm-none-eabi/lib/thumb/v6-m\libc_nano.a(lib_a-impure.o)
 .ARM.attributes
                0x0000000000000542       0x2c e:/programs/stm32cubeide/stm32cubeide_1.5.0/stm32cubeide/plugins/com.st.stm32cube.ide.mcu.externaltools.gnu-tools-for-stm32.7-2018-q2-update.win32_1.5.0.202011040924/tools/bin/../lib/gcc/arm-none-eabi/7.3.1/../../../../arm-none-eabi/lib/thumb/v6-m\libc_nano.a(lib_a-init.o)
 .ARM.attributes
                0x000000000000056e       0x2c e:/programs/stm32cubeide/stm32cubeide_1.5.0/stm32cubeide/plugins/com.st.stm32cube.ide.mcu.externaltools.gnu-tools-for-stm32.7-2018-q2-update.win32_1.5.0.202011040924/tools/bin/../lib/gcc/arm-none-eabi/7.3.1/../../../../arm-none-eabi/lib/thumb/v6-m\libc_nano.a(lib_a-memset.o)
 .ARM.attributes
                0x000000000000059a       0x2c e:/programs/stm32cubeide/stm32cubeide_1.5.0/stm32cubeide/plugins/com.st.stm32cube.ide.mcu.externaltools.gnu-tools-for-stm32.7-2018-q2-update.win32_1.5.0.202011040924/tools/bin/../lib/gcc/arm-none-eabi/7.3.1/../../../../arm-none-eabi/lib/thumb/v6-m\libc_nano.a(lib_a-sprintf.o)
 .ARM.attributes
                0x00000000000005c6       0x2c e:/programs/stm32cubeide/stm32cubeide_1.5.0/stm32cubeide/plugins/com.st.stm32cube.ide.mcu.externaltools.gnu-tools-for-stm32.7-2018-q2-update.win32_1.5.0.202011040924/tools/bin/../lib/gcc/arm-none-eabi/7.3.1/../../../../arm-none-eabi/lib/thumb/v6-m\libc_nano.a(lib_a-nano-svfprintf.o)
 .ARM.attributes
                0x00000000000005f2       0x2c e:/programs/stm32cubeide/stm32cubeide_1.5.0/stm32cubeide/plugins/com.st.stm32cube.ide.mcu.externaltools.gnu-tools-for-stm32.7-2018-q2-update.win32_1.5.0.202011040924/tools/bin/../lib/gcc/arm-none-eabi/7.3.1/../../../../arm-none-eabi/lib/thumb/v6-m\libc_nano.a(lib_a-nano-vfprintf_i.o)
 .ARM.attributes
                0x000000000000061e       0x2c e:/programs/stm32cubeide/stm32cubeide_1.5.0/stm32cubeide/plugins/com.st.stm32cube.ide.mcu.externaltools.gnu-tools-for-stm32.7-2018-q2-update.win32_1.5.0.202011040924/tools/bin/../lib/gcc/arm-none-eabi/7.3.1/../../../../arm-none-eabi/lib/thumb/v6-m\libc_nano.a(lib_a-memchr-stub.o)
 .ARM.attributes
                0x000000000000064a       0x2c e:/programs/stm32cubeide/stm32cubeide_1.5.0/stm32cubeide/plugins/com.st.stm32cube.ide.mcu.externaltools.gnu-tools-for-stm32.7-2018-q2-update.win32_1.5.0.202011040924/tools/bin/../lib/gcc/arm-none-eabi/7.3.1/../../../../arm-none-eabi/lib/thumb/v6-m\libc_nano.a(lib_a-memcpy-stub.o)
 .ARM.attributes
                0x0000000000000676       0x2c e:/programs/stm32cubeide/stm32cubeide_1.5.0/stm32cubeide/plugins/com.st.stm32cube.ide.mcu.externaltools.gnu-tools-for-stm32.7-2018-q2-update.win32_1.5.0.202011040924/tools/bin/../lib/gcc/arm-none-eabi/7.3.1/../../../../arm-none-eabi/lib/thumb/v6-m\libc_nano.a(lib_a-memmove.o)
 .ARM.attributes
                0x00000000000006a2       0x2c e:/programs/stm32cubeide/stm32cubeide_1.5.0/stm32cubeide/plugins/com.st.stm32cube.ide.mcu.externaltools.gnu-tools-for-stm32.7-2018-q2-update.win32_1.5.0.202011040924/tools/bin/../lib/gcc/arm-none-eabi/7.3.1/../../../../arm-none-eabi/lib/thumb/v6-m\libc_nano.a(lib_a-nano-freer.o)
 .ARM.attributes
                0x00000000000006ce       0x2c e:/programs/stm32cubeide/stm32cubeide_1.5.0/stm32cubeide/plugins/com.st.stm32cube.ide.mcu.externaltools.gnu-tools-for-stm32.7-2018-q2-update.win32_1.5.0.202011040924/tools/bin/../lib/gcc/arm-none-eabi/7.3.1/../../../../arm-none-eabi/lib/thumb/v6-m\libc_nano.a(lib_a-nano-mallocr.o)
 .ARM.attributes
                0x00000000000006fa       0x2c e:/programs/stm32cubeide/stm32cubeide_1.5.0/stm32cubeide/plugins/com.st.stm32cube.ide.mcu.externaltools.gnu-tools-for-stm32.7-2018-q2-update.win32_1.5.0.202011040924/tools/bin/../lib/gcc/arm-none-eabi/7.3.1/../../../../arm-none-eabi/lib/thumb/v6-m\libc_nano.a(lib_a-nano-reallocr.o)
 .ARM.attributes
                0x0000000000000726       0x2c e:/programs/stm32cubeide/stm32cubeide_1.5.0/stm32cubeide/plugins/com.st.stm32cube.ide.mcu.externaltools.gnu-tools-for-stm32.7-2018-q2-update.win32_1.5.0.202011040924/tools/bin/../lib/gcc/arm-none-eabi/7.3.1/../../../../arm-none-eabi/lib/thumb/v6-m\libc_nano.a(lib_a-sbrkr.o)
 .ARM.attributes
                0x0000000000000752       0x2c e:/programs/stm32cubeide/stm32cubeide_1.5.0/stm32cubeide/plugins/com.st.stm32cube.ide.mcu.externaltools.gnu-tools-for-stm32.7-2018-q2-update.win32_1.5.0.202011040924/tools/bin/../lib/gcc/arm-none-eabi/7.3.1/../../../../arm-none-eabi/lib/thumb/v6-m\libc_nano.a(lib_a-mlock.o)
 .ARM.attributes
                0x000000000000077e       0x2c e:/programs/stm32cubeide/stm32cubeide_1.5.0/stm32cubeide/plugins/com.st.stm32cube.ide.mcu.externaltools.gnu-tools-for-stm32.7-2018-q2-update.win32_1.5.0.202011040924/tools/bin/../lib/gcc/arm-none-eabi/7.3.1/../../../../arm-none-eabi/lib/thumb/v6-m\libc_nano.a(lib_a-nano-msizer.o)
 .ARM.attributes
                0x00000000000007aa       0x2c e:/programs/stm32cubeide/stm32cubeide_1.5.0/stm32cubeide/plugins/com.st.stm32cube.ide.mcu.externaltools.gnu-tools-for-stm32.7-2018-q2-update.win32_1.5.0.202011040924/tools/bin/../lib/gcc/arm-none-eabi/7.3.1/../../../../arm-none-eabi/lib/thumb/v6-m\libc_nano.a(lib_a-reent.o)
 .ARM.attributes
                0x00000000000007d6       0x1e e:/programs/stm32cubeide/stm32cubeide_1.5.0/stm32cubeide/plugins/com.st.stm32cube.ide.mcu.externaltools.gnu-tools-for-stm32.7-2018-q2-update.win32_1.5.0.202011040924/tools/bin/../lib/gcc/arm-none-eabi/7.3.1/thumb/v6-m\libgcc.a(_udivsi3.o)
 .ARM.attributes
                0x00000000000007f4       0x1e e:/programs/stm32cubeide/stm32cubeide_1.5.0/stm32cubeide/plugins/com.st.stm32cube.ide.mcu.externaltools.gnu-tools-for-stm32.7-2018-q2-update.win32_1.5.0.202011040924/tools/bin/../lib/gcc/arm-none-eabi/7.3.1/thumb/v6-m\libgcc.a(_dvmd_tls.o)
 .ARM.attributes
                0x0000000000000812       0x1e e:/programs/stm32cubeide/stm32cubeide_1.5.0/stm32cubeide/plugins/com.st.stm32cube.ide.mcu.externaltools.gnu-tools-for-stm32.7-2018-q2-update.win32_1.5.0.202011040924/tools/bin/../lib/gcc/arm-none-eabi/7.3.1/thumb/v6-m\libgcc.a(_aeabi_uldivmod.o)
 .ARM.attributes
                0x0000000000000830       0x2c e:/programs/stm32cubeide/stm32cubeide_1.5.0/stm32cubeide/plugins/com.st.stm32cube.ide.mcu.externaltools.gnu-tools-for-stm32.7-2018-q2-update.win32_1.5.0.202011040924/tools/bin/../lib/gcc/arm-none-eabi/7.3.1/thumb/v6-m\libgcc.a(_muldi3.o)
 .ARM.attributes
                0x000000000000085c       0x2c e:/programs/stm32cubeide/stm32cubeide_1.5.0/stm32cubeide/plugins/com.st.stm32cube.ide.mcu.externaltools.gnu-tools-for-stm32.7-2018-q2-update.win32_1.5.0.202011040924/tools/bin/../lib/gcc/arm-none-eabi/7.3.1/thumb/v6-m\libgcc.a(_udivmoddi4.o)
 .ARM.attributes
                0x0000000000000888       0x1e e:/programs/stm32cubeide/stm32cubeide_1.5.0/stm32cubeide/plugins/com.st.stm32cube.ide.mcu.externaltools.gnu-tools-for-stm32.7-2018-q2-update.win32_1.5.0.202011040924/tools/bin/../lib/gcc/arm-none-eabi/7.3.1/thumb/v6-m\libgcc.a(_clzdi2.o)
 .ARM.attributes
                0x00000000000008a6       0x1e e:/programs/stm32cubeide/stm32cubeide_1.5.0/stm32cubeide/plugins/com.st.stm32cube.ide.mcu.externaltools.gnu-tools-for-stm32.7-2018-q2-update.win32_1.5.0.202011040924/tools/bin/../lib/gcc/arm-none-eabi/7.3.1/thumb/v6-m\libgcc.a(_clzsi2.o)
 .ARM.attributes
                0x00000000000008c4       0x1e e:/programs/stm32cubeide/stm32cubeide_1.5.0/stm32cubeide/plugins/com.st.stm32cube.ide.mcu.externaltools.gnu-tools-for-stm32.7-2018-q2-update.win32_1.5.0.202011040924/tools/bin/../lib/gcc/arm-none-eabi/7.3.1/thumb/v6-m/crtn.o
OUTPUT(HPR_motor_controler_firmware.elf elf32-littlearm)

.debug_info     0x0000000000000000    0x101da
 .debug_info    0x0000000000000000      0x361 Core/Src/dma.o
 .debug_info    0x0000000000000361     0x11b8 Core/Src/fsm.o
 .debug_info    0x0000000000001519      0x3e1 Core/Src/gpio.o
 .debug_info    0x00000000000018fa      0x936 Core/Src/i2c.o
 .debug_info    0x0000000000002230      0xf58 Core/Src/main.o
 .debug_info    0x0000000000003188      0x2a4 Core/Src/stm32l0xx_hal_msp.o
 .debug_info    0x000000000000342c      0x70c Core/Src/stm32l0xx_it.o
 .debug_info    0x0000000000003b38      0x985 Core/Src/sysmem.o
 .debug_info    0x00000000000044bd      0x334 Core/Src/system_stm32l0xx.o
 .debug_info    0x00000000000047f1      0xa5b Core/Src/tim.o
 .debug_info    0x000000000000524c      0xa19 Core/Src/usart.o
 .debug_info    0x0000000000005c65       0x22 Core/Startup/startup_stm32l031f6px.o
 .debug_info    0x0000000000005c87      0x83f Drivers/STM32L0xx_HAL_Driver/Src/stm32l0xx_hal.o
 .debug_info    0x00000000000064c6      0x762 Drivers/STM32L0xx_HAL_Driver/Src/stm32l0xx_hal_cortex.o
 .debug_info    0x0000000000006c28      0x7c5 Drivers/STM32L0xx_HAL_Driver/Src/stm32l0xx_hal_dma.o
 .debug_info    0x00000000000073ed      0x71a Drivers/STM32L0xx_HAL_Driver/Src/stm32l0xx_hal_gpio.o
 .debug_info    0x0000000000007b07     0x1fe5 Drivers/STM32L0xx_HAL_Driver/Src/stm32l0xx_hal_i2c.o
 .debug_info    0x0000000000009aec      0x931 Drivers/STM32L0xx_HAL_Driver/Src/stm32l0xx_hal_i2c_ex.o
 .debug_info    0x000000000000a41d      0x925 Drivers/STM32L0xx_HAL_Driver/Src/stm32l0xx_hal_rcc.o
 .debug_info    0x000000000000ad42      0x518 Drivers/STM32L0xx_HAL_Driver/Src/stm32l0xx_hal_rcc_ex.o
 .debug_info    0x000000000000b25a     0x26c8 Drivers/STM32L0xx_HAL_Driver/Src/stm32l0xx_hal_tim.o
 .debug_info    0x000000000000d922      0x767 Drivers/STM32L0xx_HAL_Driver/Src/stm32l0xx_hal_tim_ex.o
 .debug_info    0x000000000000e089     0x1706 Drivers/STM32L0xx_HAL_Driver/Src/stm32l0xx_hal_uart.o
 .debug_info    0x000000000000f78f      0xa4b Drivers/STM32L0xx_HAL_Driver/Src/stm32l0xx_hal_uart_ex.o

.debug_abbrev   0x0000000000000000     0x2833
 .debug_abbrev  0x0000000000000000      0x107 Core/Src/dma.o
 .debug_abbrev  0x0000000000000107      0x24f Core/Src/fsm.o
 .debug_abbrev  0x0000000000000356      0x129 Core/Src/gpio.o
 .debug_abbrev  0x000000000000047f      0x199 Core/Src/i2c.o
 .debug_abbrev  0x0000000000000618      0x1d0 Core/Src/main.o
 .debug_abbrev  0x00000000000007e8       0xe6 Core/Src/stm32l0xx_hal_msp.o
 .debug_abbrev  0x00000000000008ce      0x158 Core/Src/stm32l0xx_it.o
 .debug_abbrev  0x0000000000000a26      0x19b Core/Src/sysmem.o
 .debug_abbrev  0x0000000000000bc1      0x12b Core/Src/system_stm32l0xx.o
 .debug_abbrev  0x0000000000000cec      0x1b9 Core/Src/tim.o
 .debug_abbrev  0x0000000000000ea5      0x1a8 Core/Src/usart.o
 .debug_abbrev  0x000000000000104d       0x12 Core/Startup/startup_stm32l031f6px.o
 .debug_abbrev  0x000000000000105f      0x235 Drivers/STM32L0xx_HAL_Driver/Src/stm32l0xx_hal.o
 .debug_abbrev  0x0000000000001294      0x257 Drivers/STM32L0xx_HAL_Driver/Src/stm32l0xx_hal_cortex.o
 .debug_abbrev  0x00000000000014eb      0x1cc Drivers/STM32L0xx_HAL_Driver/Src/stm32l0xx_hal_dma.o
 .debug_abbrev  0x00000000000016b7      0x1c0 Drivers/STM32L0xx_HAL_Driver/Src/stm32l0xx_hal_gpio.o
 .debug_abbrev  0x0000000000001877      0x239 Drivers/STM32L0xx_HAL_Driver/Src/stm32l0xx_hal_i2c.o
 .debug_abbrev  0x0000000000001ab0      0x1b0 Drivers/STM32L0xx_HAL_Driver/Src/stm32l0xx_hal_i2c_ex.o
 .debug_abbrev  0x0000000000001c60      0x21a Drivers/STM32L0xx_HAL_Driver/Src/stm32l0xx_hal_rcc.o
 .debug_abbrev  0x0000000000001e7a      0x1c7 Drivers/STM32L0xx_HAL_Driver/Src/stm32l0xx_hal_rcc_ex.o
 .debug_abbrev  0x0000000000002041      0x23f Drivers/STM32L0xx_HAL_Driver/Src/stm32l0xx_hal_tim.o
 .debug_abbrev  0x0000000000002280      0x19e Drivers/STM32L0xx_HAL_Driver/Src/stm32l0xx_hal_tim_ex.o
 .debug_abbrev  0x000000000000241e      0x224 Drivers/STM32L0xx_HAL_Driver/Src/stm32l0xx_hal_uart.o
 .debug_abbrev  0x0000000000002642      0x1f1 Drivers/STM32L0xx_HAL_Driver/Src/stm32l0xx_hal_uart_ex.o

.debug_aranges  0x0000000000000000      0xf48
 .debug_aranges
                0x0000000000000000       0x20 Core/Src/dma.o
 .debug_aranges
                0x0000000000000020       0x70 Core/Src/fsm.o
 .debug_aranges
                0x0000000000000090       0x20 Core/Src/gpio.o
 .debug_aranges
                0x00000000000000b0       0x30 Core/Src/i2c.o
 .debug_aranges
                0x00000000000000e0       0x30 Core/Src/main.o
 .debug_aranges
                0x0000000000000110       0x20 Core/Src/stm32l0xx_hal_msp.o
 .debug_aranges
                0x0000000000000130       0x50 Core/Src/stm32l0xx_it.o
 .debug_aranges
                0x0000000000000180       0x20 Core/Src/sysmem.o
 .debug_aranges
                0x00000000000001a0       0x28 Core/Src/system_stm32l0xx.o
 .debug_aranges
                0x00000000000001c8       0x38 Core/Src/tim.o
 .debug_aranges
                0x0000000000000200       0x30 Core/Src/usart.o
 .debug_aranges
                0x0000000000000230       0x28 Core/Startup/startup_stm32l031f6px.o
 .debug_aranges
                0x0000000000000258      0x110 Drivers/STM32L0xx_HAL_Driver/Src/stm32l0xx_hal.o
 .debug_aranges
                0x0000000000000368       0xc0 Drivers/STM32L0xx_HAL_Driver/Src/stm32l0xx_hal_cortex.o
 .debug_aranges
                0x0000000000000428       0x80 Drivers/STM32L0xx_HAL_Driver/Src/stm32l0xx_hal_dma.o
 .debug_aranges
                0x00000000000004a8       0x58 Drivers/STM32L0xx_HAL_Driver/Src/stm32l0xx_hal_gpio.o
 .debug_aranges
                0x0000000000000500      0x290 Drivers/STM32L0xx_HAL_Driver/Src/stm32l0xx_hal_i2c.o
 .debug_aranges
                0x0000000000000790       0x48 Drivers/STM32L0xx_HAL_Driver/Src/stm32l0xx_hal_i2c_ex.o
 .debug_aranges
                0x00000000000007d8       0x80 Drivers/STM32L0xx_HAL_Driver/Src/stm32l0xx_hal_rcc.o
 .debug_aranges
                0x0000000000000858       0x58 Drivers/STM32L0xx_HAL_Driver/Src/stm32l0xx_hal_rcc_ex.o
 .debug_aranges
                0x00000000000008b0      0x3d0 Drivers/STM32L0xx_HAL_Driver/Src/stm32l0xx_hal_tim.o
 .debug_aranges
                0x0000000000000c80       0x28 Drivers/STM32L0xx_HAL_Driver/Src/stm32l0xx_hal_tim_ex.o
 .debug_aranges
                0x0000000000000ca8      0x228 Drivers/STM32L0xx_HAL_Driver/Src/stm32l0xx_hal_uart.o
 .debug_aranges
                0x0000000000000ed0       0x78 Drivers/STM32L0xx_HAL_Driver/Src/stm32l0xx_hal_uart_ex.o

.debug_ranges   0x0000000000000000      0xe00
 .debug_ranges  0x0000000000000000       0x10 Core/Src/dma.o
 .debug_ranges  0x0000000000000010       0x60 Core/Src/fsm.o
 .debug_ranges  0x0000000000000070       0x10 Core/Src/gpio.o
 .debug_ranges  0x0000000000000080       0x20 Core/Src/i2c.o
 .debug_ranges  0x00000000000000a0       0x20 Core/Src/main.o
 .debug_ranges  0x00000000000000c0       0x10 Core/Src/stm32l0xx_hal_msp.o
 .debug_ranges  0x00000000000000d0       0x40 Core/Src/stm32l0xx_it.o
 .debug_ranges  0x0000000000000110       0x10 Core/Src/sysmem.o
 .debug_ranges  0x0000000000000120       0x18 Core/Src/system_stm32l0xx.o
 .debug_ranges  0x0000000000000138       0x28 Core/Src/tim.o
 .debug_ranges  0x0000000000000160       0x20 Core/Src/usart.o
 .debug_ranges  0x0000000000000180       0x20 Core/Startup/startup_stm32l031f6px.o
 .debug_ranges  0x00000000000001a0      0x100 Drivers/STM32L0xx_HAL_Driver/Src/stm32l0xx_hal.o
 .debug_ranges  0x00000000000002a0       0xb0 Drivers/STM32L0xx_HAL_Driver/Src/stm32l0xx_hal_cortex.o
 .debug_ranges  0x0000000000000350       0x70 Drivers/STM32L0xx_HAL_Driver/Src/stm32l0xx_hal_dma.o
 .debug_ranges  0x00000000000003c0       0x48 Drivers/STM32L0xx_HAL_Driver/Src/stm32l0xx_hal_gpio.o
 .debug_ranges  0x0000000000000408      0x280 Drivers/STM32L0xx_HAL_Driver/Src/stm32l0xx_hal_i2c.o
 .debug_ranges  0x0000000000000688       0x38 Drivers/STM32L0xx_HAL_Driver/Src/stm32l0xx_hal_i2c_ex.o
 .debug_ranges  0x00000000000006c0       0x70 Drivers/STM32L0xx_HAL_Driver/Src/stm32l0xx_hal_rcc.o
 .debug_ranges  0x0000000000000730       0x48 Drivers/STM32L0xx_HAL_Driver/Src/stm32l0xx_hal_rcc_ex.o
 .debug_ranges  0x0000000000000778      0x3c0 Drivers/STM32L0xx_HAL_Driver/Src/stm32l0xx_hal_tim.o
 .debug_ranges  0x0000000000000b38       0x18 Drivers/STM32L0xx_HAL_Driver/Src/stm32l0xx_hal_tim_ex.o
 .debug_ranges  0x0000000000000b50      0x248 Drivers/STM32L0xx_HAL_Driver/Src/stm32l0xx_hal_uart.o
 .debug_ranges  0x0000000000000d98       0x68 Drivers/STM32L0xx_HAL_Driver/Src/stm32l0xx_hal_uart_ex.o

.debug_macro    0x0000000000000000    0x13037
 .debug_macro   0x0000000000000000      0x1d8 Core/Src/dma.o
 .debug_macro   0x00000000000001d8      0xa48 Core/Src/dma.o
 .debug_macro   0x0000000000000c20      0x125 Core/Src/dma.o
 .debug_macro   0x0000000000000d45       0x2e Core/Src/dma.o
 .debug_macro   0x0000000000000d73       0x28 Core/Src/dma.o
 .debug_macro   0x0000000000000d9b       0x22 Core/Src/dma.o
 .debug_macro   0x0000000000000dbd       0x8e Core/Src/dma.o
 .debug_macro   0x0000000000000e4b       0x51 Core/Src/dma.o
 .debug_macro   0x0000000000000e9c       0xef Core/Src/dma.o
 .debug_macro   0x0000000000000f8b       0x6a Core/Src/dma.o
 .debug_macro   0x0000000000000ff5      0x1df Core/Src/dma.o
 .debug_macro   0x00000000000011d4       0x1c Core/Src/dma.o
 .debug_macro   0x00000000000011f0       0x22 Core/Src/dma.o
 .debug_macro   0x0000000000001212       0xb5 Core/Src/dma.o
 .debug_macro   0x00000000000012c7      0x3ad Core/Src/dma.o
 .debug_macro   0x0000000000001674     0x7ef9 Core/Src/dma.o
 .debug_macro   0x000000000000956d       0x3c Core/Src/dma.o
 .debug_macro   0x00000000000095a9     0x352b Core/Src/dma.o
 .debug_macro   0x000000000000cad4      0x174 Core/Src/dma.o
 .debug_macro   0x000000000000cc48       0x5b Core/Src/dma.o
 .debug_macro   0x000000000000cca3      0x8b5 Core/Src/dma.o
 .debug_macro   0x000000000000d558      0x474 Core/Src/dma.o
 .debug_macro   0x000000000000d9cc      0x189 Core/Src/dma.o
 .debug_macro   0x000000000000db55      0x13f Core/Src/dma.o
 .debug_macro   0x000000000000dc94      0x10d Core/Src/dma.o
 .debug_macro   0x000000000000dda1      0x28e Core/Src/dma.o
 .debug_macro   0x000000000000e02f       0x28 Core/Src/dma.o
 .debug_macro   0x000000000000e057      0x129 Core/Src/dma.o
 .debug_macro   0x000000000000e180      0x244 Core/Src/dma.o
 .debug_macro   0x000000000000e3c4      0x22c Core/Src/dma.o
 .debug_macro   0x000000000000e5f0       0x5b Core/Src/dma.o
 .debug_macro   0x000000000000e64b       0xa5 Core/Src/dma.o
 .debug_macro   0x000000000000e6f0      0x18d Core/Src/dma.o
 .debug_macro   0x000000000000e87d       0x16 Core/Src/dma.o
 .debug_macro   0x000000000000e893      0x773 Core/Src/dma.o
 .debug_macro   0x000000000000f006       0xc6 Core/Src/dma.o
 .debug_macro   0x000000000000f0cc      0x5ba Core/Src/dma.o
 .debug_macro   0x000000000000f686       0x44 Core/Src/dma.o
 .debug_macro   0x000000000000f6ca      0x12a Core/Src/dma.o
 .debug_macro   0x000000000000f7f4       0x34 Core/Src/dma.o
 .debug_macro   0x000000000000f828      0x33b Core/Src/fsm.o
 .debug_macro   0x000000000000fb63       0x40 Core/Src/fsm.o
 .debug_macro   0x000000000000fba3       0x18 Core/Src/fsm.o
 .debug_macro   0x000000000000fbbb       0x94 Core/Src/fsm.o
 .debug_macro   0x000000000000fc4f       0x3c Core/Src/fsm.o
 .debug_macro   0x000000000000fc8b       0x34 Core/Src/fsm.o
 .debug_macro   0x000000000000fcbf       0x16 Core/Src/fsm.o
 .debug_macro   0x000000000000fcd5       0x57 Core/Src/fsm.o
 .debug_macro   0x000000000000fd2c       0x35 Core/Src/fsm.o
 .debug_macro   0x000000000000fd61      0x330 Core/Src/fsm.o
 .debug_macro   0x0000000000010091       0x10 Core/Src/fsm.o
 .debug_macro   0x00000000000100a1       0x52 Core/Src/fsm.o
 .debug_macro   0x00000000000100f3       0x1f Core/Src/fsm.o
 .debug_macro   0x0000000000010112       0x43 Core/Src/fsm.o
 .debug_macro   0x0000000000010155       0x20 Core/Src/fsm.o
 .debug_macro   0x0000000000010175      0x1a3 Core/Src/fsm.o
 .debug_macro   0x0000000000010318       0x10 Core/Src/fsm.o
 .debug_macro   0x0000000000010328       0x1c Core/Src/fsm.o
 .debug_macro   0x0000000000010344       0x52 Core/Src/fsm.o
 .debug_macro   0x0000000000010396       0x40 Core/Src/fsm.o
 .debug_macro   0x00000000000103d6       0x10 Core/Src/fsm.o
 .debug_macro   0x00000000000103e6       0x40 Core/Src/fsm.o
 .debug_macro   0x0000000000010426       0xd7 Core/Src/fsm.o
 .debug_macro   0x00000000000104fd       0x1c Core/Src/fsm.o
 .debug_macro   0x0000000000010519       0x3d Core/Src/fsm.o
 .debug_macro   0x0000000000010556       0x16 Core/Src/fsm.o
 .debug_macro   0x000000000001056c      0x145 Core/Src/fsm.o
 .debug_macro   0x00000000000106b1       0x10 Core/Src/fsm.o
 .debug_macro   0x00000000000106c1       0xaf Core/Src/fsm.o
 .debug_macro   0x0000000000010770       0x55 Core/Src/fsm.o
 .debug_macro   0x00000000000107c5      0x1d8 Core/Src/gpio.o
 .debug_macro   0x000000000001099d      0x1d8 Core/Src/i2c.o
 .debug_macro   0x0000000000010b75      0x20d Core/Src/main.o
 .debug_macro   0x0000000000010d82      0x1ce Core/Src/stm32l0xx_hal_msp.o
 .debug_macro   0x0000000000010f50      0x1d8 Core/Src/stm32l0xx_it.o
 .debug_macro   0x0000000000011128       0xee Core/Src/sysmem.o
 .debug_macro   0x0000000000011216      0x23b Core/Src/sysmem.o
 .debug_macro   0x0000000000011451      0x1bf Core/Src/system_stm32l0xx.o
 .debug_macro   0x0000000000011610      0x1d8 Core/Src/tim.o
 .debug_macro   0x00000000000117e8      0x1d8 Core/Src/usart.o
 .debug_macro   0x00000000000119c0      0x1e3 Drivers/STM32L0xx_HAL_Driver/Src/stm32l0xx_hal.o
 .debug_macro   0x0000000000011ba3      0x1bf Drivers/STM32L0xx_HAL_Driver/Src/stm32l0xx_hal_cortex.o
 .debug_macro   0x0000000000011d62      0x1bf Drivers/STM32L0xx_HAL_Driver/Src/stm32l0xx_hal_dma.o
 .debug_macro   0x0000000000011f21      0x1f7 Drivers/STM32L0xx_HAL_Driver/Src/stm32l0xx_hal_gpio.o
 .debug_macro   0x0000000000012118      0x284 Drivers/STM32L0xx_HAL_Driver/Src/stm32l0xx_hal_i2c.o
 .debug_macro   0x000000000001239c      0x1bf Drivers/STM32L0xx_HAL_Driver/Src/stm32l0xx_hal_i2c_ex.o
 .debug_macro   0x000000000001255b      0x1f5 Drivers/STM32L0xx_HAL_Driver/Src/stm32l0xx_hal_rcc.o
 .debug_macro   0x0000000000012750      0x1bf Drivers/STM32L0xx_HAL_Driver/Src/stm32l0xx_hal_rcc_ex.o
 .debug_macro   0x000000000001290f      0x1c0 Drivers/STM32L0xx_HAL_Driver/Src/stm32l0xx_hal_tim.o
 .debug_macro   0x0000000000012acf      0x1bf Drivers/STM32L0xx_HAL_Driver/Src/stm32l0xx_hal_tim_ex.o
 .debug_macro   0x0000000000012c8e      0x1ea Drivers/STM32L0xx_HAL_Driver/Src/stm32l0xx_hal_uart.o
 .debug_macro   0x0000000000012e78      0x1bf Drivers/STM32L0xx_HAL_Driver/Src/stm32l0xx_hal_uart_ex.o

.debug_line     0x0000000000000000     0xf5e3
 .debug_line    0x0000000000000000      0x75e Core/Src/dma.o
 .debug_line    0x000000000000075e      0xbd7 Core/Src/fsm.o
 .debug_line    0x0000000000001335      0x769 Core/Src/gpio.o
 .debug_line    0x0000000000001a9e      0x799 Core/Src/i2c.o
 .debug_line    0x0000000000002237      0x7f2 Core/Src/main.o
 .debug_line    0x0000000000002a29      0x763 Core/Src/stm32l0xx_hal_msp.o
 .debug_line    0x000000000000318c      0x7df Core/Src/stm32l0xx_it.o
 .debug_line    0x000000000000396b      0x61f Core/Src/sysmem.o
 .debug_line    0x0000000000003f8a      0x78a Core/Src/system_stm32l0xx.o
 .debug_line    0x0000000000004714      0x7b8 Core/Src/tim.o
 .debug_line    0x0000000000004ecc      0x7a9 Core/Src/usart.o
 .debug_line    0x0000000000005675       0x89 Core/Startup/startup_stm32l031f6px.o
 .debug_line    0x00000000000056fe      0x9ae Drivers/STM32L0xx_HAL_Driver/Src/stm32l0xx_hal.o
 .debug_line    0x00000000000060ac      0x935 Drivers/STM32L0xx_HAL_Driver/Src/stm32l0xx_hal_cortex.o
 .debug_line    0x00000000000069e1      0x96c Drivers/STM32L0xx_HAL_Driver/Src/stm32l0xx_hal_dma.o
 .debug_line    0x000000000000734d      0x8dc Drivers/STM32L0xx_HAL_Driver/Src/stm32l0xx_hal_gpio.o
 .debug_line    0x0000000000007c29     0x1b53 Drivers/STM32L0xx_HAL_Driver/Src/stm32l0xx_hal_i2c.o
 .debug_line    0x000000000000977c      0x8a7 Drivers/STM32L0xx_HAL_Driver/Src/stm32l0xx_hal_i2c_ex.o
 .debug_line    0x000000000000a023      0xa1e Drivers/STM32L0xx_HAL_Driver/Src/stm32l0xx_hal_rcc.o
 .debug_line    0x000000000000aa41      0x900 Drivers/STM32L0xx_HAL_Driver/Src/stm32l0xx_hal_rcc_ex.o
 .debug_line    0x000000000000b341     0x1da3 Drivers/STM32L0xx_HAL_Driver/Src/stm32l0xx_hal_tim.o
 .debug_line    0x000000000000d0e4      0x7e3 Drivers/STM32L0xx_HAL_Driver/Src/stm32l0xx_hal_tim_ex.o
 .debug_line    0x000000000000d8c7     0x1314 Drivers/STM32L0xx_HAL_Driver/Src/stm32l0xx_hal_uart.o
 .debug_line    0x000000000000ebdb      0xa08 Drivers/STM32L0xx_HAL_Driver/Src/stm32l0xx_hal_uart_ex.o

.debug_str      0x0000000000000000    0x6f17b
 .debug_str     0x0000000000000000    0x66640 Core/Src/dma.o
                                      0x66969 (size before relaxing)
 .debug_str     0x0000000000066640     0x4676 Core/Src/fsm.o
                                      0x6aea2 (size before relaxing)
 .debug_str     0x000000000006acb6       0xb0 Core/Src/gpio.o
                                      0x668af (size before relaxing)
 .debug_str     0x000000000006ad66      0x2c5 Core/Src/i2c.o
                                      0x66d84 (size before relaxing)
 .debug_str     0x000000000006b02b      0x4ad Core/Src/main.o
                                      0x6741c (size before relaxing)
 .debug_str     0x000000000006b4d8       0x2c Core/Src/stm32l0xx_hal_msp.o
                                      0x6681f (size before relaxing)
 .debug_str     0x000000000006b504       0x97 Core/Src/stm32l0xx_it.o
                                      0x66c0c (size before relaxing)
 .debug_str     0x000000000006b59b      0x4e9 Core/Src/sysmem.o
                                       0x5ed0 (size before relaxing)
 .debug_str     0x000000000006ba84       0x61 Core/Src/system_stm32l0xx.o
                                      0x66796 (size before relaxing)
 .debug_str     0x000000000006bae5      0x155 Core/Src/tim.o
                                      0x66ea7 (size before relaxing)
 .debug_str     0x000000000006bc3a       0x57 Core/Src/usart.o
                                      0x66e3c (size before relaxing)
 .debug_str     0x000000000006bc91       0x36 Core/Startup/startup_stm32l031f6px.o
                                         0x82 (size before relaxing)
 .debug_str     0x000000000006bcc7      0x404 Drivers/STM32L0xx_HAL_Driver/Src/stm32l0xx_hal.o
                                      0x66dc1 (size before relaxing)
 .debug_str     0x000000000006c0cb      0x209 Drivers/STM32L0xx_HAL_Driver/Src/stm32l0xx_hal_cortex.o
                                      0x66ad9 (size before relaxing)
 .debug_str     0x000000000006c2d4      0x267 Drivers/STM32L0xx_HAL_Driver/Src/stm32l0xx_hal_dma.o
                                      0x66b48 (size before relaxing)
 .debug_str     0x000000000006c53b      0x1f2 Drivers/STM32L0xx_HAL_Driver/Src/stm32l0xx_hal_gpio.o
                                      0x66a3b (size before relaxing)
 .debug_str     0x000000000006c72d      0xd49 Drivers/STM32L0xx_HAL_Driver/Src/stm32l0xx_hal_i2c.o
                                      0x67a01 (size before relaxing)
 .debug_str     0x000000000006d476       0xb8 Drivers/STM32L0xx_HAL_Driver/Src/stm32l0xx_hal_i2c_ex.o
                                      0x66d46 (size before relaxing)
 .debug_str     0x000000000006d52e      0x2d2 Drivers/STM32L0xx_HAL_Driver/Src/stm32l0xx_hal_rcc.o
                                      0x66c65 (size before relaxing)
 .debug_str     0x000000000006d800      0x13a Drivers/STM32L0xx_HAL_Driver/Src/stm32l0xx_hal_rcc_ex.o
                                      0x66999 (size before relaxing)
 .debug_str     0x000000000006d93a      0xd53 Drivers/STM32L0xx_HAL_Driver/Src/stm32l0xx_hal_tim.o
                                      0x67a7f (size before relaxing)
 .debug_str     0x000000000006e68d       0x7d Drivers/STM32L0xx_HAL_Driver/Src/stm32l0xx_hal_tim_ex.o
                                      0x66c5d (size before relaxing)
 .debug_str     0x000000000006e70a      0x894 Drivers/STM32L0xx_HAL_Driver/Src/stm32l0xx_hal_uart.o
                                      0x6748b (size before relaxing)
 .debug_str     0x000000000006ef9e      0x1dd Drivers/STM32L0xx_HAL_Driver/Src/stm32l0xx_hal_uart_ex.o
                                      0x66d24 (size before relaxing)

.comment        0x0000000000000000       0x7b
 .comment       0x0000000000000000       0x7b Core/Src/dma.o
                                         0x7c (size before relaxing)
 .comment       0x000000000000007b       0x7c Core/Src/fsm.o
 .comment       0x000000000000007b       0x7c Core/Src/gpio.o
 .comment       0x000000000000007b       0x7c Core/Src/i2c.o
 .comment       0x000000000000007b       0x7c Core/Src/main.o
 .comment       0x000000000000007b       0x7c Core/Src/stm32l0xx_hal_msp.o
 .comment       0x000000000000007b       0x7c Core/Src/stm32l0xx_it.o
 .comment       0x000000000000007b       0x7c Core/Src/sysmem.o
 .comment       0x000000000000007b       0x7c Core/Src/system_stm32l0xx.o
 .comment       0x000000000000007b       0x7c Core/Src/tim.o
 .comment       0x000000000000007b       0x7c Core/Src/usart.o
 .comment       0x000000000000007b       0x7c Drivers/STM32L0xx_HAL_Driver/Src/stm32l0xx_hal.o
 .comment       0x000000000000007b       0x7c Drivers/STM32L0xx_HAL_Driver/Src/stm32l0xx_hal_cortex.o
 .comment       0x000000000000007b       0x7c Drivers/STM32L0xx_HAL_Driver/Src/stm32l0xx_hal_dma.o
 .comment       0x000000000000007b       0x7c Drivers/STM32L0xx_HAL_Driver/Src/stm32l0xx_hal_gpio.o
 .comment       0x000000000000007b       0x7c Drivers/STM32L0xx_HAL_Driver/Src/stm32l0xx_hal_i2c.o
 .comment       0x000000000000007b       0x7c Drivers/STM32L0xx_HAL_Driver/Src/stm32l0xx_hal_i2c_ex.o
 .comment       0x000000000000007b       0x7c Drivers/STM32L0xx_HAL_Driver/Src/stm32l0xx_hal_rcc.o
 .comment       0x000000000000007b       0x7c Drivers/STM32L0xx_HAL_Driver/Src/stm32l0xx_hal_rcc_ex.o
 .comment       0x000000000000007b       0x7c Drivers/STM32L0xx_HAL_Driver/Src/stm32l0xx_hal_tim.o
 .comment       0x000000000000007b       0x7c Drivers/STM32L0xx_HAL_Driver/Src/stm32l0xx_hal_tim_ex.o
 .comment       0x000000000000007b       0x7c Drivers/STM32L0xx_HAL_Driver/Src/stm32l0xx_hal_uart.o
 .comment       0x000000000000007b       0x7c Drivers/STM32L0xx_HAL_Driver/Src/stm32l0xx_hal_uart_ex.o

.debug_frame    0x0000000000000000     0x3894
 .debug_frame   0x0000000000000000       0x30 Core/Src/dma.o
 .debug_frame   0x0000000000000030      0x168 Core/Src/fsm.o
 .debug_frame   0x0000000000000198       0x30 Core/Src/gpio.o
 .debug_frame   0x00000000000001c8       0x6c Core/Src/i2c.o
 .debug_frame   0x0000000000000234       0x6c Core/Src/main.o
 .debug_frame   0x00000000000002a0       0x2c Core/Src/stm32l0xx_hal_msp.o
 .debug_frame   0x00000000000002cc       0xd4 Core/Src/stm32l0xx_it.o
 .debug_frame   0x00000000000003a0       0x30 Core/Src/sysmem.o
 .debug_frame   0x00000000000003d0       0x4c Core/Src/system_stm32l0xx.o
 .debug_frame   0x000000000000041c       0x90 Core/Src/tim.o
 .debug_frame   0x00000000000004ac       0x6c Core/Src/usart.o
 .debug_frame   0x0000000000000518      0x394 Drivers/STM32L0xx_HAL_Driver/Src/stm32l0xx_hal.o
 .debug_frame   0x00000000000008ac      0x2a0 Drivers/STM32L0xx_HAL_Driver/Src/stm32l0xx_hal_cortex.o
 .debug_frame   0x0000000000000b4c      0x1b0 Drivers/STM32L0xx_HAL_Driver/Src/stm32l0xx_hal_dma.o
 .debug_frame   0x0000000000000cfc      0x110 Drivers/STM32L0xx_HAL_Driver/Src/stm32l0xx_hal_gpio.o
 .debug_frame   0x0000000000000e0c      0xa20 Drivers/STM32L0xx_HAL_Driver/Src/stm32l0xx_hal_i2c.o
 .debug_frame   0x000000000000182c       0xd0 Drivers/STM32L0xx_HAL_Driver/Src/stm32l0xx_hal_i2c_ex.o
 .debug_frame   0x00000000000018fc      0x1a8 Drivers/STM32L0xx_HAL_Driver/Src/stm32l0xx_hal_rcc.o
 .debug_frame   0x0000000000001aa4       0xfc Drivers/STM32L0xx_HAL_Driver/Src/stm32l0xx_hal_rcc_ex.o
 .debug_frame   0x0000000000001ba0      0xef0 Drivers/STM32L0xx_HAL_Driver/Src/stm32l0xx_hal_tim.o
 .debug_frame   0x0000000000002a90       0x50 Drivers/STM32L0xx_HAL_Driver/Src/stm32l0xx_hal_tim_ex.o
 .debug_frame   0x0000000000002ae0      0x854 Drivers/STM32L0xx_HAL_Driver/Src/stm32l0xx_hal_uart.o
 .debug_frame   0x0000000000003334      0x198 Drivers/STM32L0xx_HAL_Driver/Src/stm32l0xx_hal_uart_ex.o
 .debug_frame   0x00000000000034cc       0x20 e:/programs/stm32cubeide/stm32cubeide_1.5.0/stm32cubeide/plugins/com.st.stm32cube.ide.mcu.externaltools.gnu-tools-for-stm32.7-2018-q2-update.win32_1.5.0.202011040924/tools/bin/../lib/gcc/arm-none-eabi/7.3.1/../../../../arm-none-eabi/lib/thumb/v6-m\libc_nano.a(lib_a-errno.o)
 .debug_frame   0x00000000000034ec       0x2c e:/programs/stm32cubeide/stm32cubeide_1.5.0/stm32cubeide/plugins/com.st.stm32cube.ide.mcu.externaltools.gnu-tools-for-stm32.7-2018-q2-update.win32_1.5.0.202011040924/tools/bin/../lib/gcc/arm-none-eabi/7.3.1/../../../../arm-none-eabi/lib/thumb/v6-m\libc_nano.a(lib_a-init.o)
 .debug_frame   0x0000000000003518       0x20 e:/programs/stm32cubeide/stm32cubeide_1.5.0/stm32cubeide/plugins/com.st.stm32cube.ide.mcu.externaltools.gnu-tools-for-stm32.7-2018-q2-update.win32_1.5.0.202011040924/tools/bin/../lib/gcc/arm-none-eabi/7.3.1/../../../../arm-none-eabi/lib/thumb/v6-m\libc_nano.a(lib_a-memset.o)
 .debug_frame   0x0000000000003538       0x48 e:/programs/stm32cubeide/stm32cubeide_1.5.0/stm32cubeide/plugins/com.st.stm32cube.ide.mcu.externaltools.gnu-tools-for-stm32.7-2018-q2-update.win32_1.5.0.202011040924/tools/bin/../lib/gcc/arm-none-eabi/7.3.1/../../../../arm-none-eabi/lib/thumb/v6-m\libc_nano.a(lib_a-sprintf.o)
 .debug_frame   0x0000000000003580       0x74 e:/programs/stm32cubeide/stm32cubeide_1.5.0/stm32cubeide/plugins/com.st.stm32cube.ide.mcu.externaltools.gnu-tools-for-stm32.7-2018-q2-update.win32_1.5.0.202011040924/tools/bin/../lib/gcc/arm-none-eabi/7.3.1/../../../../arm-none-eabi/lib/thumb/v6-m\libc_nano.a(lib_a-nano-svfprintf.o)
 .debug_frame   0x00000000000035f4       0x54 e:/programs/stm32cubeide/stm32cubeide_1.5.0/stm32cubeide/plugins/com.st.stm32cube.ide.mcu.externaltools.gnu-tools-for-stm32.7-2018-q2-update.win32_1.5.0.202011040924/tools/bin/../lib/gcc/arm-none-eabi/7.3.1/../../../../arm-none-eabi/lib/thumb/v6-m\libc_nano.a(lib_a-nano-vfprintf_i.o)
 .debug_frame   0x0000000000003648       0x20 e:/programs/stm32cubeide/stm32cubeide_1.5.0/stm32cubeide/plugins/com.st.stm32cube.ide.mcu.externaltools.gnu-tools-for-stm32.7-2018-q2-update.win32_1.5.0.202011040924/tools/bin/../lib/gcc/arm-none-eabi/7.3.1/../../../../arm-none-eabi/lib/thumb/v6-m\libc_nano.a(lib_a-memchr-stub.o)
 .debug_frame   0x0000000000003668       0x28 e:/programs/stm32cubeide/stm32cubeide_1.5.0/stm32cubeide/plugins/com.st.stm32cube.ide.mcu.externaltools.gnu-tools-for-stm32.7-2018-q2-update.win32_1.5.0.202011040924/tools/bin/../lib/gcc/arm-none-eabi/7.3.1/../../../../arm-none-eabi/lib/thumb/v6-m\libc_nano.a(lib_a-memcpy-stub.o)
 .debug_frame   0x0000000000003690       0x28 e:/programs/stm32cubeide/stm32cubeide_1.5.0/stm32cubeide/plugins/com.st.stm32cube.ide.mcu.externaltools.gnu-tools-for-stm32.7-2018-q2-update.win32_1.5.0.202011040924/tools/bin/../lib/gcc/arm-none-eabi/7.3.1/../../../../arm-none-eabi/lib/thumb/v6-m\libc_nano.a(lib_a-memmove.o)
 .debug_frame   0x00000000000036b8       0x2c e:/programs/stm32cubeide/stm32cubeide_1.5.0/stm32cubeide/plugins/com.st.stm32cube.ide.mcu.externaltools.gnu-tools-for-stm32.7-2018-q2-update.win32_1.5.0.202011040924/tools/bin/../lib/gcc/arm-none-eabi/7.3.1/../../../../arm-none-eabi/lib/thumb/v6-m\libc_nano.a(lib_a-nano-freer.o)
 .debug_frame   0x00000000000036e4       0x2c e:/programs/stm32cubeide/stm32cubeide_1.5.0/stm32cubeide/plugins/com.st.stm32cube.ide.mcu.externaltools.gnu-tools-for-stm32.7-2018-q2-update.win32_1.5.0.202011040924/tools/bin/../lib/gcc/arm-none-eabi/7.3.1/../../../../arm-none-eabi/lib/thumb/v6-m\libc_nano.a(lib_a-nano-mallocr.o)
 .debug_frame   0x0000000000003710       0x30 e:/programs/stm32cubeide/stm32cubeide_1.5.0/stm32cubeide/plugins/com.st.stm32cube.ide.mcu.externaltools.gnu-tools-for-stm32.7-2018-q2-update.win32_1.5.0.202011040924/tools/bin/../lib/gcc/arm-none-eabi/7.3.1/../../../../arm-none-eabi/lib/thumb/v6-m\libc_nano.a(lib_a-nano-reallocr.o)
 .debug_frame   0x0000000000003740       0x2c e:/programs/stm32cubeide/stm32cubeide_1.5.0/stm32cubeide/plugins/com.st.stm32cube.ide.mcu.externaltools.gnu-tools-for-stm32.7-2018-q2-update.win32_1.5.0.202011040924/tools/bin/../lib/gcc/arm-none-eabi/7.3.1/../../../../arm-none-eabi/lib/thumb/v6-m\libc_nano.a(lib_a-sbrkr.o)
 .debug_frame   0x000000000000376c       0x30 e:/programs/stm32cubeide/stm32cubeide_1.5.0/stm32cubeide/plugins/com.st.stm32cube.ide.mcu.externaltools.gnu-tools-for-stm32.7-2018-q2-update.win32_1.5.0.202011040924/tools/bin/../lib/gcc/arm-none-eabi/7.3.1/../../../../arm-none-eabi/lib/thumb/v6-m\libc_nano.a(lib_a-mlock.o)
 .debug_frame   0x000000000000379c       0x20 e:/programs/stm32cubeide/stm32cubeide_1.5.0/stm32cubeide/plugins/com.st.stm32cube.ide.mcu.externaltools.gnu-tools-for-stm32.7-2018-q2-update.win32_1.5.0.202011040924/tools/bin/../lib/gcc/arm-none-eabi/7.3.1/../../../../arm-none-eabi/lib/thumb/v6-m\libc_nano.a(lib_a-nano-msizer.o)
 .debug_frame   0x00000000000037bc       0x48 e:/programs/stm32cubeide/stm32cubeide_1.5.0/stm32cubeide/plugins/com.st.stm32cube.ide.mcu.externaltools.gnu-tools-for-stm32.7-2018-q2-update.win32_1.5.0.202011040924/tools/bin/../lib/gcc/arm-none-eabi/7.3.1/../../../../arm-none-eabi/lib/thumb/v6-m\libc_nano.a(lib_a-reent.o)
 .debug_frame   0x0000000000003804       0x20 e:/programs/stm32cubeide/stm32cubeide_1.5.0/stm32cubeide/plugins/com.st.stm32cube.ide.mcu.externaltools.gnu-tools-for-stm32.7-2018-q2-update.win32_1.5.0.202011040924/tools/bin/../lib/gcc/arm-none-eabi/7.3.1/thumb/v6-m\libgcc.a(_udivsi3.o)
 .debug_frame   0x0000000000003824       0x34 e:/programs/stm32cubeide/stm32cubeide_1.5.0/stm32cubeide/plugins/com.st.stm32cube.ide.mcu.externaltools.gnu-tools-for-stm32.7-2018-q2-update.win32_1.5.0.202011040924/tools/bin/../lib/gcc/arm-none-eabi/7.3.1/thumb/v6-m\libgcc.a(_muldi3.o)
 .debug_frame   0x0000000000003858       0x3c e:/programs/stm32cubeide/stm32cubeide_1.5.0/stm32cubeide/plugins/com.st.stm32cube.ide.mcu.externaltools.gnu-tools-for-stm32.7-2018-q2-update.win32_1.5.0.202011040924/tools/bin/../lib/gcc/arm-none-eabi/7.3.1/thumb/v6-m\libgcc.a(_udivmoddi4.o)
