Archive member included to satisfy reference by file (symbol)

c:/users/flynn/appdata/roaming/code/user/globalstorage/bmd.stm32-for-vscode/@xpack-dev-tools/arm-none-eabi-gcc/10.3.1-2.3.1/.content/bin/../lib/gcc/arm-none-eabi/10.3.1/../../../../arm-none-eabi/lib/thumb/v6-m/nofp\libc_nano.a(lib_a-errno.o)
                              build/syscalls.o (__errno)
c:/users/flynn/appdata/roaming/code/user/globalstorage/bmd.stm32-for-vscode/@xpack-dev-tools/arm-none-eabi-gcc/10.3.1-2.3.1/.content/bin/../lib/gcc/arm-none-eabi/10.3.1/../../../../arm-none-eabi/lib/thumb/v6-m/nofp\libc_nano.a(lib_a-exit.o)
                              c:/users/flynn/appdata/roaming/code/user/globalstorage/bmd.stm32-for-vscode/@xpack-dev-tools/arm-none-eabi-gcc/10.3.1-2.3.1/.content/bin/../lib/gcc/arm-none-eabi/10.3.1/../../../../arm-none-eabi/lib/thumb/v6-m/nofp/crt0.o (exit)
c:/users/flynn/appdata/roaming/code/user/globalstorage/bmd.stm32-for-vscode/@xpack-dev-tools/arm-none-eabi-gcc/10.3.1-2.3.1/.content/bin/../lib/gcc/arm-none-eabi/10.3.1/../../../../arm-none-eabi/lib/thumb/v6-m/nofp\libc_nano.a(lib_a-impure.o)
                              c:/users/flynn/appdata/roaming/code/user/globalstorage/bmd.stm32-for-vscode/@xpack-dev-tools/arm-none-eabi-gcc/10.3.1-2.3.1/.content/bin/../lib/gcc/arm-none-eabi/10.3.1/../../../../arm-none-eabi/lib/thumb/v6-m/nofp\libc_nano.a(lib_a-exit.o) (_global_impure_ptr)
c:/users/flynn/appdata/roaming/code/user/globalstorage/bmd.stm32-for-vscode/@xpack-dev-tools/arm-none-eabi-gcc/10.3.1-2.3.1/.content/bin/../lib/gcc/arm-none-eabi/10.3.1/../../../../arm-none-eabi/lib/thumb/v6-m/nofp\libc_nano.a(lib_a-init.o)
                              c:/users/flynn/appdata/roaming/code/user/globalstorage/bmd.stm32-for-vscode/@xpack-dev-tools/arm-none-eabi-gcc/10.3.1-2.3.1/.content/bin/../lib/gcc/arm-none-eabi/10.3.1/../../../../arm-none-eabi/lib/thumb/v6-m/nofp/crt0.o (__libc_init_array)
c:/users/flynn/appdata/roaming/code/user/globalstorage/bmd.stm32-for-vscode/@xpack-dev-tools/arm-none-eabi-gcc/10.3.1-2.3.1/.content/bin/../lib/gcc/arm-none-eabi/10.3.1/../../../../arm-none-eabi/lib/thumb/v6-m/nofp\libc_nano.a(lib_a-memset.o)
                              c:/users/flynn/appdata/roaming/code/user/globalstorage/bmd.stm32-for-vscode/@xpack-dev-tools/arm-none-eabi-gcc/10.3.1-2.3.1/.content/bin/../lib/gcc/arm-none-eabi/10.3.1/../../../../arm-none-eabi/lib/thumb/v6-m/nofp/crt0.o (memset)
c:/users/flynn/appdata/roaming/code/user/globalstorage/bmd.stm32-for-vscode/@xpack-dev-tools/arm-none-eabi-gcc/10.3.1-2.3.1/.content/bin/../lib/gcc/arm-none-eabi/10.3.1/../../../../arm-none-eabi/lib/thumb/v6-m/nofp\libc_nano.a(lib_a-sprintf.o)
                              build/fsm.o (sprintf)
c:/users/flynn/appdata/roaming/code/user/globalstorage/bmd.stm32-for-vscode/@xpack-dev-tools/arm-none-eabi-gcc/10.3.1-2.3.1/.content/bin/../lib/gcc/arm-none-eabi/10.3.1/../../../../arm-none-eabi/lib/thumb/v6-m/nofp\libc_nano.a(lib_a-nano-svfprintf.o)
                              c:/users/flynn/appdata/roaming/code/user/globalstorage/bmd.stm32-for-vscode/@xpack-dev-tools/arm-none-eabi-gcc/10.3.1-2.3.1/.content/bin/../lib/gcc/arm-none-eabi/10.3.1/../../../../arm-none-eabi/lib/thumb/v6-m/nofp\libc_nano.a(lib_a-sprintf.o) (_svfprintf_r)
c:/users/flynn/appdata/roaming/code/user/globalstorage/bmd.stm32-for-vscode/@xpack-dev-tools/arm-none-eabi-gcc/10.3.1-2.3.1/.content/bin/../lib/gcc/arm-none-eabi/10.3.1/../../../../arm-none-eabi/lib/thumb/v6-m/nofp\libc_nano.a(lib_a-nano-vfprintf_i.o)
                              c:/users/flynn/appdata/roaming/code/user/globalstorage/bmd.stm32-for-vscode/@xpack-dev-tools/arm-none-eabi-gcc/10.3.1-2.3.1/.content/bin/../lib/gcc/arm-none-eabi/10.3.1/../../../../arm-none-eabi/lib/thumb/v6-m/nofp\libc_nano.a(lib_a-nano-svfprintf.o) (_printf_i)
c:/users/flynn/appdata/roaming/code/user/globalstorage/bmd.stm32-for-vscode/@xpack-dev-tools/arm-none-eabi-gcc/10.3.1-2.3.1/.content/bin/../lib/gcc/arm-none-eabi/10.3.1/../../../../arm-none-eabi/lib/thumb/v6-m/nofp\libc_nano.a(lib_a-memchr-stub.o)
                              c:/users/flynn/appdata/roaming/code/user/globalstorage/bmd.stm32-for-vscode/@xpack-dev-tools/arm-none-eabi-gcc/10.3.1-2.3.1/.content/bin/../lib/gcc/arm-none-eabi/10.3.1/../../../../arm-none-eabi/lib/thumb/v6-m/nofp\libc_nano.a(lib_a-nano-svfprintf.o) (memchr)
c:/users/flynn/appdata/roaming/code/user/globalstorage/bmd.stm32-for-vscode/@xpack-dev-tools/arm-none-eabi-gcc/10.3.1-2.3.1/.content/bin/../lib/gcc/arm-none-eabi/10.3.1/../../../../arm-none-eabi/lib/thumb/v6-m/nofp\libc_nano.a(lib_a-memcpy-stub.o)
                              c:/users/flynn/appdata/roaming/code/user/globalstorage/bmd.stm32-for-vscode/@xpack-dev-tools/arm-none-eabi-gcc/10.3.1-2.3.1/.content/bin/../lib/gcc/arm-none-eabi/10.3.1/../../../../arm-none-eabi/lib/thumb/v6-m/nofp\libc_nano.a(lib_a-nano-svfprintf.o) (memcpy)
[...]
Memory Configuration

Name             Origin             Length             Attributes
RAM              0x0000000020000000 0x0000000000002000 xrw
FLASH            0x0000000008000000 0x0000000000008000 xr
*default*        0x0000000000000000 0xffffffffffffffff

Linker script and memory map

LOAD c:/users/flynn/appdata/roaming/code/user/globalstorage/bmd.stm32-for-vscode/@xpack-dev-tools/arm-none-eabi-gcc/10.3.1-2.3.1/.content/bin/../lib/gcc/arm-none-eabi/10.3.1/thumb/v6-m/nofp/crti.o
LOAD c:/users/flynn/appdata/roaming/code/user/globalstorage/bmd.stm32-for-vscode/@xpack-dev-tools/arm-none-eabi-gcc/10.3.1-2.3.1/.content/bin/../lib/gcc/arm-none-eabi/10.3.1/thumb/v6-m/nofp/crtbegin.o
LOAD c:/users/flynn/appdata/roaming/code/user/globalstorage/bmd.stm32-for-vscode/@xpack-dev-tools/arm-none-eabi-gcc/10.3.1-2.3.1/.content/bin/../lib/gcc/arm-none-eabi/10.3.1/../../../../arm-none-eabi/lib/thumb/v6-m/nofp/crt0.o
LOAD build/buffers.o
LOAD build/fsm.o
LOAD build/gpio.o
LOAD build/i2c.o
LOAD build/main.o
LOAD build/pwm.o
LOAD build/stm32l0xx_hal_msp.o
LOAD build/stm32l0xx_it.o
LOAD build/syscalls.o
LOAD build/sysmem.o
LOAD build/system_stm32l0xx.o
LOAD build/tim.o
LOAD build/usart.o
LOAD build/stm32l0xx_hal.o
LOAD build/stm32l0xx_hal_cortex.o
LOAD build/stm32l0xx_hal_dma.o
LOAD build/stm32l0xx_hal_exti.o
LOAD build/stm32l0xx_hal_flash.o
LOAD build/stm32l0xx_hal_flash_ex.o
LOAD build/stm32l0xx_hal_flash_ramfunc.o
LOAD build/stm32l0xx_hal_gpio.o
LOAD build/stm32l0xx_hal_i2c.o
LOAD build/stm32l0xx_hal_i2c_ex.o
LOAD build/stm32l0xx_hal_pwr.o
LOAD build/stm32l0xx_hal_pwr_ex.o
LOAD build/stm32l0xx_hal_rcc.o
LOAD build/stm32l0xx_hal_rcc_ex.o
LOAD build/stm32l0xx_hal_tim.o
LOAD build/stm32l0xx_hal_tim_ex.o
LOAD build/stm32l0xx_hal_uart.o
LOAD build/stm32l0xx_hal_uart_ex.o
LOAD build/startup_stm32l031xx.o
LOAD c:/users/flynn/appdata/roaming/code/user/globalstorage/bmd.stm32-for-vscode/@xpack-dev-tools/arm-none-eabi-gcc/10.3.1-2.3.1/.content/bin/../lib/gcc/arm-none-eabi/10.3.1/../../../../arm-none-eabi/lib/thumb/v6-m/nofp\libc_nano.a
LOAD c:/users/flynn/appdata/roaming/code/user/globalstorage/bmd.stm32-for-vscode/@xpack-dev-tools/arm-none-eabi-gcc/10.3.1-2.3.1/.content/bin/../lib/gcc/arm-none-eabi/10.3.1/../../../../arm-none-eabi/lib/thumb/v6-m/nofp\libm.a
LOAD c:/users/flynn/appdata/roaming/code/user/globalstorage/bmd.stm32-for-vscode/@xpack-dev-tools/arm-none-eabi-gcc/10.3.1-2.3.1/.content/bin/../lib/gcc/arm-none-eabi/10.3.1/../../../../arm-none-eabi/lib/thumb/v6-m/nofp\libnosys.a
START GROUP
LOAD c:/users/flynn/appdata/roaming/code/user/globalstorage/bmd.stm32-for-vscode/@xpack-dev-tools/arm-none-eabi-gcc/10.3.1-2.3.1/.content/bin/../lib/gcc/arm-none-eabi/10.3.1/thumb/v6-m/nofp\libgcc.a
LOAD c:/users/flynn/appdata/roaming/code/user/globalstorage/bmd.stm32-for-vscode/@xpack-dev-tools/arm-none-eabi-gcc/10.3.1-2.3.1/.content/bin/../lib/gcc/arm-none-eabi/10.3.1/../../../../arm-none-eabi/lib/thumb/v6-m/nofp\libc_nano.a
END GROUP
START GROUP
LOAD c:/users/flynn/appdata/roaming/code/user/globalstorage/bmd.stm32-for-vscode/@xpack-dev-tools/arm-none-eabi-gcc/10.3.1-2.3.1/.content/bin/../lib/gcc/arm-none-eabi/10.3.1/thumb/v6-m/nofp\libgcc.a
LOAD c:/users/flynn/appdata/roaming/code/user/globalstorage/bmd.stm32-for-vscode/@xpack-dev-tools/arm-none-eabi-gcc/10.3.1-2.3.1/.content/bin/../lib/gcc/arm-none-eabi/10.3.1/../../../../arm-none-eabi/lib/thumb/v6-m/nofp\libc_nano.a
END GROUP
LOAD c:/users/flynn/appdata/roaming/code/user/globalstorage/bmd.stm32-for-vscode/@xpack-dev-tools/arm-none-eabi-gcc/10.3.1-2.3.1/.content/bin/../lib/gcc/arm-none-eabi/10.3.1/thumb/v6-m/nofp/crtend.o
LOAD c:/users/flynn/appdata/roaming/code/user/globalstorage/bmd.stm32-for-vscode/@xpack-dev-tools/arm-none-eabi-gcc/10.3.1-2.3.1/.content/bin/../lib/gcc/arm-none-eabi/10.3.1/thumb/v6-m/nofp/crtn.o
                0x0000000020002000                _estack = (ORIGIN (RAM) + LENGTH (RAM))
                0x0000000000000200                _Min_Heap_Size = 0x200
                0x0000000000000400                _Min_Stack_Size = 0x400

.isr_vector     0x0000000008000000       0xc0
                0x0000000008000000                . = ALIGN (0x4)
 *(.isr_vector)
 .isr_vector    0x0000000008000000       0xc0 build/startup_stm32l031xx.o
                0x0000000008000000                g_pfnVectors
                0x00000000080000c0                . = ALIGN (0x4)

.text           0x00000000080000c0     0x51a4
                0x00000000080000c0                . = ALIGN (0x4)
 *(.text)
 .text          0x00000000080000c0       0x14 c:/users/flynn/appdata/roaming/code/user/globalstorage/bmd.stm32-for-vscode/@xpack-dev-tools/arm-none-eabi-gcc/10.3.1-2.3.1/.content/bin/../lib/gcc/arm-none-eabi/10.3.1/thumb/v6-m/nofp\libgcc.a(_thumb1_case_shi.o)
                0x00000000080000c0                __gnu_thumb1_case_shi
 .text          0x00000000080000d4      0x114 c:/users/flynn/appdata/roaming/code/user/globalstorage/bmd.stm32-for-vscode/@xpack-dev-tools/arm-none-eabi-gcc/10.3.1-2.3.1/.content/bin/../lib/gcc/arm-none-eabi/10.3.1/thumb/v6-m/nofp\libgcc.a(_udivsi3.o)
                0x00000000080000d4                __aeabi_uidiv
                0x00000000080000d4                __udivsi3
                0x00000000080001e0                __aeabi_uidivmod
 .text          0x00000000080001e8        0x4 c:/users/flynn/appdata/roaming/code/user/globalstorage/bmd.stm32-for-vscode/@xpack-dev-tools/arm-none-eabi-gcc/10.3.1-2.3.1/.content/bin/../lib/gcc/arm-none-eabi/10.3.1/thumb/v6-m/nofp\libgcc.a(_dvmd_tls.o)
                0x00000000080001e8                __aeabi_idiv0
                0x00000000080001e8                __aeabi_ldiv0
 .text          0x00000000080001ec       0x40 c:/users/flynn/appdata/roaming/code/user/globalstorage/bmd.stm32-for-vscode/@xpack-dev-tools/arm-none-eabi-gcc/10.3.1-2.3.1/.content/bin/../lib/gcc/arm-none-eabi/10.3.1/thumb/v6-m/nofp\libgcc.a(_aeabi_uldivmod.o)
                0x00000000080001ec                __aeabi_uldivmod
 .text          0x000000000800022c       0x3c c:/users/flynn/appdata/roaming/code/user/globalstorage/bmd.stm32-for-vscode/@xpack-dev-tools/arm-none-eabi-gcc/10.3.1-2.3.1/.content/bin/../lib/gcc/arm-none-eabi/10.3.1/thumb/v6-m/nofp\libgcc.a(_clzsi2.o)
                0x000000000800022c                __clzsi2
 .text          0x0000000008000268       0x18 c:/users/flynn/appdata/roaming/code/user/globalstorage/bmd.stm32-for-vscode/@xpack-dev-tools/arm-none-eabi-gcc/10.3.1-2.3.1/.content/bin/../lib/gcc/arm-none-eabi/10.3.1/thumb/v6-m/nofp\libgcc.a(_clzdi2.o)
                0x0000000008000268                __clzdi2
 *(.text*)
 .text.__do_global_dtors_aux
                0x0000000008000280       0x28 c:/users/flynn/appdata/roaming/code/user/globalstorage/bmd.stm32-for-vscode/@xpack-dev-tools/arm-none-eabi-gcc/10.3.1-2.3.1/.content/bin/../lib/gcc/arm-none-eabi/10.3.1/thumb/v6-m/nofp/crtbegin.o
 .text.frame_dummy
                0x00000000080002a8       0x20 c:/users/flynn/appdata/roaming/code/user/globalstorage/bmd.stm32-for-vscode/@xpack-dev-tools/arm-none-eabi-gcc/10.3.1-2.3.1/.content/bin/../lib/gcc/arm-none-eabi/10.3.1/thumb/v6-m/nofp/crtbegin.o
 .text._recivedArmHandler
                0x00000000080002c8       0x12 build/fsm.o
                0x00000000080002c8                _recivedArmHandler
 .text._revicedLaunchHandler
                0x00000000080002da       0x12 build/fsm.o
                0x00000000080002da                _revicedLaunchHandler
 .text._alarmTurnOffIgniterHandler
                0x00000000080002ec       0x24 build/fsm.o
                0x00000000080002ec                _alarmTurnOffIgniterHandler
 .text._errorHandler
                0x0000000008000310       0x38 build/fsm.o
                0x0000000008000310                _errorHandler
 .text._alarmOpenValveHandler
                0x0000000008000348       0x10 build/fsm.o
                0x0000000008000348                _alarmOpenValveHandler
 .text._resetHandler
                0x0000000008000358       0x40 build/fsm.o
                0x0000000008000358                _resetHandler
 .text.FSM_init
                0x0000000008000398        0xc build/fsm.o
                0x0000000008000398                FSM_init
 .text.FSM_sendEvent
                0x00000000080003a4        0xc build/fsm.o
                0x00000000080003a4                FSM_sendEvent
 .text.sendStateMsg
                0x00000000080003b0       0x3c build/fsm.o
                0x00000000080003b0                sendStateMsg
 .text.FSM_step
                0x00000000080003ec       0x50 build/fsm.o
                0x00000000080003ec                FSM_step
 .text.nextEventFromState
                0x000000000800043c       0x30 build/fsm.o
                0x000000000800043c                nextEventFromState
 .text.FSM_reciveCMD
                0x000000000800046c       0x78 build/fsm.o
                0x000000000800046c                FSM_reciveCMD
 .text.MX_GPIO_Init
                0x00000000080004e4       0x5c build/gpio.o
                0x00000000080004e4                MX_GPIO_Init
 .text.MX_I2C1_Init
                0x0000000008000540       0x60 build/i2c.o
                0x0000000008000540                MX_I2C1_Init
 .text.HAL_I2C_MspInit
                0x00000000080005a0       0x60 build/i2c.o
                0x00000000080005a0                HAL_I2C_MspInit
 .text.Error_Handler
                0x0000000008000600        0x4 build/main.o
                0x0000000008000600                Error_Handler
 .text.SystemClock_Config
                0x0000000008000604       0x94 build/main.o
                0x0000000008000604                SystemClock_Config
 .text.main     0x0000000008000698       0x38 build/main.o
                0x0000000008000698                main
 .text.PWM1_start
                0x00000000080006d0       0x10 build/pwm.o
                0x00000000080006d0                PWM1_start
 .text.PWM1_setPos
                0x00000000080006e0       0x8c build/pwm.o
                0x00000000080006e0                PWM1_setPos
 .text.HAL_MspInit
                0x000000000800076c       0x1c build/stm32l0xx_hal_msp.o
                0x000000000800076c                HAL_MspInit
 .text.NMI_Handler
                0x0000000008000788        0x2 build/stm32l0xx_it.o
                0x0000000008000788                NMI_Handler
 .text.HardFault_Handler
                0x000000000800078a        0x2 build/stm32l0xx_it.o
                0x000000000800078a                HardFault_Handler
 .text.SVC_Handler
                0x000000000800078c        0x2 build/stm32l0xx_it.o
                0x000000000800078c                SVC_Handler
 .text.PendSV_Handler
                0x000000000800078e        0x2 build/stm32l0xx_it.o
                0x000000000800078e                PendSV_Handler
 .text.SysTick_Handler
                0x0000000008000790        0x8 build/stm32l0xx_it.o
                0x0000000008000790                SysTick_Handler
 .text.USART2_IRQHandler
                0x0000000008000798       0x10 build/stm32l0xx_it.o
                0x0000000008000798                USART2_IRQHandler
 .text._sbrk    0x00000000080007a8       0x48 build/sysmem.o
                0x00000000080007a8                _sbrk
 .text.SystemInit
                0x00000000080007f0        0x2 build/system_stm32l0xx.o
                0x00000000080007f0                SystemInit
 *fill*         0x00000000080007f2        0x2 
 .text.HAL_TIM_Base_MspInit
                0x00000000080007f4       0x1c build/tim.o
                0x00000000080007f4                HAL_TIM_Base_MspInit
 .text.HAL_TIM_MspPostInit
                0x0000000008000810       0x4c build/tim.o
                0x0000000008000810                HAL_TIM_MspPostInit
 .text.MX_TIM2_Init
                0x000000000800085c       0xd0 build/tim.o
                0x000000000800085c                MX_TIM2_Init
 .text.MX_USART2_UART_Init
                0x000000000800092c       0x3c build/usart.o
                0x000000000800092c                MX_USART2_UART_Init
 .text.HAL_UART_MspInit
                0x0000000008000968       0x6c build/usart.o
                0x0000000008000968                HAL_UART_MspInit
 .text.HAL_InitTick
                0x00000000080009d4       0x50 build/stm32l0xx_hal.o
                0x00000000080009d4                HAL_InitTick
 .text.HAL_Init
                0x0000000008000a24       0x28 build/stm32l0xx_hal.o
                0x0000000008000a24                HAL_Init
 .text.HAL_IncTick
                0x0000000008000a4c       0x18 build/stm32l0xx_hal.o
                0x0000000008000a4c                HAL_IncTick
 .text.HAL_GetTick
                0x0000000008000a64        0xc build/stm32l0xx_hal.o
                0x0000000008000a64                HAL_GetTick
 .text.HAL_Delay
                0x0000000008000a70       0x24 build/stm32l0xx_hal.o
                0x0000000008000a70                HAL_Delay
 .text.HAL_NVIC_SetPriority
                0x0000000008000a94       0x60 build/stm32l0xx_hal_cortex.o
                0x0000000008000a94                HAL_NVIC_SetPriority
 .text.HAL_NVIC_EnableIRQ
                0x0000000008000af4       0x18 build/stm32l0xx_hal_cortex.o
                0x0000000008000af4                HAL_NVIC_EnableIRQ
 .text.HAL_SYSTICK_Config
                0x0000000008000b0c       0x38 build/stm32l0xx_hal_cortex.o
                0x0000000008000b0c                HAL_SYSTICK_Config
 .text.DMA_SetConfig
                0x0000000008000b44       0x2e build/stm32l0xx_hal_dma.o
 .text.HAL_DMA_Start_IT
                0x0000000008000b72       0x76 build/stm32l0xx_hal_dma.o
                0x0000000008000b72                HAL_DMA_Start_IT
 .text.HAL_DMA_Abort
                0x0000000008000be8       0x48 build/stm32l0xx_hal_dma.o
                0x0000000008000be8                HAL_DMA_Abort
 .text.HAL_DMA_Abort_IT
                0x0000000008000c30       0x4e build/stm32l0xx_hal_dma.o
                0x0000000008000c30                HAL_DMA_Abort_IT
 *fill*         0x0000000008000c7e        0x2 
 .text.HAL_GPIO_Init
                0x0000000008000c80      0x180 build/stm32l0xx_hal_gpio.o
                0x0000000008000c80                HAL_GPIO_Init
 .text.HAL_GPIO_WritePin
                0x0000000008000e00        0xc build/stm32l0xx_hal_gpio.o
                0x0000000008000e00                HAL_GPIO_WritePin
 .text.HAL_I2C_Init
                0x0000000008000e0c       0xcc build/stm32l0xx_hal_i2c.o
                0x0000000008000e0c                HAL_I2C_Init
 .text.HAL_I2CEx_ConfigAnalogFilter
                0x0000000008000ed8       0x58 build/stm32l0xx_hal_i2c_ex.o
                0x0000000008000ed8                HAL_I2CEx_ConfigAnalogFilter
 .text.HAL_I2CEx_ConfigDigitalFilter
                0x0000000008000f30       0x54 build/stm32l0xx_hal_i2c_ex.o
                0x0000000008000f30                HAL_I2CEx_ConfigDigitalFilter
 .text.HAL_RCC_GetSysClockFreq
                0x0000000008000f84       0xb0 build/stm32l0xx_hal_rcc.o
                0x0000000008000f84                HAL_RCC_GetSysClockFreq
 .text.HAL_RCC_OscConfig
                0x0000000008001034      0x51c build/stm32l0xx_hal_rcc.o
                0x0000000008001034                HAL_RCC_OscConfig
 .text.HAL_RCC_ClockConfig
                0x0000000008001550      0x1d8 build/stm32l0xx_hal_rcc.o
                0x0000000008001550                HAL_RCC_ClockConfig
 .text.HAL_RCC_GetHCLKFreq
                0x0000000008001728        0xc build/stm32l0xx_hal_rcc.o
                0x0000000008001728                HAL_RCC_GetHCLKFreq
 .text.HAL_RCC_GetPCLK1Freq
                0x0000000008001734       0x20 build/stm32l0xx_hal_rcc.o
                0x0000000008001734                HAL_RCC_GetPCLK1Freq
 .text.HAL_RCC_GetPCLK2Freq
                0x0000000008001754       0x20 build/stm32l0xx_hal_rcc.o
                0x0000000008001754                HAL_RCC_GetPCLK2Freq
 .text.HAL_RCCEx_PeriphCLKConfig
                0x0000000008001774      0x1a4 build/stm32l0xx_hal_rcc_ex.o
                0x0000000008001774                HAL_RCCEx_PeriphCLKConfig
 .text.TIM_Base_SetConfig
                0x0000000008001918       0x60 build/stm32l0xx_hal_tim.o
 .text.TIM_OC1_SetConfig
                0x0000000008001978       0x2c build/stm32l0xx_hal_tim.o
 .text.TIM_OC2_SetConfig
                0x00000000080019a4       0x38 build/stm32l0xx_hal_tim.o
 .text.TIM_OC3_SetConfig
                0x00000000080019dc       0x38 build/stm32l0xx_hal_tim.o
 .text.TIM_OC4_SetConfig
                0x0000000008001a14       0x3c build/stm32l0xx_hal_tim.o
 .text.TIM_TI1_ConfigInputStage
                0x0000000008001a50       0x22 build/stm32l0xx_hal_tim.o
 *fill*         0x0000000008001a72        0x2 
 .text.TIM_TI2_ConfigInputStage
                0x0000000008001a74       0x28 build/stm32l0xx_hal_tim.o
 .text.TIM_ITRx_SetConfig
                0x0000000008001a9c       0x10 build/stm32l0xx_hal_tim.o
 .text.TIM_ETR_SetConfig
                0x0000000008001aac       0x18 build/stm32l0xx_hal_tim.o
 .text.TIM_CCxChannelCmd
                0x0000000008001ac4       0x1a build/stm32l0xx_hal_tim.o
 .text.HAL_TIM_Base_Init
                0x0000000008001ade       0x48 build/stm32l0xx_hal_tim.o
                0x0000000008001ade                HAL_TIM_Base_Init
 .text.HAL_TIM_PWM_MspInit
                0x0000000008001b26        0x2 build/stm32l0xx_hal_tim.o
                0x0000000008001b26                HAL_TIM_PWM_MspInit
 .text.HAL_TIM_PWM_Init
                0x0000000008001b28       0x48 build/stm32l0xx_hal_tim.o
                0x0000000008001b28                HAL_TIM_PWM_Init
 .text.HAL_TIM_PWM_Start
                0x0000000008001b70       0xc4 build/stm32l0xx_hal_tim.o
                0x0000000008001b70                HAL_TIM_PWM_Start
 .text.HAL_TIM_PWM_ConfigChannel
                0x0000000008001c34       0xf0 build/stm32l0xx_hal_tim.o
                0x0000000008001c34                HAL_TIM_PWM_ConfigChannel
 .text.HAL_TIM_ConfigClockSource
                0x0000000008001d24      0x108 build/stm32l0xx_hal_tim.o
                0x0000000008001d24                HAL_TIM_ConfigClockSource
 .text.HAL_TIMEx_MasterConfigSynchronization
                0x0000000008001e2c       0x64 build/stm32l0xx_hal_tim_ex.o
                0x0000000008001e2c                HAL_TIMEx_MasterConfigSynchronization
 .text.UART_EndTxTransfer
                0x0000000008001e90       0x20 build/stm32l0xx_hal_uart.o
 .text.UART_EndRxTransfer
                0x0000000008001eb0       0x60 build/stm32l0xx_hal_uart.o
 .text.HAL_UART_Transmit_DMA
                0x0000000008001f10       0xd4 build/stm32l0xx_hal_uart.o
                0x0000000008001f10                HAL_UART_Transmit_DMA
 .text.HAL_UART_TxCpltCallback
                0x0000000008001fe4        0x2 build/stm32l0xx_hal_uart.o
                0x0000000008001fe4                HAL_UART_TxCpltCallback
 .text.UART_DMATransmitCplt
                0x0000000008001fe6       0x4a build/stm32l0xx_hal_uart.o
 .text.UART_EndTransmit_IT
                0x0000000008002030       0x28 build/stm32l0xx_hal_uart.o
 .text.HAL_UART_TxHalfCpltCallback
                0x0000000008002058        0x2 build/stm32l0xx_hal_uart.o
                0x0000000008002058                HAL_UART_TxHalfCpltCallback
 .text.UART_DMATxHalfCplt
                0x000000000800205a        0xa build/stm32l0xx_hal_uart.o
 .text.HAL_UART_ErrorCallback
                0x0000000008002064        0x2 build/stm32l0xx_hal_uart.o
                0x0000000008002064                HAL_UART_ErrorCallback
 .text.UART_DMAError
                0x0000000008002066       0x4e build/stm32l0xx_hal_uart.o
 .text.UART_DMAAbortOnError
                0x00000000080020b4       0x14 build/stm32l0xx_hal_uart.o
 .text.HAL_UARTEx_RxEventCallback
                0x00000000080020c8        0x2 build/stm32l0xx_hal_uart.o
                0x00000000080020c8                HAL_UARTEx_RxEventCallback
 *fill*         0x00000000080020ca        0x2 
 .text.HAL_UART_IRQHandler
                0x00000000080020cc      0x2d0 build/stm32l0xx_hal_uart.o
                0x00000000080020cc                HAL_UART_IRQHandler
 .text.UART_SetConfig
                0x000000000800239c      0x268 build/stm32l0xx_hal_uart.o
                0x000000000800239c                UART_SetConfig
 .text.UART_AdvFeatureConfig
                0x0000000008002604       0xe0 build/stm32l0xx_hal_uart.o
                0x0000000008002604                UART_AdvFeatureConfig
 .text.UART_WaitOnFlagUntilTimeout
                0x00000000080026e4       0xdc build/stm32l0xx_hal_uart.o
                0x00000000080026e4                UART_WaitOnFlagUntilTimeout
 .text.HAL_UART_Transmit
                0x00000000080027c0      0x102 build/stm32l0xx_hal_uart.o
                0x00000000080027c0                HAL_UART_Transmit
 *fill*         0x00000000080028c2        0x2 
 .text.HAL_UART_Receive
                0x00000000080028c4      0x158 build/stm32l0xx_hal_uart.o
                0x00000000080028c4                HAL_UART_Receive
 .text.UART_CheckIdleState
                0x0000000008002a1c       0x70 build/stm32l0xx_hal_uart.o
                0x0000000008002a1c                UART_CheckIdleState
 .text.HAL_UART_Init
                0x0000000008002a8c       0x6c build/stm32l0xx_hal_uart.o
                0x0000000008002a8c                HAL_UART_Init
 .text.HAL_UARTEx_WakeupCallback
                0x0000000008002af8        0x2 build/stm32l0xx_hal_uart_ex.o
                0x0000000008002af8                HAL_UARTEx_WakeupCallback
 *fill*         0x0000000008002afa        0x2 
 .text.Reset_Handler
                0x0000000008002afc       0x50 build/startup_stm32l031xx.o
                0x0000000008002afc                Reset_Handler
 .text.Default_Handler
                0x0000000008002b4c        0x2 build/startup_stm32l031xx.o
                0x0000000008002b4c                ADC1_COMP_IRQHandler
                0x0000000008002b4c                PVD_IRQHandler
                0x0000000008002b4c                I2C1_IRQHandler
                0x0000000008002b4c                SPI1_IRQHandler
                0x0000000008002b4c                EXTI2_3_IRQHandler
                0x0000000008002b4c                RTC_IRQHandler
                0x0000000008002b4c                DMA1_Channel4_5_6_7_IRQHandler
                0x0000000008002b4c                EXTI4_15_IRQHandler
                0x0000000008002b4c                RCC_IRQHandler
                0x0000000008002b4c                DMA1_Channel1_IRQHandler
                0x0000000008002b4c                Default_Handler
                0x0000000008002b4c                TIM22_IRQHandler
                0x0000000008002b4c                EXTI0_1_IRQHandler
                0x0000000008002b4c                TIM21_IRQHandler
                0x0000000008002b4c                WWDG_IRQHandler
                0x0000000008002b4c                LPUART1_IRQHandler
                0x0000000008002b4c                TIM2_IRQHandler
                0x0000000008002b4c                DMA1_Channel2_3_IRQHandler
                0x0000000008002b4c                FLASH_IRQHandler
                0x0000000008002b4c                LPTIM1_IRQHandler
 *fill*         0x0000000008002b4e        0x2 
 .text.__errno  0x0000000008002b50        0xc c:/users/flynn/appdata/roaming/code/user/globalstorage/bmd.stm32-for-vscode/@xpack-dev-tools/arm-none-eabi-gcc/10.3.1-2.3.1/.content/bin/../lib/gcc/arm-none-eabi/10.3.1/../../../../arm-none-eabi/lib/thumb/v6-m/nofp\libc_nano.a(lib_a-errno.o)
                0x0000000008002b50                __errno
 .text.__libc_init_array
                0x0000000008002b5c       0x48 c:/users/flynn/appdata/roaming/code/user/globalstorage/bmd.stm32-for-vscode/@xpack-dev-tools/arm-none-eabi-gcc/10.3.1-2.3.1/.content/bin/../lib/gcc/arm-none-eabi/10.3.1/../../../../arm-none-eabi/lib/thumb/v6-m/nofp\libc_nano.a(lib_a-init.o)
                0x0000000008002b5c                __libc_init_array
 .text.memset   0x0000000008002ba4       0x10 c:/users/flynn/appdata/roaming/code/user/globalstorage/bmd.stm32-for-vscode/@xpack-dev-tools/arm-none-eabi-gcc/10.3.1-2.3.1/.content/bin/../lib/gcc/arm-none-eabi/10.3.1/../../../../arm-none-eabi/lib/thumb/v6-m/nofp\libc_nano.a(lib_a-memset.o)
                0x0000000008002ba4                memset
 .text.sprintf  0x0000000008002bb4       0x40 c:/users/flynn/appdata/roaming/code/user/globalstorage/bmd.stm32-for-vscode/@xpack-dev-tools/arm-none-eabi-gcc/10.3.1-2.3.1/.content/bin/../lib/gcc/arm-none-eabi/10.3.1/../../../../arm-none-eabi/lib/thumb/v6-m/nofp\libc_nano.a(lib_a-sprintf.o)
                0x0000000008002bb4                siprintf
                0x0000000008002bb4                sprintf
 .text.__ssputs_r
                0x0000000008002bf4       0xc4 c:/users/flynn/appdata/roaming/code/user/globalstorage/bmd.stm32-for-vscode/@xpack-dev-tools/arm-none-eabi-gcc/10.3.1-2.3.1/.content/bin/../lib/gcc/arm-none-eabi/10.3.1/../../../../arm-none-eabi/lib/thumb/v6-m/nofp\libc_nano.a(lib_a-nano-svfprintf.o)
                0x0000000008002bf4                __ssputs_r
 .text._svfprintf_r
                0x0000000008002cb8      0x200 c:/users/flynn/appdata/roaming/code/user/globalstorage/bmd.stm32-for-vscode/@xpack-dev-tools/arm-none-eabi-gcc/10.3.1-2.3.1/.content/bin/../lib/gcc/arm-none-eabi/10.3.1/../../../../arm-none-eabi/lib/thumb/v6-m/nofp\libc_nano.a(lib_a-nano-svfprintf.o)
                0x0000000008002cb8                _svfiprintf_r
                0x0000000008002cb8                _svfprintf_r
 .text._printf_common
                0x0000000008002eb8       0xde c:/users/flynn/appdata/roaming/code/user/globalstorage/bmd.stm32-for-vscode/@xpack-dev-tools/arm-none-eabi-gcc/10.3.1-2.3.1/.content/bin/../lib/gcc/arm-none-eabi/10.3.1/../../../../arm-none-eabi/lib/thumb/v6-m/nofp\libc_nano.a(lib_a-nano-vfprintf_i.o)
                0x0000000008002eb8                _printf_common
 *fill*         0x0000000008002f96        0x2 
 .text._printf_i
                0x0000000008002f98      0x224 c:/users/flynn/appdata/roaming/code/user/globalstorage/bmd.stm32-for-vscode/@xpack-dev-tools/arm-none-eabi-gcc/10.3.1-2.3.1/.content/bin/../lib/gcc/arm-none-eabi/10.3.1/../../../../arm-none-eabi/lib/thumb/v6-m/nofp\libc_nano.a(lib_a-nano-vfprintf_i.o)
                0x0000000008002f98                _printf_i
 .text.memchr   0x00000000080031bc       0x16 c:/users/flynn/appdata/roaming/code/user/globalstorage/bmd.stm32-for-vscode/@xpack-dev-tools/arm-none-eabi-gcc/10.3.1-2.3.1/.content/bin/../lib/gcc/arm-none-eabi/10.3.1/../../../../arm-none-eabi/lib/thumb/v6-m/nofp\libc_nano.a(lib_a-memchr-stub.o)
                0x00000000080031bc                memchr
 .text.memcpy   0x00000000080031d2       0x12 c:/users/flynn/appdata/roaming/code/user/globalstorage/bmd.stm32-for-vscode/@xpack-dev-tools/arm-none-eabi-gcc/10.3.1-2.3.1/.content/bin/../lib/gcc/arm-none-eabi/10.3.1/../../../../arm-none-eabi/lib/thumb/v6-m/nofp\libc_nano.a(lib_a-memcpy-stub.o)
                0x00000000080031d2                memcpy
 .text.memmove  0x00000000080031e4       0x26 c:/users/flynn/appdata/roaming/code/user/globalstorage/bmd.stm32-for-vscode/@xpack-dev-tools/arm-none-eabi-gcc/10.3.1-2.3.1/.content/bin/../lib/gcc/arm-none-eabi/10.3.1/../../../../arm-none-eabi/lib/thumb/v6-m/nofp\libc_nano.a(lib_a-memmove.o)
                0x00000000080031e4                memmove
 *fill*         0x000000000800320a        0x2 
 .text._free_r  0x000000000800320c       0x94 c:/users/flynn/appdata/roaming/code/user/globalstorage/bmd.stm32-for-vscode/@xpack-dev-tools/arm-none-eabi-gcc/10.3.1-2.3.1/.content/bin/../lib/gcc/arm-none-eabi/10.3.1/../../../../arm-none-eabi/lib/thumb/v6-m/nofp\libc_nano.a(lib_a-nano-freer.o)
                0x000000000800320c                _free_r
 .text.sbrk_aligned
                0x00000000080032a0       0x44 c:/users/flynn/appdata/roaming/code/user/globalstorage/bmd.stm32-for-vscode/@xpack-dev-tools/arm-none-eabi-gcc/10.3.1-2.3.1/.content/bin/../lib/gcc/arm-none-eabi/10.3.1/../../../../arm-none-eabi/lib/thumb/v6-m/nofp\libc_nano.a(lib_a-nano-mallocr.o)
 .text._malloc_r
                0x00000000080032e4       0xec c:/users/flynn/appdata/roaming/code/user/globalstorage/bmd.stm32-for-vscode/@xpack-dev-tools/arm-none-eabi-gcc/10.3.1-2.3.1/.content/bin/../lib/gcc/arm-none-eabi/10.3.1/../../../../arm-none-eabi/lib/thumb/v6-m/nofp\libc_nano.a(lib_a-nano-mallocr.o)
                0x00000000080032e4                _malloc_r
 .text._realloc_r
                0x00000000080033d0       0x5e c:/users/flynn/appdata/roaming/code/user/globalstorage/bmd.stm32-for-vscode/@xpack-dev-tools/arm-none-eabi-gcc/10.3.1-2.3.1/.content/bin/../lib/gcc/arm-none-eabi/10.3.1/../../../../arm-none-eabi/lib/thumb/v6-m/nofp\libc_nano.a(lib_a-nano-reallocr.o)
                0x00000000080033d0                _realloc_r
 *fill*         0x000000000800342e        0x2 
 .text._sbrk_r  0x0000000008003430       0x24 c:/users/flynn/appdata/roaming/code/user/globalstorage/bmd.stm32-for-vscode/@xpack-dev-tools/arm-none-eabi-gcc/10.3.1-2.3.1/.content/bin/../lib/gcc/arm-none-eabi/10.3.1/../../../../arm-none-eabi/lib/thumb/v6-m/nofp\libc_nano.a(lib_a-sbrkr.o)
                0x0000000008003430                _sbrk_r
 .text.__malloc_lock
                0x0000000008003454       0x10 c:/users/flynn/appdata/roaming/code/user/globalstorage/bmd.stm32-for-vscode/@xpack-dev-tools/arm-none-eabi-gcc/10.3.1-2.3.1/.content/bin/../lib/gcc/arm-none-eabi/10.3.1/../../../../arm-none-eabi/lib/thumb/v6-m/nofp\libc_nano.a(lib_a-mlock.o)
                0x0000000008003454                __malloc_lock
 .text.__malloc_unlock
                0x0000000008003464       0x10 c:/users/flynn/appdata/roaming/code/user/globalstorage/bmd.stm32-for-vscode/@xpack-dev-tools/arm-none-eabi-gcc/10.3.1-2.3.1/.content/bin/../lib/gcc/arm-none-eabi/10.3.1/../../../../arm-none-eabi/lib/thumb/v6-m/nofp\libc_nano.a(lib_a-mlock.o)
                0x0000000008003464                __malloc_unlock
 .text._malloc_usable_size_r
                0x0000000008003474       0x10 c:/users/flynn/appdata/roaming/code/user/globalstorage/bmd.stm32-for-vscode/@xpack-dev-tools/arm-none-eabi-gcc/10.3.1-2.3.1/.content/bin/../lib/gcc/arm-none-eabi/10.3.1/../../../../arm-none-eabi/lib/thumb/v6-m/nofp\libc_nano.a(lib_a-nano-msizer.o)
                0x0000000008003474                _malloc_usable_size_r
 .text.__retarget_lock_acquire_recursive
                0x0000000008003484        0x2 c:/users/flynn/appdata/roaming/code/user/globalstorage/bmd.stm32-for-vscode/@xpack-dev-tools/arm-none-eabi-gcc/10.3.1-2.3.1/.content/bin/../lib/gcc/arm-none-eabi/10.3.1/../../../../arm-none-eabi/lib/thumb/v6-m/nofp\libc_nano.a(lib_a-lock.o)
                0x0000000008003484                __retarget_lock_acquire_recursive
 .text.__retarget_lock_release_recursive
                0x0000000008003486        0x2 c:/users/flynn/appdata/roaming/code/user/globalstorage/bmd.stm32-for-vscode/@xpack-dev-tools/arm-none-eabi-gcc/10.3.1-2.3.1/.content/bin/../lib/gcc/arm-none-eabi/10.3.1/../../../../arm-none-eabi/lib/thumb/v6-m/nofp\libc_nano.a(lib_a-lock.o)
                0x0000000008003486                __retarget_lock_release_recursive
 .text.__muldi3
                0x0000000008003488       0x5c c:/users/flynn/appdata/roaming/code/user/globalstorage/bmd.stm32-for-vscode/@xpack-dev-tools/arm-none-eabi-gcc/10.3.1-2.3.1/.content/bin/../lib/gcc/arm-none-eabi/10.3.1/thumb/v6-m/nofp\libgcc.a(_muldi3.o)
                0x0000000008003488                __muldi3
                0x0000000008003488                __aeabi_lmul
 .text.__udivmoddi4
                0x00000000080034e4      0x198 c:/users/flynn/appdata/roaming/code/user/globalstorage/bmd.stm32-for-vscode/@xpack-dev-tools/arm-none-eabi-gcc/10.3.1-2.3.1/.content/bin/../lib/gcc/arm-none-eabi/10.3.1/thumb/v6-m/nofp\libgcc.a(_udivmoddi4.o)
                0x00000000080034e4                __udivmoddi4
 .text.__aeabi_fadd
                0x000000000800367c      0x33c c:/users/flynn/appdata/roaming/code/user/globalstorage/bmd.stm32-for-vscode/@xpack-dev-tools/arm-none-eabi-gcc/10.3.1-2.3.1/.content/bin/../lib/gcc/arm-none-eabi/10.3.1/thumb/v6-m/nofp\libgcc.a(addsf3.o)
                0x000000000800367c                __aeabi_fadd
 .text.__aeabi_fdiv
                0x00000000080039b8      0x230 c:/users/flynn/appdata/roaming/code/user/globalstorage/bmd.stm32-for-vscode/@xpack-dev-tools/arm-none-eabi-gcc/10.3.1-2.3.1/.content/bin/../lib/gcc/arm-none-eabi/10.3.1/thumb/v6-m/nofp\libgcc.a(divsf3.o)
                0x00000000080039b8                __aeabi_fdiv
 .text.__aeabi_fmul
                0x0000000008003be8      0x24c c:/users/flynn/appdata/roaming/code/user/globalstorage/bmd.stm32-for-vscode/@xpack-dev-tools/arm-none-eabi-gcc/10.3.1-2.3.1/.content/bin/../lib/gcc/arm-none-eabi/10.3.1/thumb/v6-m/nofp\libgcc.a(mulsf3.o)
                0x0000000008003be8                __aeabi_fmul
 .text.__aeabi_ui2f
                0x0000000008003e34       0x84 c:/users/flynn/appdata/roaming/code/user/globalstorage/bmd.stm32-for-vscode/@xpack-dev-tools/arm-none-eabi-gcc/10.3.1-2.3.1/.content/bin/../lib/gcc/arm-none-eabi/10.3.1/thumb/v6-m/nofp\libgcc.a(floatunsisf.o)
                0x0000000008003e34                __aeabi_ui2f
 .text.__aeabi_dadd
                0x0000000008003eb8      0x678 c:/users/flynn/appdata/roaming/code/user/globalstorage/bmd.stm32-for-vscode/@xpack-dev-tools/arm-none-eabi-gcc/10.3.1-2.3.1/.content/bin/../lib/gcc/arm-none-eabi/10.3.1/thumb/v6-m/nofp\libgcc.a(adddf3.o)
                0x0000000008003eb8                __aeabi_dadd
 .text.__aeabi_ddiv
                0x0000000008004530      0x5ec c:/users/flynn/appdata/roaming/code/user/globalstorage/bmd.stm32-for-vscode/@xpack-dev-tools/arm-none-eabi-gcc/10.3.1-2.3.1/.content/bin/../lib/gcc/arm-none-eabi/10.3.1/thumb/v6-m/nofp\libgcc.a(divdf3.o)
                0x0000000008004530                __aeabi_ddiv
 .text.__aeabi_dmul
                0x0000000008004b1c      0x4d8 c:/users/flynn/appdata/roaming/code/user/globalstorage/bmd.stm32-for-vscode/@xpack-dev-tools/arm-none-eabi-gcc/10.3.1-2.3.1/.content/bin/../lib/gcc/arm-none-eabi/10.3.1/thumb/v6-m/nofp\libgcc.a(muldf3.o)
                0x0000000008004b1c                __aeabi_dmul
 .text.__aeabi_d2iz
                0x0000000008004ff4       0x6c c:/users/flynn/appdata/roaming/code/user/globalstorage/bmd.stm32-for-vscode/@xpack-dev-tools/arm-none-eabi-gcc/10.3.1-2.3.1/.content/bin/../lib/gcc/arm-none-eabi/10.3.1/thumb/v6-m/nofp\libgcc.a(fixdfsi.o)
                0x0000000008004ff4                __aeabi_d2iz
 .text.__aeabi_ui2d
                0x0000000008005060       0x4c c:/users/flynn/appdata/roaming/code/user/globalstorage/bmd.stm32-for-vscode/@xpack-dev-tools/arm-none-eabi-gcc/10.3.1-2.3.1/.content/bin/../lib/gcc/arm-none-eabi/10.3.1/thumb/v6-m/nofp\libgcc.a(floatunsidf.o)
                0x0000000008005060                __aeabi_ui2d
 .text.__aeabi_f2d
                0x00000000080050ac       0x90 c:/users/flynn/appdata/roaming/code/user/globalstorage/bmd.stm32-for-vscode/@xpack-dev-tools/arm-none-eabi-gcc/10.3.1-2.3.1/.content/bin/../lib/gcc/arm-none-eabi/10.3.1/thumb/v6-m/nofp\libgcc.a(extendsfdf2.o)
                0x00000000080050ac                __aeabi_f2d
 .text.__aeabi_d2f
                0x000000000800513c      0x110 c:/users/flynn/appdata/roaming/code/user/globalstorage/bmd.stm32-for-vscode/@xpack-dev-tools/arm-none-eabi-gcc/10.3.1-2.3.1/.content/bin/../lib/gcc/arm-none-eabi/10.3.1/thumb/v6-m/nofp\libgcc.a(truncdfsf2.o)
                0x000000000800513c                __aeabi_d2f
 *(.glue_7)
 .glue_7        0x000000000800524c        0x0 linker stubs
 *(.glue_7t)
 .glue_7t       0x000000000800524c        0x0 linker stubs
 *(.eh_frame)
 .eh_frame      0x000000000800524c        0x0 c:/users/flynn/appdata/roaming/code/user/globalstorage/bmd.stm32-for-vscode/@xpack-dev-tools/arm-none-eabi-gcc/10.3.1-2.3.1/.content/bin/../lib/gcc/arm-none-eabi/10.3.1/thumb/v6-m/nofp/crtbegin.o
 *(.init)
 .init          0x000000000800524c        0x4 c:/users/flynn/appdata/roaming/code/user/globalstorage/bmd.stm32-for-vscode/@xpack-dev-tools/arm-none-eabi-gcc/10.3.1-2.3.1/.content/bin/../lib/gcc/arm-none-eabi/10.3.1/thumb/v6-m/nofp/crti.o
                0x000000000800524c                _init
 .init          0x0000000008005250        0x8 c:/users/flynn/appdata/roaming/code/user/globalstorage/bmd.stm32-for-vscode/@xpack-dev-tools/arm-none-eabi-gcc/10.3.1-2.3.1/.content/bin/../lib/gcc/arm-none-eabi/10.3.1/thumb/v6-m/nofp/crtn.o
 *(.fini)
 .fini          0x0000000008005258        0x4 c:/users/flynn/appdata/roaming/code/user/globalstorage/bmd.stm32-for-vscode/@xpack-dev-tools/arm-none-eabi-gcc/10.3.1-2.3.1/.content/bin/../lib/gcc/arm-none-eabi/10.3.1/thumb/v6-m/nofp/crti.o
                0x0000000008005258                _fini
 .fini          0x000000000800525c        0x8 c:/users/flynn/appdata/roaming/code/user/globalstorage/bmd.stm32-for-vscode/@xpack-dev-tools/arm-none-eabi-gcc/10.3.1-2.3.1/.content/bin/../lib/gcc/arm-none-eabi/10.3.1/thumb/v6-m/nofp/crtn.o
                0x0000000008005264                . = ALIGN (0x4)
                0x0000000008005264                _etext = .

.vfp11_veneer   0x0000000008005264        0x0
 .vfp11_veneer  0x0000000008005264        0x0 linker stubs

.v4_bx          0x0000000008005264        0x0
 .v4_bx         0x0000000008005264        0x0 linker stubs

.iplt           0x0000000008005264        0x0
 .iplt          0x0000000008005264        0x0 c:/users/flynn/appdata/roaming/code/user/globalstorage/bmd.stm32-for-vscode/@xpack-dev-tools/arm-none-eabi-gcc/10.3.1-2.3.1/.content/bin/../lib/gcc/arm-none-eabi/10.3.1/thumb/v6-m/nofp/crtbegin.o

.rodata         0x0000000008005264      0x33c
                0x0000000008005264                . = ALIGN (0x4)
 *(.rodata)
 *(.rodata*)
 .rodata.sendStateMsg.str1.4
                0x0000000008005264        0xb build/fsm.o
 *fill*         0x000000000800526f        0x1 
 .rodata.nextEventFromState
                0x0000000008005270       0x1c build/fsm.o
 .rodata.FSM_reciveCMD.str1.4
                0x000000000800528c        0x2 build/fsm.o
 *fill*         0x000000000800528e        0x2 
 .rodata.FSM.2  0x0000000008005290       0x90 build/fsm.o
 .rodata.eFsmStateNames
                0x0000000008005320       0x54 build/fsm.o
 .rodata.errorMsg
                0x0000000008005374       0x2e build/fsm.o
 *fill*         0x00000000080053a2        0x2 
 .rodata.resetMsg
                0x00000000080053a4       0x1b build/fsm.o
 *fill*         0x00000000080053bf        0x1 
 .rodata.AHBPrescTable
                0x00000000080053c0       0x10 build/system_stm32l0xx.o
                0x00000000080053c0                AHBPrescTable
 .rodata.APBPrescTable
                0x00000000080053d0        0x8 build/system_stm32l0xx.o
                0x00000000080053d0                APBPrescTable
 .rodata.PLLMulTable
                0x00000000080053d8        0x9 build/system_stm32l0xx.o
                0x00000000080053d8                PLLMulTable
 *fill*         0x00000000080053e1        0x3 
 .rodata.UART_SetConfig
                0x00000000080053e4       0x48 build/stm32l0xx_hal_uart.o
 .rodata._svfprintf_r.str1.1
                0x000000000800542c       0x11 c:/users/flynn/appdata/roaming/code/user/globalstorage/bmd.stm32-for-vscode/@xpack-dev-tools/arm-none-eabi-gcc/10.3.1-2.3.1/.content/bin/../lib/gcc/arm-none-eabi/10.3.1/../../../../arm-none-eabi/lib/thumb/v6-m/nofp\libc_nano.a(lib_a-nano-svfprintf.o)
 .rodata._printf_i.str1.1
                0x000000000800543d       0x22 c:/users/flynn/appdata/roaming/code/user/globalstorage/bmd.stm32-for-vscode/@xpack-dev-tools/arm-none-eabi-gcc/10.3.1-2.3.1/.content/bin/../lib/gcc/arm-none-eabi/10.3.1/../../../../arm-none-eabi/lib/thumb/v6-m/nofp\libc_nano.a(lib_a-nano-vfprintf_i.o)
 *fill*         0x000000000800545f        0x1 
 .rodata.__aeabi_fdiv
                0x0000000008005460       0x80 c:/users/flynn/appdata/roaming/code/user/globalstorage/bmd.stm32-for-vscode/@xpack-dev-tools/arm-none-eabi-gcc/10.3.1-2.3.1/.content/bin/../lib/gcc/arm-none-eabi/10.3.1/thumb/v6-m/nofp\libgcc.a(divsf3.o)
 .rodata.__aeabi_fmul
                0x00000000080054e0       0x40 c:/users/flynn/appdata/roaming/code/user/globalstorage/bmd.stm32-for-vscode/@xpack-dev-tools/arm-none-eabi-gcc/10.3.1-2.3.1/.content/bin/../lib/gcc/arm-none-eabi/10.3.1/thumb/v6-m/nofp\libgcc.a(mulsf3.o)
 .rodata.__aeabi_ddiv
                0x0000000008005520       0x40 c:/users/flynn/appdata/roaming/code/user/globalstorage/bmd.stm32-for-vscode/@xpack-dev-tools/arm-none-eabi-gcc/10.3.1-2.3.1/.content/bin/../lib/gcc/arm-none-eabi/10.3.1/thumb/v6-m/nofp\libgcc.a(divdf3.o)
 .rodata.__aeabi_dmul
                0x0000000008005560       0x40 c:/users/flynn/appdata/roaming/code/user/globalstorage/bmd.stm32-for-vscode/@xpack-dev-tools/arm-none-eabi-gcc/10.3.1-2.3.1/.content/bin/../lib/gcc/arm-none-eabi/10.3.1/thumb/v6-m/nofp\libgcc.a(muldf3.o)
                0x00000000080055a0                . = ALIGN (0x4)

.ARM.extab
 *(.ARM.extab* .gnu.linkonce.armextab.*)

.ARM            0x00000000080055a0        0x8
                0x00000000080055a0                __exidx_start = .
 *(.ARM.exidx*)
 .ARM.exidx.text.__muldi3
                0x00000000080055a0        0x8 c:/users/flynn/appdata/roaming/code/user/globalstorage/bmd.stm32-for-vscode/@xpack-dev-tools/arm-none-eabi-gcc/10.3.1-2.3.1/.content/bin/../lib/gcc/arm-none-eabi/10.3.1/thumb/v6-m/nofp\libgcc.a(_muldi3.o)
 .ARM.exidx.text.__udivmoddi4
                0x00000000080055a8        0x0 c:/users/flynn/appdata/roaming/code/user/globalstorage/bmd.stm32-for-vscode/@xpack-dev-tools/arm-none-eabi-gcc/10.3.1-2.3.1/.content/bin/../lib/gcc/arm-none-eabi/10.3.1/thumb/v6-m/nofp\libgcc.a(_udivmoddi4.o)
                                          0x8 (size before relaxing)
 .ARM.exidx.text.__aeabi_fadd
                0x00000000080055a8        0x0 c:/users/flynn/appdata/roaming/code/user/globalstorage/bmd.stm32-for-vscode/@xpack-dev-tools/arm-none-eabi-gcc/10.3.1-2.3.1/.content/bin/../lib/gcc/arm-none-eabi/10.3.1/thumb/v6-m/nofp\libgcc.a(addsf3.o)
                                          0x8 (size before relaxing)
 .ARM.exidx.text.__aeabi_fdiv
                0x00000000080055a8        0x0 c:/users/flynn/appdata/roaming/code/user/globalstorage/bmd.stm32-for-vscode/@xpack-dev-tools/arm-none-eabi-gcc/10.3.1-2.3.1/.content/bin/../lib/gcc/arm-none-eabi/10.3.1/thumb/v6-m/nofp\libgcc.a(divsf3.o)
                                          0x8 (size before relaxing)
 .ARM.exidx.text.__aeabi_fmul
                0x00000000080055a8        0x0 c:/users/flynn/appdata/roaming/code/user/globalstorage/bmd.stm32-for-vscode/@xpack-dev-tools/arm-none-eabi-gcc/10.3.1-2.3.1/.content/bin/../lib/gcc/arm-none-eabi/10.3.1/thumb/v6-m/nofp\libgcc.a(mulsf3.o)
                                          0x8 (size before relaxing)
 .ARM.exidx.text.__aeabi_ui2f
                0x00000000080055a8        0x0 c:/users/flynn/appdata/roaming/code/user/globalstorage/bmd.stm32-for-vscode/@xpack-dev-tools/arm-none-eabi-gcc/10.3.1-2.3.1/.content/bin/../lib/gcc/arm-none-eabi/10.3.1/thumb/v6-m/nofp\libgcc.a(floatunsisf.o)
                                          0x8 (size before relaxing)
 .ARM.exidx.text.__aeabi_dadd
                0x00000000080055a8        0x0 c:/users/flynn/appdata/roaming/code/user/globalstorage/bmd.stm32-for-vscode/@xpack-dev-tools/arm-none-eabi-gcc/10.3.1-2.3.1/.content/bin/../lib/gcc/arm-none-eabi/10.3.1/thumb/v6-m/nofp\libgcc.a(adddf3.o)
                                          0x8 (size before relaxing)
 .ARM.exidx.text.__aeabi_ddiv
                0x00000000080055a8        0x0 c:/users/flynn/appdata/roaming/code/user/globalstorage/bmd.stm32-for-vscode/@xpack-dev-tools/arm-none-eabi-gcc/10.3.1-2.3.1/.content/bin/../lib/gcc/arm-none-eabi/10.3.1/thumb/v6-m/nofp\libgcc.a(divdf3.o)
                                          0x8 (size before relaxing)
 .ARM.exidx.text.__aeabi_dmul
                0x00000000080055a8        0x0 c:/users/flynn/appdata/roaming/code/user/globalstorage/bmd.stm32-for-vscode/@xpack-dev-tools/arm-none-eabi-gcc/10.3.1-2.3.1/.content/bin/../lib/gcc/arm-none-eabi/10.3.1/thumb/v6-m/nofp\libgcc.a(muldf3.o)
                                          0x8 (size before relaxing)
 .ARM.exidx.text.__aeabi_d2iz
                0x00000000080055a8        0x0 c:/users/flynn/appdata/roaming/code/user/globalstorage/bmd.stm32-for-vscode/@xpack-dev-tools/arm-none-eabi-gcc/10.3.1-2.3.1/.content/bin/../lib/gcc/arm-none-eabi/10.3.1/thumb/v6-m/nofp\libgcc.a(fixdfsi.o)
                                          0x8 (size before relaxing)
 .ARM.exidx.text.__aeabi_ui2d
                0x00000000080055a8        0x0 c:/users/flynn/appdata/roaming/code/user/globalstorage/bmd.stm32-for-vscode/@xpack-dev-tools/arm-none-eabi-gcc/10.3.1-2.3.1/.content/bin/../lib/gcc/arm-none-eabi/10.3.1/thumb/v6-m/nofp\libgcc.a(floatunsidf.o)
                                          0x8 (size before relaxing)
 .ARM.exidx.text.__aeabi_f2d
                0x00000000080055a8        0x0 c:/users/flynn/appdata/roaming/code/user/globalstorage/bmd.stm32-for-vscode/@xpack-dev-tools/arm-none-eabi-gcc/10.3.1-2.3.1/.content/bin/../lib/gcc/arm-none-eabi/10.3.1/thumb/v6-m/nofp\libgcc.a(extendsfdf2.o)
                                          0x8 (size before relaxing)
 .ARM.exidx.text.__aeabi_d2f
                0x00000000080055a8        0x0 c:/users/flynn/appdata/roaming/code/user/globalstorage/bmd.stm32-for-vscode/@xpack-dev-tools/arm-none-eabi-gcc/10.3.1-2.3.1/.content/bin/../lib/gcc/arm-none-eabi/10.3.1/thumb/v6-m/nofp\libgcc.a(truncdfsf2.o)
                                          0x8 (size before relaxing)
                0x00000000080055a8                __exidx_end = .

.rel.dyn        0x00000000080055a8        0x0
 .rel.iplt      0x00000000080055a8        0x0 c:/users/flynn/appdata/roaming/code/user/globalstorage/bmd.stm32-for-vscode/@xpack-dev-tools/arm-none-eabi-gcc/10.3.1-2.3.1/.content/bin/../lib/gcc/arm-none-eabi/10.3.1/thumb/v6-m/nofp/crtbegin.o

.preinit_array  0x00000000080055a8        0x0
                0x00000000080055a8                PROVIDE (__preinit_array_start = .)
 *(.preinit_array*)
                0x00000000080055a8                PROVIDE (__preinit_array_end = .)

.init_array     0x00000000080055a8        0x4
                0x00000000080055a8                PROVIDE (__init_array_start = .)
 *(SORT_BY_NAME(.init_array.*))
 *(.init_array*)
 .init_array    0x00000000080055a8        0x4 c:/users/flynn/appdata/roaming/code/user/globalstorage/bmd.stm32-for-vscode/@xpack-dev-tools/arm-none-eabi-gcc/10.3.1-2.3.1/.content/bin/../lib/gcc/arm-none-eabi/10.3.1/thumb/v6-m/nofp/crtbegin.o
                0x00000000080055ac                PROVIDE (__init_array_end = .)

.fini_array     0x00000000080055ac        0x4
                [!provide]                        PROVIDE (__fini_array_start = .)
 *(SORT_BY_NAME(.fini_array.*))
 *(.fini_array*)
 .fini_array    0x00000000080055ac        0x4 c:/users/flynn/appdata/roaming/code/user/globalstorage/bmd.stm32-for-vscode/@xpack-dev-tools/arm-none-eabi-gcc/10.3.1-2.3.1/.content/bin/../lib/gcc/arm-none-eabi/10.3.1/thumb/v6-m/nofp/crtbegin.o
                [!provide]                        PROVIDE (__fini_array_end = .)
                0x00000000080055b0                _sidata = LOADADDR (.data)

.data           0x0000000020000000       0x74 load address 0x00000000080055b0
                0x0000000020000000                . = ALIGN (0x4)
                0x0000000020000000                _sdata = .
 *(.data)
 *(.data*)
 .data.eFsmCurrentState
                0x0000000020000000        0x1 build/fsm.o
 .data.eFsmNewEvent
                0x0000000020000001        0x1 build/fsm.o
 .data.preEvent.1
                0x0000000020000002        0x1 build/fsm.o
 *fill*         0x0000000020000003        0x1 
 .data.SystemCoreClock
                0x0000000020000004        0x4 build/system_stm32l0xx.o
                0x0000000020000004                SystemCoreClock
 .data.uwTickFreq
                0x0000000020000008        0x1 build/stm32l0xx_hal.o
                0x0000000020000008                uwTickFreq
 *fill*         0x0000000020000009        0x3 
 .data.uwTickPrio
                0x000000002000000c        0x4 build/stm32l0xx_hal.o
                0x000000002000000c                uwTickPrio
 .data._impure_ptr
                0x0000000020000010        0x4 c:/users/flynn/appdata/roaming/code/user/globalstorage/bmd.stm32-for-vscode/@xpack-dev-tools/arm-none-eabi-gcc/10.3.1-2.3.1/.content/bin/../lib/gcc/arm-none-eabi/10.3.1/../../../../arm-none-eabi/lib/thumb/v6-m/nofp\libc_nano.a(lib_a-impure.o)
                0x0000000020000010                _impure_ptr
 .data.impure_data
                0x0000000020000014       0x60 c:/users/flynn/appdata/roaming/code/user/globalstorage/bmd.stm32-for-vscode/@xpack-dev-tools/arm-none-eabi-gcc/10.3.1-2.3.1/.content/bin/../lib/gcc/arm-none-eabi/10.3.1/../../../../arm-none-eabi/lib/thumb/v6-m/nofp\libc_nano.a(lib_a-impure.o)
                0x0000000020000074                . = ALIGN (0x4)
                0x0000000020000074                _edata = .

.igot.plt       0x0000000020000074        0x0 load address 0x0000000008005624
 .igot.plt      0x0000000020000074        0x0 c:/users/flynn/appdata/roaming/code/user/globalstorage/bmd.stm32-for-vscode/@xpack-dev-tools/arm-none-eabi-gcc/10.3.1-2.3.1/.content/bin/../lib/gcc/arm-none-eabi/10.3.1/thumb/v6-m/nofp/crtbegin.o
                0x0000000020000074                . = ALIGN (0x4)

.bss            0x0000000020000074      0x164 load address 0x0000000008005624
                0x0000000020000074                _sbss = .
                0x0000000020000074                __bss_start__ = _sbss
 *(.bss)
 *(.bss*)
 .bss.completed.1
                0x0000000020000074        0x1 c:/users/flynn/appdata/roaming/code/user/globalstorage/bmd.stm32-for-vscode/@xpack-dev-tools/arm-none-eabi-gcc/10.3.1-2.3.1/.content/bin/../lib/gcc/arm-none-eabi/10.3.1/thumb/v6-m/nofp/crtbegin.o
 *fill*         0x0000000020000075        0x3 
 .bss.object.0  0x0000000020000078       0x18 c:/users/flynn/appdata/roaming/code/user/globalstorage/bmd.stm32-for-vscode/@xpack-dev-tools/arm-none-eabi-gcc/10.3.1-2.3.1/.content/bin/../lib/gcc/arm-none-eabi/10.3.1/thumb/v6-m/nofp/crtbegin.o
 .bss.msgBuff.0
                0x0000000020000090       0x20 build/fsm.o
 .bss.hi2c1     0x00000000200000b0       0x4c build/i2c.o
                0x00000000200000b0                hi2c1
 .bss.__sbrk_heap_end
                0x00000000200000fc        0x4 build/sysmem.o
 .bss.htim2     0x0000000020000100       0x40 build/tim.o
                0x0000000020000100                htim2
 .bss.huart2    0x0000000020000140       0x84 build/usart.o
                0x0000000020000140                huart2
 .bss.uwTick    0x00000000200001c4        0x4 build/stm32l0xx_hal.o
                0x00000000200001c4                uwTick
 .bss.__malloc_free_list
                0x00000000200001c8        0x4 c:/users/flynn/appdata/roaming/code/user/globalstorage/bmd.stm32-for-vscode/@xpack-dev-tools/arm-none-eabi-gcc/10.3.1-2.3.1/.content/bin/../lib/gcc/arm-none-eabi/10.3.1/../../../../arm-none-eabi/lib/thumb/v6-m/nofp\libc_nano.a(lib_a-nano-mallocr.o)
                0x00000000200001c8                __malloc_free_list
 .bss.__malloc_sbrk_start
                0x00000000200001cc        0x4 c:/users/flynn/appdata/roaming/code/user/globalstorage/bmd.stm32-for-vscode/@xpack-dev-tools/arm-none-eabi-gcc/10.3.1-2.3.1/.content/bin/../lib/gcc/arm-none-eabi/10.3.1/../../../../arm-none-eabi/lib/thumb/v6-m/nofp\libc_nano.a(lib_a-nano-mallocr.o)
                0x00000000200001cc                __malloc_sbrk_start
 .bss.errno     0x00000000200001d0        0x4 c:/users/flynn/appdata/roaming/code/user/globalstorage/bmd.stm32-for-vscode/@xpack-dev-tools/arm-none-eabi-gcc/10.3.1-2.3.1/.content/bin/../lib/gcc/arm-none-eabi/10.3.1/../../../../arm-none-eabi/lib/thumb/v6-m/nofp\libc_nano.a(lib_a-reent.o)
                0x00000000200001d0                errno
 .bss.__lock___malloc_recursive_mutex
                0x00000000200001d4        0x1 c:/users/flynn/appdata/roaming/code/user/globalstorage/bmd.stm32-for-vscode/@xpack-dev-tools/arm-none-eabi-gcc/10.3.1-2.3.1/.content/bin/../lib/gcc/arm-none-eabi/10.3.1/../../../../arm-none-eabi/lib/thumb/v6-m/nofp\libc_nano.a(lib_a-lock.o)
                0x00000000200001d4                __lock___malloc_recursive_mutex
 *(COMMON)
                0x00000000200001d8                . = ALIGN (0x4)
 *fill*         0x00000000200001d5        0x3 
                0x00000000200001d8                _ebss = .
                0x00000000200001d8                __bss_end__ = _ebss

._user_heap_stack
                0x00000000200001d8      0x600 load address 0x0000000008005624
                0x00000000200001d8                . = ALIGN (0x8)
                [!provide]                        PROVIDE (end = .)
                0x00000000200001d8                PROVIDE (_end = .)
                0x00000000200003d8                . = (. + _Min_Heap_Size)
 *fill*         0x00000000200001d8      0x200 
                0x00000000200007d8                . = (. + _Min_Stack_Size)
 *fill*         0x00000000200003d8      0x400 
                0x00000000200007d8                . = ALIGN (0x8)

/DISCARD/
 libc.a(*)
 libm.a(*)
 libgcc.a(*)

.ARM.attributes
                0x0000000000000000       0x28
 *(.ARM.attributes)
 .ARM.attributes
                0x0000000000000000       0x1e c:/users/flynn/appdata/roaming/code/user/globalstorage/bmd.stm32-for-vscode/@xpack-dev-tools/arm-none-eabi-gcc/10.3.1-2.3.1/.content/bin/../lib/gcc/arm-none-eabi/10.3.1/thumb/v6-m/nofp/crti.o
 .ARM.attributes
                0x000000000000001e       0x2c c:/users/flynn/appdata/roaming/code/user/globalstorage/bmd.stm32-for-vscode/@xpack-dev-tools/arm-none-eabi-gcc/10.3.1-2.3.1/.content/bin/../lib/gcc/arm-none-eabi/10.3.1/thumb/v6-m/nofp/crtbegin.o
 .ARM.attributes
                0x000000000000004a       0x2c build/fsm.o
 .ARM.attributes
                0x0000000000000076       0x2c build/gpio.o
 .ARM.attributes
                0x00000000000000a2       0x2c build/i2c.o
 .ARM.attributes
                0x00000000000000ce       0x2c build/main.o
 .ARM.attributes
                0x00000000000000fa       0x2c build/pwm.o
 .ARM.attributes
                0x0000000000000126       0x2c build/stm32l0xx_hal_msp.o
 .ARM.attributes
                0x0000000000000152       0x2c build/stm32l0xx_it.o
 .ARM.attributes
                0x000000000000017e       0x2c build/sysmem.o
 .ARM.attributes
                0x00000000000001aa       0x2c build/system_stm32l0xx.o
 .ARM.attributes
                0x00000000000001d6       0x2c build/tim.o
 .ARM.attributes
                0x0000000000000202       0x2c build/usart.o
 .ARM.attributes
                0x000000000000022e       0x2c build/stm32l0xx_hal.o
 .ARM.attributes
                0x000000000000025a       0x2c build/stm32l0xx_hal_cortex.o
 .ARM.attributes
                0x0000000000000286       0x2c build/stm32l0xx_hal_dma.o
 .ARM.attributes
                0x00000000000002b2       0x2c build/stm32l0xx_hal_gpio.o
 .ARM.attributes
                0x00000000000002de       0x2c build/stm32l0xx_hal_i2c.o
 .ARM.attributes
                0x000000000000030a       0x2c build/stm32l0xx_hal_i2c_ex.o
 .ARM.attributes
                0x0000000000000336       0x2c build/stm32l0xx_hal_rcc.o
 .ARM.attributes
                0x0000000000000362       0x2c build/stm32l0xx_hal_rcc_ex.o
 .ARM.attributes
                0x000000000000038e       0x2c build/stm32l0xx_hal_tim.o
 .ARM.attributes
                0x00000000000003ba       0x2c build/stm32l0xx_hal_tim_ex.o
 .ARM.attributes
                0x00000000000003e6       0x2c build/stm32l0xx_hal_uart.o
 .ARM.attributes
                0x0000000000000412       0x2c build/stm32l0xx_hal_uart_ex.o
 .ARM.attributes
                0x000000000000043e       0x22 build/startup_stm32l031xx.o
 .ARM.attributes
                0x0000000000000460       0x2c c:/users/flynn/appdata/roaming/code/user/globalstorage/bmd.stm32-for-vscode/@xpack-dev-tools/arm-none-eabi-gcc/10.3.1-2.3.1/.content/bin/../lib/gcc/arm-none-eabi/10.3.1/../../../../arm-none-eabi/lib/thumb/v6-m/nofp\libc_nano.a(lib_a-errno.o)
 .ARM.attributes
                0x000000000000048c       0x2c c:/users/flynn/appdata/roaming/code/user/globalstorage/bmd.stm32-for-vscode/@xpack-dev-tools/arm-none-eabi-gcc/10.3.1-2.3.1/.content/bin/../lib/gcc/arm-none-eabi/10.3.1/../../../../arm-none-eabi/lib/thumb/v6-m/nofp\libc_nano.a(lib_a-impure.o)
 .ARM.attributes
                0x00000000000004b8       0x2c c:/users/flynn/appdata/roaming/code/user/globalstorage/bmd.stm32-for-vscode/@xpack-dev-tools/arm-none-eabi-gcc/10.3.1-2.3.1/.content/bin/../lib/gcc/arm-none-eabi/10.3.1/../../../../arm-none-eabi/lib/thumb/v6-m/nofp\libc_nano.a(lib_a-init.o)
 .ARM.attributes
                0x00000000000004e4       0x2c c:/users/flynn/appdata/roaming/code/user/globalstorage/bmd.stm32-for-vscode/@xpack-dev-tools/arm-none-eabi-gcc/10.3.1-2.3.1/.content/bin/../lib/gcc/arm-none-eabi/10.3.1/../../../../arm-none-eabi/lib/thumb/v6-m/nofp\libc_nano.a(lib_a-memset.o)
 .ARM.attributes
                0x0000000000000510       0x2c c:/users/flynn/appdata/roaming/code/user/globalstorage/bmd.stm32-for-vscode/@xpack-dev-tools/arm-none-eabi-gcc/10.3.1-2.3.1/.content/bin/../lib/gcc/arm-none-eabi/10.3.1/../../../../arm-none-eabi/lib/thumb/v6-m/nofp\libc_nano.a(lib_a-sprintf.o)
 .ARM.attributes
                0x000000000000053c       0x2c c:/users/flynn/appdata/roaming/code/user/globalstorage/bmd.stm32-for-vscode/@xpack-dev-tools/arm-none-eabi-gcc/10.3.1-2.3.1/.content/bin/../lib/gcc/arm-none-eabi/10.3.1/../../../../arm-none-eabi/lib/thumb/v6-m/nofp\libc_nano.a(lib_a-nano-svfprintf.o)
 .ARM.attributes
                0x0000000000000568       0x2c c:/users/flynn/appdata/roaming/code/user/globalstorage/bmd.stm32-for-vscode/@xpack-dev-tools/arm-none-eabi-gcc/10.3.1-2.3.1/.content/bin/../lib/gcc/arm-none-eabi/10.3.1/../../../../arm-none-eabi/lib/thumb/v6-m/nofp\libc_nano.a(lib_a-nano-vfprintf_i.o)
 .ARM.attributes
                0x0000000000000594       0x2c c:/users/flynn/appdata/roaming/code/user/globalstorage/bmd.stm32-for-vscode/@xpack-dev-tools/arm-none-eabi-gcc/10.3.1-2.3.1/.content/bin/../lib/gcc/arm-none-eabi/10.3.1/../../../../arm-none-eabi/lib/thumb/v6-m/nofp\libc_nano.a(lib_a-memchr-stub.o)
 .ARM.attributes
                0x00000000000005c0       0x2c c:/users/flynn/appdata/roaming/code/user/globalstorage/bmd.stm32-for-vscode/@xpack-dev-tools/arm-none-eabi-gcc/10.3.1-2.3.1/.content/bin/../lib/gcc/arm-none-eabi/10.3.1/../../../../arm-none-eabi/lib/thumb/v6-m/nofp\libc_nano.a(lib_a-memcpy-stub.o)
 .ARM.attributes
                0x00000000000005ec       0x2c c:/users/flynn/appdata/roaming/code/user/globalstorage/bmd.stm32-for-vscode/@xpack-dev-tools/arm-none-eabi-gcc/10.3.1-2.3.1/.content/bin/../lib/gcc/arm-none-eabi/10.3.1/../../../../arm-none-eabi/lib/thumb/v6-m/nofp\libc_nano.a(lib_a-memmove.o)
 .ARM.attributes
                0x0000000000000618       0x2c c:/users/flynn/appdata/roaming/code/user/globalstorage/bmd.stm32-for-vscode/@xpack-dev-tools/arm-none-eabi-gcc/10.3.1-2.3.1/.content/bin/../lib/gcc/arm-none-eabi/10.3.1/../../../../arm-none-eabi/lib/thumb/v6-m/nofp\libc_nano.a(lib_a-nano-freer.o)
 .ARM.attributes
                0x0000000000000644       0x2c c:/users/flynn/appdata/roaming/code/user/globalstorage/bmd.stm32-for-vscode/@xpack-dev-tools/arm-none-eabi-gcc/10.3.1-2.3.1/.content/bin/../lib/gcc/arm-none-eabi/10.3.1/../../../../arm-none-eabi/lib/thumb/v6-m/nofp\libc_nano.a(lib_a-nano-mallocr.o)
 .ARM.attributes
                0x0000000000000670       0x2c c:/users/flynn/appdata/roaming/code/user/globalstorage/bmd.stm32-for-vscode/@xpack-dev-tools/arm-none-eabi-gcc/10.3.1-2.3.1/.content/bin/../lib/gcc/arm-none-eabi/10.3.1/../../../../arm-none-eabi/lib/thumb/v6-m/nofp\libc_nano.a(lib_a-nano-reallocr.o)
 .ARM.attributes
                0x000000000000069c       0x2c c:/users/flynn/appdata/roaming/code/user/globalstorage/bmd.stm32-for-vscode/@xpack-dev-tools/arm-none-eabi-gcc/10.3.1-2.3.1/.content/bin/../lib/gcc/arm-none-eabi/10.3.1/../../../../arm-none-eabi/lib/thumb/v6-m/nofp\libc_nano.a(lib_a-sbrkr.o)
 .ARM.attributes
                0x00000000000006c8       0x2c c:/users/flynn/appdata/roaming/code/user/globalstorage/bmd.stm32-for-vscode/@xpack-dev-tools/arm-none-eabi-gcc/10.3.1-2.3.1/.content/bin/../lib/gcc/arm-none-eabi/10.3.1/../../../../arm-none-eabi/lib/thumb/v6-m/nofp\libc_nano.a(lib_a-mlock.o)
 .ARM.attributes
                0x00000000000006f4       0x2c c:/users/flynn/appdata/roaming/code/user/globalstorage/bmd.stm32-for-vscode/@xpack-dev-tools/arm-none-eabi-gcc/10.3.1-2.3.1/.content/bin/../lib/gcc/arm-none-eabi/10.3.1/../../../../arm-none-eabi/lib/thumb/v6-m/nofp\libc_nano.a(lib_a-nano-msizer.o)
 .ARM.attributes
                0x0000000000000720       0x2c c:/users/flynn/appdata/roaming/code/user/globalstorage/bmd.stm32-for-vscode/@xpack-dev-tools/arm-none-eabi-gcc/10.3.1-2.3.1/.content/bin/../lib/gcc/arm-none-eabi/10.3.1/../../../../arm-none-eabi/lib/thumb/v6-m/nofp\libc_nano.a(lib_a-reent.o)
 .ARM.attributes
                0x000000000000074c       0x2c c:/users/flynn/appdata/roaming/code/user/globalstorage/bmd.stm32-for-vscode/@xpack-dev-tools/arm-none-eabi-gcc/10.3.1-2.3.1/.content/bin/../lib/gcc/arm-none-eabi/10.3.1/../../../../arm-none-eabi/lib/thumb/v6-m/nofp\libc_nano.a(lib_a-lock.o)
 .ARM.attributes
                0x0000000000000778       0x1e c:/users/flynn/appdata/roaming/code/user/globalstorage/bmd.stm32-for-vscode/@xpack-dev-tools/arm-none-eabi-gcc/10.3.1-2.3.1/.content/bin/../lib/gcc/arm-none-eabi/10.3.1/thumb/v6-m/nofp\libgcc.a(_thumb1_case_shi.o)
 .ARM.attributes
                0x0000000000000796       0x1e c:/users/flynn/appdata/roaming/code/user/globalstorage/bmd.stm32-for-vscode/@xpack-dev-tools/arm-none-eabi-gcc/10.3.1-2.3.1/.content/bin/../lib/gcc/arm-none-eabi/10.3.1/thumb/v6-m/nofp\libgcc.a(_udivsi3.o)
 .ARM.attributes
                0x00000000000007b4       0x1e c:/users/flynn/appdata/roaming/code/user/globalstorage/bmd.stm32-for-vscode/@xpack-dev-tools/arm-none-eabi-gcc/10.3.1-2.3.1/.content/bin/../lib/gcc/arm-none-eabi/10.3.1/thumb/v6-m/nofp\libgcc.a(_dvmd_tls.o)
 .ARM.attributes
                0x00000000000007d2       0x1e c:/users/flynn/appdata/roaming/code/user/globalstorage/bmd.stm32-for-vscode/@xpack-dev-tools/arm-none-eabi-gcc/10.3.1-2.3.1/.content/bin/../lib/gcc/arm-none-eabi/10.3.1/thumb/v6-m/nofp\libgcc.a(_aeabi_uldivmod.o)
 .ARM.attributes
                0x00000000000007f0       0x2c c:/users/flynn/appdata/roaming/code/user/globalstorage/bmd.stm32-for-vscode/@xpack-dev-tools/arm-none-eabi-gcc/10.3.1-2.3.1/.content/bin/../lib/gcc/arm-none-eabi/10.3.1/thumb/v6-m/nofp\libgcc.a(_muldi3.o)
 .ARM.attributes
                0x000000000000081c       0x2c c:/users/flynn/appdata/roaming/code/user/globalstorage/bmd.stm32-for-vscode/@xpack-dev-tools/arm-none-eabi-gcc/10.3.1-2.3.1/.content/bin/../lib/gcc/arm-none-eabi/10.3.1/thumb/v6-m/nofp\libgcc.a(_udivmoddi4.o)
 .ARM.attributes
                0x0000000000000848       0x2c c:/users/flynn/appdata/roaming/code/user/globalstorage/bmd.stm32-for-vscode/@xpack-dev-tools/arm-none-eabi-gcc/10.3.1-2.3.1/.content/bin/../lib/gcc/arm-none-eabi/10.3.1/thumb/v6-m/nofp\libgcc.a(addsf3.o)
 .ARM.attributes
                0x0000000000000874       0x2c c:/users/flynn/appdata/roaming/code/user/globalstorage/bmd.stm32-for-vscode/@xpack-dev-tools/arm-none-eabi-gcc/10.3.1-2.3.1/.content/bin/../lib/gcc/arm-none-eabi/10.3.1/thumb/v6-m/nofp\libgcc.a(divsf3.o)
 .ARM.attributes
                0x00000000000008a0       0x2c c:/users/flynn/appdata/roaming/code/user/globalstorage/bmd.stm32-for-vscode/@xpack-dev-tools/arm-none-eabi-gcc/10.3.1-2.3.1/.content/bin/../lib/gcc/arm-none-eabi/10.3.1/thumb/v6-m/nofp\libgcc.a(mulsf3.o)
 .ARM.attributes
                0x00000000000008cc       0x2c c:/users/flynn/appdata/roaming/code/user/globalstorage/bmd.stm32-for-vscode/@xpack-dev-tools/arm-none-eabi-gcc/10.3.1-2.3.1/.content/bin/../lib/gcc/arm-none-eabi/10.3.1/thumb/v6-m/nofp\libgcc.a(floatunsisf.o)
 .ARM.attributes
                0x00000000000008f8       0x2c c:/users/flynn/appdata/roaming/code/user/globalstorage/bmd.stm32-for-vscode/@xpack-dev-tools/arm-none-eabi-gcc/10.3.1-2.3.1/.content/bin/../lib/gcc/arm-none-eabi/10.3.1/thumb/v6-m/nofp\libgcc.a(adddf3.o)
 .ARM.attributes
                0x0000000000000924       0x2c c:/users/flynn/appdata/roaming/code/user/globalstorage/bmd.stm32-for-vscode/@xpack-dev-tools/arm-none-eabi-gcc/10.3.1-2.3.1/.content/bin/../lib/gcc/arm-none-eabi/10.3.1/thumb/v6-m/nofp\libgcc.a(divdf3.o)
 .ARM.attributes
                0x0000000000000950       0x2c c:/users/flynn/appdata/roaming/code/user/globalstorage/bmd.stm32-for-vscode/@xpack-dev-tools/arm-none-eabi-gcc/10.3.1-2.3.1/.content/bin/../lib/gcc/arm-none-eabi/10.3.1/thumb/v6-m/nofp\libgcc.a(muldf3.o)
 .ARM.attributes
                0x000000000000097c       0x2c c:/users/flynn/appdata/roaming/code/user/globalstorage/bmd.stm32-for-vscode/@xpack-dev-tools/arm-none-eabi-gcc/10.3.1-2.3.1/.content/bin/../lib/gcc/arm-none-eabi/10.3.1/thumb/v6-m/nofp\libgcc.a(fixdfsi.o)
 .ARM.attributes
                0x00000000000009a8       0x2c c:/users/flynn/appdata/roaming/code/user/globalstorage/bmd.stm32-for-vscode/@xpack-dev-tools/arm-none-eabi-gcc/10.3.1-2.3.1/.content/bin/../lib/gcc/arm-none-eabi/10.3.1/thumb/v6-m/nofp\libgcc.a(floatunsidf.o)
 .ARM.attributes
                0x00000000000009d4       0x2c c:/users/flynn/appdata/roaming/code/user/globalstorage/bmd.stm32-for-vscode/@xpack-dev-tools/arm-none-eabi-gcc/10.3.1-2.3.1/.content/bin/../lib/gcc/arm-none-eabi/10.3.1/thumb/v6-m/nofp\libgcc.a(extendsfdf2.o)
 .ARM.attributes
                0x0000000000000a00       0x2c c:/users/flynn/appdata/roaming/code/user/globalstorage/bmd.stm32-for-vscode/@xpack-dev-tools/arm-none-eabi-gcc/10.3.1-2.3.1/.content/bin/../lib/gcc/arm-none-eabi/10.3.1/thumb/v6-m/nofp\libgcc.a(truncdfsf2.o)
 .ARM.attributes
                0x0000000000000a2c       0x1e c:/users/flynn/appdata/roaming/code/user/globalstorage/bmd.stm32-for-vscode/@xpack-dev-tools/arm-none-eabi-gcc/10.3.1-2.3.1/.content/bin/../lib/gcc/arm-none-eabi/10.3.1/thumb/v6-m/nofp\libgcc.a(_clzsi2.o)
 .ARM.attributes
                0x0000000000000a4a       0x1e c:/users/flynn/appdata/roaming/code/user/globalstorage/bmd.stm32-for-vscode/@xpack-dev-tools/arm-none-eabi-gcc/10.3.1-2.3.1/.content/bin/../lib/gcc/arm-none-eabi/10.3.1/thumb/v6-m/nofp\libgcc.a(_clzdi2.o)
 .ARM.attributes
                0x0000000000000a68       0x1e c:/users/flynn/appdata/roaming/code/user/globalstorage/bmd.stm32-for-vscode/@xpack-dev-tools/arm-none-eabi-gcc/10.3.1-2.3.1/.content/bin/../lib/gcc/arm-none-eabi/10.3.1/thumb/v6-m/nofp/crtn.o
OUTPUT(build/HPR_motor_controler_firmware.elf elf32-littlearm)
LOAD linker stubs
LOAD c:/users/flynn/appdata/roaming/code/user/globalstorage/bmd.stm32-for-vscode/@xpack-dev-tools/arm-none-eabi-gcc/10.3.1-2.3.1/.content/bin/../lib/gcc/arm-none-eabi/10.3.1/../../../../arm-none-eabi/lib/thumb/v6-m/nofp\libc.a
LOAD c:/users/flynn/appdata/roaming/code/user/globalstorage/bmd.stm32-for-vscode/@xpack-dev-tools/arm-none-eabi-gcc/10.3.1-2.3.1/.content/bin/../lib/gcc/arm-none-eabi/10.3.1/../../../../arm-none-eabi/lib/thumb/v6-m/nofp\libm.a
LOAD c:/users/flynn/appdata/roaming/code/user/globalstorage/bmd.stm32-for-vscode/@xpack-dev-tools/arm-none-eabi-gcc/10.3.1-2.3.1/.content/bin/../lib/gcc/arm-none-eabi/10.3.1/thumb/v6-m/nofp\libgcc.a

.comment        0x0000000000000000       0x43
 .comment       0x0000000000000000       0x43 c:/users/flynn/appdata/roaming/code/user/globalstorage/bmd.stm32-for-vscode/@xpack-dev-tools/arm-none-eabi-gcc/10.3.1-2.3.1/.content/bin/../lib/gcc/arm-none-eabi/10.3.1/thumb/v6-m/nofp/crtbegin.o
                                         0x44 (size before relaxing)
 .comment       0x0000000000000043       0x44 build/fsm.o
 .comment       0x0000000000000043       0x44 build/gpio.o
 .comment       0x0000000000000043       0x44 build/i2c.o
 .comment       0x0000000000000043       0x44 build/main.o
 .comment       0x0000000000000043       0x44 build/pwm.o
 .comment       0x0000000000000043       0x44 build/stm32l0xx_hal_msp.o
 .comment       0x0000000000000043       0x44 build/stm32l0xx_it.o
 .comment       0x0000000000000043       0x44 build/sysmem.o
 .comment       0x0000000000000043       0x44 build/system_stm32l0xx.o
 .comment       0x0000000000000043       0x44 build/tim.o
 .comment       0x0000000000000043       0x44 build/usart.o
 .comment       0x0000000000000043       0x44 build/stm32l0xx_hal.o
 .comment       0x0000000000000043       0x44 build/stm32l0xx_hal_cortex.o
 .comment       0x0000000000000043       0x44 build/stm32l0xx_hal_dma.o
 .comment       0x0000000000000043       0x44 build/stm32l0xx_hal_gpio.o
 .comment       0x0000000000000043       0x44 build/stm32l0xx_hal_i2c.o
 .comment       0x0000000000000043       0x44 build/stm32l0xx_hal_i2c_ex.o
 .comment       0x0000000000000043       0x44 build/stm32l0xx_hal_rcc.o
 .comment       0x0000000000000043       0x44 build/stm32l0xx_hal_rcc_ex.o
 .comment       0x0000000000000043       0x44 build/stm32l0xx_hal_tim.o
 .comment       0x0000000000000043       0x44 build/stm32l0xx_hal_tim_ex.o
 .comment       0x0000000000000043       0x44 build/stm32l0xx_hal_uart.o
 .comment       0x0000000000000043       0x44 build/stm32l0xx_hal_uart_ex.o
 .comment       0x0000000000000043       0x44 c:/users/flynn/appdata/roaming/code/user/globalstorage/bmd.stm32-for-vscode/@xpack-dev-tools/arm-none-eabi-gcc/10.3.1-2.3.1/.content/bin/../lib/gcc/arm-none-eabi/10.3.1/../../../../arm-none-eabi/lib/thumb/v6-m/nofp\libc_nano.a(lib_a-errno.o)
 .comment       0x0000000000000043       0x44 c:/users/flynn/appdata/roaming/code/user/globalstorage/bmd.stm32-for-vscode/@xpack-dev-tools/arm-none-eabi-gcc/10.3.1-2.3.1/.content/bin/../lib/gcc/arm-none-eabi/10.3.1/../../../../arm-none-eabi/lib/thumb/v6-m/nofp\libc_nano.a(lib_a-impure.o)
 .comment       0x0000000000000043       0x44 c:/users/flynn/appdata/roaming/code/user/globalstorage/bmd.stm32-for-vscode/@xpack-dev-tools/arm-none-eabi-gcc/10.3.1-2.3.1/.content/bin/../lib/gcc/arm-none-eabi/10.3.1/../../../../arm-none-eabi/lib/thumb/v6-m/nofp\libc_nano.a(lib_a-init.o)
 .comment       0x0000000000000043       0x44 c:/users/flynn/appdata/roaming/code/user/globalstorage/bmd.stm32-for-vscode/@xpack-dev-tools/arm-none-eabi-gcc/10.3.1-2.3.1/.content/bin/../lib/gcc/arm-none-eabi/10.3.1/../../../../arm-none-eabi/lib/thumb/v6-m/nofp\libc_nano.a(lib_a-memset.o)
 .comment       0x0000000000000043       0x44 c:/users/flynn/appdata/roaming/code/user/globalstorage/bmd.stm32-for-vscode/@xpack-dev-tools/arm-none-eabi-gcc/10.3.1-2.3.1/.content/bin/../lib/gcc/arm-none-eabi/10.3.1/../../../../arm-none-eabi/lib/thumb/v6-m/nofp\libc_nano.a(lib_a-sprintf.o)
 .comment       0x0000000000000043       0x44 c:/users/flynn/appdata/roaming/code/user/globalstorage/bmd.stm32-for-vscode/@xpack-dev-tools/arm-none-eabi-gcc/10.3.1-2.3.1/.content/bin/../lib/gcc/arm-none-eabi/10.3.1/../../../../arm-none-eabi/lib/thumb/v6-m/nofp\libc_nano.a(lib_a-nano-svfprintf.o)
 .comment       0x0000000000000043       0x44 c:/users/flynn/appdata/roaming/code/user/globalstorage/bmd.stm32-for-vscode/@xpack-dev-tools/arm-none-eabi-gcc/10.3.1-2.3.1/.content/bin/../lib/gcc/arm-none-eabi/10.3.1/../../../../arm-none-eabi/lib/thumb/v6-m/nofp\libc_nano.a(lib_a-nano-vfprintf_i.o)
 .comment       0x0000000000000043       0x44 c:/users/flynn/appdata/roaming/code/user/globalstorage/bmd.stm32-for-vscode/@xpack-dev-tools/arm-none-eabi-gcc/10.3.1-2.3.1/.content/bin/../lib/gcc/arm-none-eabi/10.3.1/../../../../arm-none-eabi/lib/thumb/v6-m/nofp\libc_nano.a(lib_a-memchr-stub.o)
 .comment       0x0000000000000043       0x44 c:/users/flynn/appdata/roaming/code/user/globalstorage/bmd.stm32-for-vscode/@xpack-dev-tools/arm-none-eabi-gcc/10.3.1-2.3.1/.content/bin/../lib/gcc/arm-none-eabi/10.3.1/../../../../arm-none-eabi/lib/thumb/v6-m/nofp\libc_nano.a(lib_a-memcpy-stub.o)
 .comment       0x0000000000000043       0x44 c:/users/flynn/appdata/roaming/code/user/globalstorage/bmd.stm32-for-vscode/@xpack-dev-tools/arm-none-eabi-gcc/10.3.1-2.3.1/.content/bin/../lib/gcc/arm-none-eabi/10.3.1/../../../../arm-none-eabi/lib/thumb/v6-m/nofp\libc_nano.a(lib_a-memmove.o)
 .comment       0x0000000000000043       0x44 c:/users/flynn/appdata/roaming/code/user/globalstorage/bmd.stm32-for-vscode/@xpack-dev-tools/arm-none-eabi-gcc/10.3.1-2.3.1/.content/bin/../lib/gcc/arm-none-eabi/10.3.1/../../../../arm-none-eabi/lib/thumb/v6-m/nofp\libc_nano.a(lib_a-nano-freer.o)
 .comment       0x0000000000000043       0x44 c:/users/flynn/appdata/roaming/code/user/globalstorage/bmd.stm32-for-vscode/@xpack-dev-tools/arm-none-eabi-gcc/10.3.1-2.3.1/.content/bin/../lib/gcc/arm-none-eabi/10.3.1/../../../../arm-none-eabi/lib/thumb/v6-m/nofp\libc_nano.a(lib_a-nano-mallocr.o)
 .comment       0x0000000000000043       0x44 c:/users/flynn/appdata/roaming/code/user/globalstorage/bmd.stm32-for-vscode/@xpack-dev-tools/arm-none-eabi-gcc/10.3.1-2.3.1/.content/bin/../lib/gcc/arm-none-eabi/10.3.1/../../../../arm-none-eabi/lib/thumb/v6-m/nofp\libc_nano.a(lib_a-nano-reallocr.o)
 .comment       0x0000000000000043       0x44 c:/users/flynn/appdata/roaming/code/user/globalstorage/bmd.stm32-for-vscode/@xpack-dev-tools/arm-none-eabi-gcc/10.3.1-2.3.1/.content/bin/../lib/gcc/arm-none-eabi/10.3.1/../../../../arm-none-eabi/lib/thumb/v6-m/nofp\libc_nano.a(lib_a-sbrkr.o)
 .comment       0x0000000000000043       0x44 c:/users/flynn/appdata/roaming/code/user/globalstorage/bmd.stm32-for-vscode/@xpack-dev-tools/arm-none-eabi-gcc/10.3.1-2.3.1/.content/bin/../lib/gcc/arm-none-eabi/10.3.1/../../../../arm-none-eabi/lib/thumb/v6-m/nofp\libc_nano.a(lib_a-mlock.o)
 .comment       0x0000000000000043       0x44 c:/users/flynn/appdata/roaming/code/user/globalstorage/bmd.stm32-for-vscode/@xpack-dev-tools/arm-none-eabi-gcc/10.3.1-2.3.1/.content/bin/../lib/gcc/arm-none-eabi/10.3.1/../../../../arm-none-eabi/lib/thumb/v6-m/nofp\libc_nano.a(lib_a-nano-msizer.o)
 .comment       0x0000000000000043       0x44 c:/users/flynn/appdata/roaming/code/user/globalstorage/bmd.stm32-for-vscode/@xpack-dev-tools/arm-none-eabi-gcc/10.3.1-2.3.1/.content/bin/../lib/gcc/arm-none-eabi/10.3.1/../../../../arm-none-eabi/lib/thumb/v6-m/nofp\libc_nano.a(lib_a-reent.o)
 .comment       0x0000000000000043       0x44 c:/users/flynn/appdata/roaming/code/user/globalstorage/bmd.stm32-for-vscode/@xpack-dev-tools/arm-none-eabi-gcc/10.3.1-2.3.1/.content/bin/../lib/gcc/arm-none-eabi/10.3.1/../../../../arm-none-eabi/lib/thumb/v6-m/nofp\libc_nano.a(lib_a-lock.o)
 .comment       0x0000000000000043       0x44 c:/users/flynn/appdata/roaming/code/user/globalstorage/bmd.stm32-for-vscode/@xpack-dev-tools/arm-none-eabi-gcc/10.3.1-2.3.1/.content/bin/../lib/gcc/arm-none-eabi/10.3.1/thumb/v6-m/nofp\libgcc.a(_muldi3.o)
 .comment       0x0000000000000043       0x44 c:/users/flynn/appdata/roaming/code/user/globalstorage/bmd.stm32-for-vscode/@xpack-dev-tools/arm-none-eabi-gcc/10.3.1-2.3.1/.content/bin/../lib/gcc/arm-none-eabi/10.3.1/thumb/v6-m/nofp\libgcc.a(_udivmoddi4.o)
 .comment       0x0000000000000043       0x44 c:/users/flynn/appdata/roaming/code/user/globalstorage/bmd.stm32-for-vscode/@xpack-dev-tools/arm-none-eabi-gcc/10.3.1-2.3.1/.content/bin/../lib/gcc/arm-none-eabi/10.3.1/thumb/v6-m/nofp\libgcc.a(addsf3.o)
 .comment       0x0000000000000043       0x44 c:/users/flynn/appdata/roaming/code/user/globalstorage/bmd.stm32-for-vscode/@xpack-dev-tools/arm-none-eabi-gcc/10.3.1-2.3.1/.content/bin/../lib/gcc/arm-none-eabi/10.3.1/thumb/v6-m/nofp\libgcc.a(divsf3.o)
 .comment       0x0000000000000043       0x44 c:/users/flynn/appdata/roaming/code/user/globalstorage/bmd.stm32-for-vscode/@xpack-dev-tools/arm-none-eabi-gcc/10.3.1-2.3.1/.content/bin/../lib/gcc/arm-none-eabi/10.3.1/thumb/v6-m/nofp\libgcc.a(mulsf3.o)
 .comment       0x0000000000000043       0x44 c:/users/flynn/appdata/roaming/code/user/globalstorage/bmd.stm32-for-vscode/@xpack-dev-tools/arm-none-eabi-gcc/10.3.1-2.3.1/.content/bin/../lib/gcc/arm-none-eabi/10.3.1/thumb/v6-m/nofp\libgcc.a(floatunsisf.o)
 .comment       0x0000000000000043       0x44 c:/users/flynn/appdata/roaming/code/user/globalstorage/bmd.stm32-for-vscode/@xpack-dev-tools/arm-none-eabi-gcc/10.3.1-2.3.1/.content/bin/../lib/gcc/arm-none-eabi/10.3.1/thumb/v6-m/nofp\libgcc.a(adddf3.o)
 .comment       0x0000000000000043       0x44 c:/users/flynn/appdata/roaming/code/user/globalstorage/bmd.stm32-for-vscode/@xpack-dev-tools/arm-none-eabi-gcc/10.3.1-2.3.1/.content/bin/../lib/gcc/arm-none-eabi/10.3.1/thumb/v6-m/nofp\libgcc.a(divdf3.o)
 .comment       0x0000000000000043       0x44 c:/users/flynn/appdata/roaming/code/user/globalstorage/bmd.stm32-for-vscode/@xpack-dev-tools/arm-none-eabi-gcc/10.3.1-2.3.1/.content/bin/../lib/gcc/arm-none-eabi/10.3.1/thumb/v6-m/nofp\libgcc.a(muldf3.o)
 .comment       0x0000000000000043       0x44 c:/users/flynn/appdata/roaming/code/user/globalstorage/bmd.stm32-for-vscode/@xpack-dev-tools/arm-none-eabi-gcc/10.3.1-2.3.1/.content/bin/../lib/gcc/arm-none-eabi/10.3.1/thumb/v6-m/nofp\libgcc.a(fixdfsi.o)
 .comment       0x0000000000000043       0x44 c:/users/flynn/appdata/roaming/code/user/globalstorage/bmd.stm32-for-vscode/@xpack-dev-tools/arm-none-eabi-gcc/10.3.1-2.3.1/.content/bin/../lib/gcc/arm-none-eabi/10.3.1/thumb/v6-m/nofp\libgcc.a(floatunsidf.o)
 .comment       0x0000000000000043       0x44 c:/users/flynn/appdata/roaming/code/user/globalstorage/bmd.stm32-for-vscode/@xpack-dev-tools/arm-none-eabi-gcc/10.3.1-2.3.1/.content/bin/../lib/gcc/arm-none-eabi/10.3.1/thumb/v6-m/nofp\libgcc.a(extendsfdf2.o)
 .comment       0x0000000000000043       0x44 c:/users/flynn/appdata/roaming/code/user/globalstorage/bmd.stm32-for-vscode/@xpack-dev-tools/arm-none-eabi-gcc/10.3.1-2.3.1/.content/bin/../lib/gcc/arm-none-eabi/10.3.1/thumb/v6-m/nofp\libgcc.a(truncdfsf2.o)

.debug_info     0x0000000000000000    0x185c2
 .debug_info    0x0000000000000000      0xf12 build/fsm.o
 .debug_info    0x0000000000000f12      0x423 build/gpio.o
 .debug_info    0x0000000000001335      0xb19 build/i2c.o
 .debug_info    0x0000000000001e4e      0xc34 build/main.o
 .debug_info    0x0000000000002a82      0x9bd build/pwm.o
 .debug_info    0x000000000000343f      0x211 build/stm32l0xx_hal_msp.o
 .debug_info    0x0000000000003650      0x785 build/stm32l0xx_it.o
 .debug_info    0x0000000000003dd5      0x18d build/sysmem.o
 .debug_info    0x0000000000003f62      0x383 build/system_stm32l0xx.o
 .debug_info    0x00000000000042e5      0xd29 build/tim.o
 .debug_info    0x000000000000500e      0xc01 build/usart.o
 .debug_info    0x0000000000005c0f      0x9d5 build/stm32l0xx_hal.o
 .debug_info    0x00000000000065e4      0x88b build/stm32l0xx_hal_cortex.o
 .debug_info    0x0000000000006e6f      0x906 build/stm32l0xx_hal_dma.o
 .debug_info    0x0000000000007775      0x763 build/stm32l0xx_hal_gpio.o
 .debug_info    0x0000000000007ed8     0x4169 build/stm32l0xx_hal_i2c.o
 .debug_info    0x000000000000c041      0x9de build/stm32l0xx_hal_i2c_ex.o
 .debug_info    0x000000000000ca1f      0xd6e build/stm32l0xx_hal_rcc.o
 .debug_info    0x000000000000d78d      0x5cc build/stm32l0xx_hal_rcc_ex.o
 .debug_info    0x000000000000dd59     0x3dc9 build/stm32l0xx_hal_tim.o
 .debug_info    0x0000000000011b22      0x78a build/stm32l0xx_hal_tim_ex.o
 .debug_info    0x00000000000122ac     0x5267 build/stm32l0xx_hal_uart.o
 .debug_info    0x0000000000017513     0x108d build/stm32l0xx_hal_uart_ex.o
 .debug_info    0x00000000000185a0       0x22 build/startup_stm32l031xx.o

.debug_abbrev   0x0000000000000000     0x2f3a
 .debug_abbrev  0x0000000000000000      0x2c7 build/fsm.o
 .debug_abbrev  0x00000000000002c7      0x163 build/gpio.o
 .debug_abbrev  0x000000000000042a      0x1f4 build/i2c.o
 .debug_abbrev  0x000000000000061e      0x234 build/main.o
 .debug_abbrev  0x0000000000000852      0x20a build/pwm.o
 .debug_abbrev  0x0000000000000a5c       0x9c build/stm32l0xx_hal_msp.o
 .debug_abbrev  0x0000000000000af8      0x168 build/stm32l0xx_it.o
 .debug_abbrev  0x0000000000000c60       0xea build/sysmem.o
 .debug_abbrev  0x0000000000000d4a      0x134 build/system_stm32l0xx.o
 .debug_abbrev  0x0000000000000e7e      0x229 build/tim.o
 .debug_abbrev  0x00000000000010a7      0x1f2 build/usart.o
 .debug_abbrev  0x0000000000001299      0x29c build/stm32l0xx_hal.o
 .debug_abbrev  0x0000000000001535      0x279 build/stm32l0xx_hal_cortex.o
 .debug_abbrev  0x00000000000017ae      0x21a build/stm32l0xx_hal_dma.o
 .debug_abbrev  0x00000000000019c8      0x211 build/stm32l0xx_hal_gpio.o
 .debug_abbrev  0x0000000000001bd9      0x2ba build/stm32l0xx_hal_i2c.o
 .debug_abbrev  0x0000000000001e93      0x1ac build/stm32l0xx_hal_i2c_ex.o
 .debug_abbrev  0x000000000000203f      0x2bf build/stm32l0xx_hal_rcc.o
 .debug_abbrev  0x00000000000022fe      0x1ef build/stm32l0xx_hal_rcc_ex.o
 .debug_abbrev  0x00000000000024ed      0x293 build/stm32l0xx_hal_tim.o
 .debug_abbrev  0x0000000000002780      0x1bf build/stm32l0xx_hal_tim_ex.o
 .debug_abbrev  0x000000000000293f      0x319 build/stm32l0xx_hal_uart.o
 .debug_abbrev  0x0000000000002c58      0x2d0 build/stm32l0xx_hal_uart_ex.o
 .debug_abbrev  0x0000000000002f28       0x12 build/startup_stm32l031xx.o

.debug_loc      0x0000000000000000    0x12df3
 .debug_loc     0x0000000000000000      0x312 build/fsm.o
 .debug_loc     0x0000000000000312       0x2c build/gpio.o
 .debug_loc     0x000000000000033e       0xfd build/i2c.o
 .debug_loc     0x000000000000043b       0x59 build/main.o
 .debug_loc     0x0000000000000494      0x1d9 build/pwm.o
 .debug_loc     0x000000000000066d       0x40 build/stm32l0xx_it.o
 .debug_loc     0x00000000000006ad       0xb3 build/sysmem.o
 .debug_loc     0x0000000000000760      0x20f build/system_stm32l0xx.o
 .debug_loc     0x000000000000096f       0x97 build/tim.o
 .debug_loc     0x0000000000000a06       0xed build/usart.o
 .debug_loc     0x0000000000000af3      0x212 build/stm32l0xx_hal.o
 .debug_loc     0x0000000000000d05      0x473 build/stm32l0xx_hal_cortex.o
 .debug_loc     0x0000000000001178      0x9f6 build/stm32l0xx_hal_dma.o
 .debug_loc     0x0000000000001b6e      0x44c build/stm32l0xx_hal_gpio.o
 .debug_loc     0x0000000000001fba     0x53e7 build/stm32l0xx_hal_i2c.o
 .debug_loc     0x00000000000073a1      0x290 build/stm32l0xx_hal_i2c_ex.o
 .debug_loc     0x0000000000007631      0x85c build/stm32l0xx_hal_rcc.o
 .debug_loc     0x0000000000007e8d      0x592 build/stm32l0xx_hal_rcc_ex.o
 .debug_loc     0x000000000000841f     0x5990 build/stm32l0xx_hal_tim.o
 .debug_loc     0x000000000000ddaf       0xce build/stm32l0xx_hal_tim_ex.o
 .debug_loc     0x000000000000de7d     0x4261 build/stm32l0xx_hal_uart.o
 .debug_loc     0x00000000000120de      0xd15 build/stm32l0xx_hal_uart_ex.o

.debug_aranges  0x0000000000000000      0xf28
 .debug_aranges
                0x0000000000000000       0x88 build/fsm.o
 .debug_aranges
                0x0000000000000088       0x20 build/gpio.o
 .debug_aranges
                0x00000000000000a8       0x30 build/i2c.o
 .debug_aranges
                0x00000000000000d8       0x30 build/main.o
 .debug_aranges
                0x0000000000000108       0x38 build/pwm.o
 .debug_aranges
                0x0000000000000140       0x20 build/stm32l0xx_hal_msp.o
 .debug_aranges
                0x0000000000000160       0x48 build/stm32l0xx_it.o
 .debug_aranges
                0x00000000000001a8       0x20 build/sysmem.o
 .debug_aranges
                0x00000000000001c8       0x28 build/system_stm32l0xx.o
 .debug_aranges
                0x00000000000001f0       0x38 build/tim.o
 .debug_aranges
                0x0000000000000228       0x30 build/usart.o
 .debug_aranges
                0x0000000000000258      0x110 build/stm32l0xx_hal.o
 .debug_aranges
                0x0000000000000368       0x78 build/stm32l0xx_hal_cortex.o
 .debug_aranges
                0x00000000000003e0       0x80 build/stm32l0xx_hal_dma.o
 .debug_aranges
                0x0000000000000460       0x58 build/stm32l0xx_hal_gpio.o
 .debug_aranges
                0x00000000000004b8      0x290 build/stm32l0xx_hal_i2c.o
 .debug_aranges
                0x0000000000000748       0x48 build/stm32l0xx_hal_i2c_ex.o
 .debug_aranges
                0x0000000000000790       0x80 build/stm32l0xx_hal_rcc.o
 .debug_aranges
                0x0000000000000810       0x58 build/stm32l0xx_hal_rcc_ex.o
 .debug_aranges
                0x0000000000000868      0x3d0 build/stm32l0xx_hal_tim.o
 .debug_aranges
                0x0000000000000c38       0x28 build/stm32l0xx_hal_tim_ex.o
 .debug_aranges
                0x0000000000000c60      0x228 build/stm32l0xx_hal_uart.o
 .debug_aranges
                0x0000000000000e88       0x78 build/stm32l0xx_hal_uart_ex.o
 .debug_aranges
                0x0000000000000f00       0x28 build/startup_stm32l031xx.o

.debug_ranges   0x0000000000000000      0xe40
 .debug_ranges  0x0000000000000000       0x78 build/fsm.o
 .debug_ranges  0x0000000000000078       0x10 build/gpio.o
 .debug_ranges  0x0000000000000088       0x20 build/i2c.o
 .debug_ranges  0x00000000000000a8       0x20 build/main.o
 .debug_ranges  0x00000000000000c8       0x28 build/pwm.o
 .debug_ranges  0x00000000000000f0       0x10 build/stm32l0xx_hal_msp.o
 .debug_ranges  0x0000000000000100       0x38 build/stm32l0xx_it.o
 .debug_ranges  0x0000000000000138       0x10 build/sysmem.o
 .debug_ranges  0x0000000000000148       0x18 build/system_stm32l0xx.o
 .debug_ranges  0x0000000000000160       0x28 build/tim.o
 .debug_ranges  0x0000000000000188       0x20 build/usart.o
 .debug_ranges  0x00000000000001a8      0x100 build/stm32l0xx_hal.o
 .debug_ranges  0x00000000000002a8       0xc8 build/stm32l0xx_hal_cortex.o
 .debug_ranges  0x0000000000000370       0x70 build/stm32l0xx_hal_dma.o
 .debug_ranges  0x00000000000003e0       0x48 build/stm32l0xx_hal_gpio.o
 .debug_ranges  0x0000000000000428      0x280 build/stm32l0xx_hal_i2c.o
 .debug_ranges  0x00000000000006a8       0x38 build/stm32l0xx_hal_i2c_ex.o
 .debug_ranges  0x00000000000006e0       0xa0 build/stm32l0xx_hal_rcc.o
 .debug_ranges  0x0000000000000780       0x48 build/stm32l0xx_hal_rcc_ex.o
 .debug_ranges  0x00000000000007c8      0x3c0 build/stm32l0xx_hal_tim.o
 .debug_ranges  0x0000000000000b88       0x18 build/stm32l0xx_hal_tim_ex.o
 .debug_ranges  0x0000000000000ba0      0x218 build/stm32l0xx_hal_uart.o
 .debug_ranges  0x0000000000000db8       0x68 build/stm32l0xx_hal_uart_ex.o
 .debug_ranges  0x0000000000000e20       0x20 build/startup_stm32l031xx.o

.debug_line     0x0000000000000000    0x136d5
 .debug_line    0x0000000000000000      0x5e6 build/fsm.o
 .debug_line    0x00000000000005e6      0x275 build/gpio.o
 .debug_line    0x000000000000085b      0x3b5 build/i2c.o
 .debug_line    0x0000000000000c10      0x415 build/main.o
 .debug_line    0x0000000000001025      0x36a build/pwm.o
 .debug_line    0x000000000000138f      0x1f5 build/stm32l0xx_hal_msp.o
 .debug_line    0x0000000000001584      0x2f2 build/stm32l0xx_it.o
 .debug_line    0x0000000000001876      0x2b9 build/sysmem.o
 .debug_line    0x0000000000001b2f      0x2ff build/system_stm32l0xx.o
 .debug_line    0x0000000000001e2e      0x41e build/tim.o
 .debug_line    0x000000000000224c      0x3a2 build/usart.o
 .debug_line    0x00000000000025ee      0x69c build/stm32l0xx_hal.o
 .debug_line    0x0000000000002c8a      0x5a9 build/stm32l0xx_hal_cortex.o
 .debug_line    0x0000000000003233      0xa1b build/stm32l0xx_hal_dma.o
 .debug_line    0x0000000000003c4e      0x6ed build/stm32l0xx_hal_gpio.o
 .debug_line    0x000000000000433b     0x49b3 build/stm32l0xx_hal_i2c.o
 .debug_line    0x0000000000008cee      0x553 build/stm32l0xx_hal_i2c_ex.o
 .debug_line    0x0000000000009241      0xdeb build/stm32l0xx_hal_rcc.o
 .debug_line    0x000000000000a02c      0x713 build/stm32l0xx_hal_rcc_ex.o
 .debug_line    0x000000000000a73f     0x419f build/stm32l0xx_hal_tim.o
 .debug_line    0x000000000000e8de      0x396 build/stm32l0xx_hal_tim_ex.o
 .debug_line    0x000000000000ec74     0x3e04 build/stm32l0xx_hal_uart.o
 .debug_line    0x0000000000012a78      0xbe6 build/stm32l0xx_hal_uart_ex.o
 .debug_line    0x000000000001365e       0x77 build/startup_stm32l031xx.o

.debug_str      0x0000000000000000     0x44c0
 .debug_str     0x0000000000000000      0x813 build/fsm.o
                                        0x8d7 (size before relaxing)
 .debug_str     0x0000000000000813      0x111 build/gpio.o
                                        0x2e9 (size before relaxing)
 .debug_str     0x0000000000000924      0x31d build/i2c.o
                                        0x825 (size before relaxing)
 .debug_str     0x0000000000000c41      0x293 build/main.o
                                        0x8ca (size before relaxing)
 .debug_str     0x0000000000000ed4      0x3a3 build/pwm.o
                                        0x732 (size before relaxing)
 .debug_str     0x0000000000001277       0x29 build/stm32l0xx_hal_msp.o
                                        0x22d (size before relaxing)
 .debug_str     0x00000000000012a0       0x93 build/stm32l0xx_it.o
                                        0x60c (size before relaxing)
 .debug_str     0x0000000000001333       0x7a build/sysmem.o
                                        0x202 (size before relaxing)
 .debug_str     0x00000000000013ad       0xa4 build/system_stm32l0xx.o
                                        0x2ba (size before relaxing)
 .debug_str     0x0000000000001451      0x1c2 build/tim.o
                                        0x96d (size before relaxing)
 .debug_str     0x0000000000001613      0x1c5 build/usart.o
                                        0x8ce (size before relaxing)
 .debug_str     0x00000000000017d8      0x3ff build/stm32l0xx_hal.o
                                        0x7f6 (size before relaxing)
 .debug_str     0x0000000000001bd7      0x270 build/stm32l0xx_hal_cortex.o
                                        0x5a5 (size before relaxing)
 .debug_str     0x0000000000001e47      0x264 build/stm32l0xx_hal_dma.o
                                        0x62e (size before relaxing)
 .debug_str     0x00000000000020ab       0xf2 build/stm32l0xx_hal_gpio.o
                                        0x43a (size before relaxing)
 .debug_str     0x000000000000219d      0x874 build/stm32l0xx_hal_i2c.o
                                        0xf65 (size before relaxing)
 .debug_str     0x0000000000002a11       0xb5 build/stm32l0xx_hal_i2c_ex.o
                                        0x824 (size before relaxing)
 .debug_str     0x0000000000002ac6      0x1d2 build/stm32l0xx_hal_rcc.o
                                        0x6da (size before relaxing)
 .debug_str     0x0000000000002c98      0x11d build/stm32l0xx_hal_rcc_ex.o
                                        0x4b0 (size before relaxing)
 .debug_str     0x0000000000002db5      0xd65 build/stm32l0xx_hal_tim.o
                                       0x1574 (size before relaxing)
 .debug_str     0x0000000000003b1a       0x54 build/stm32l0xx_hal_tim_ex.o
                                        0x729 (size before relaxing)
 .debug_str     0x0000000000003b6e      0x754 build/stm32l0xx_hal_uart.o
                                        0xf35 (size before relaxing)
 .debug_str     0x00000000000042c2      0x1da build/stm32l0xx_hal_uart_ex.o
                                        0x8d4 (size before relaxing)
 .debug_str     0x000000000000449c       0x24 build/startup_stm32l031xx.o
                                         0x58 (size before relaxing)

.debug_frame    0x0000000000000000     0x2700
 .debug_frame   0x0000000000000000      0x13c build/fsm.o
 .debug_frame   0x000000000000013c       0x30 build/gpio.o
 .debug_frame   0x000000000000016c       0x5c build/i2c.o
 .debug_frame   0x00000000000001c8       0x50 build/main.o
 .debug_frame   0x0000000000000218       0x80 build/pwm.o
 .debug_frame   0x0000000000000298       0x20 build/stm32l0xx_hal_msp.o
 .debug_frame   0x00000000000002b8       0x80 build/stm32l0xx_it.o
 .debug_frame   0x0000000000000338       0x28 build/sysmem.o
 .debug_frame   0x0000000000000360       0x38 build/system_stm32l0xx.o
 .debug_frame   0x0000000000000398       0x64 build/tim.o
 .debug_frame   0x00000000000003fc       0x5c build/usart.o
 .debug_frame   0x0000000000000458      0x22c build/stm32l0xx_hal.o
 .debug_frame   0x0000000000000684       0xe4 build/stm32l0xx_hal_cortex.o
 .debug_frame   0x0000000000000768      0x150 build/stm32l0xx_hal_dma.o
 .debug_frame   0x00000000000008b8       0xc0 build/stm32l0xx_hal_gpio.o
 .debug_frame   0x0000000000000978      0x860 build/stm32l0xx_hal_i2c.o
 .debug_frame   0x00000000000011d8       0xa8 build/stm32l0xx_hal_i2c_ex.o
 .debug_frame   0x0000000000001280      0x144 build/stm32l0xx_hal_rcc.o
 .debug_frame   0x00000000000013c4       0xac build/stm32l0xx_hal_rcc_ex.o
 .debug_frame   0x0000000000001470      0xad0 build/stm32l0xx_hal_tim.o
 .debug_frame   0x0000000000001f40       0x3c build/stm32l0xx_hal_tim_ex.o
 .debug_frame   0x0000000000001f7c      0x63c build/stm32l0xx_hal_uart.o
 .debug_frame   0x00000000000025b8      0x148 build/stm32l0xx_hal_uart_ex.o

Cross Reference Table

Symbol                                            File
ADC1_COMP_IRQHandler                              build/startup_stm32l031xx.o
AHBPrescTable                                     build/system_stm32l0xx.o
                                                  build/stm32l0xx_hal_rcc.o
APBPrescTable                                     build/system_stm32l0xx.o
                                                  build/stm32l0xx_hal_rcc.o
DMA1_Channel1_IRQHandler                          build/startup_stm32l031xx.o
DMA1_Channel2_3_IRQHandler                        build/startup_stm32l031xx.o
DMA1_Channel4_5_6_7_IRQHandler                    build/startup_stm32l031xx.o
Default_Handler                                   build/startup_stm32l031xx.o
EXTI0_1_IRQHandler                                build/startup_stm32l031xx.o
EXTI2_3_IRQHandler                                build/startup_stm32l031xx.o
EXTI4_15_IRQHandler                               build/startup_stm32l031xx.o
Error_Handler                                     build/main.o
                                                  build/usart.o
                                                  build/tim.o
                                                  build/i2c.o
FLASH_IRQHandler                                  build/startup_stm32l031xx.o
FLASH_PageErase                                   build/stm32l0xx_hal_flash_ex.o